BL51 BANKED LINKER/LOCATER V5.12                                                        02/19/2014  16:34:22  PAGE 1


BL51 BANKED LINKER/LOCATER V5.12, INVOKED BY:
C:\KEIL\C51\BIN\BL51.EXE .\Obj\STARTUP.obj, .\Obj\main.obj, .\Obj\s6d0154.obj, .\Obj\serial.obj TO .\Obj\DisplayTerminal
>> TFT PRINT (.\Lst\DisplayTerminalTFT.m51) RAMSIZE (256)


MEMORY MODEL: COMPACT


INPUT MODULES INCLUDED:
  .\Obj\STARTUP.obj (?C_STARTUP)
  .\Obj\main.obj (MAIN)
  .\Obj\s6d0154.obj (S6D0154)
  .\Obj\serial.obj (SERIAL)
  C:\KEIL\C51\LIB\C51C.LIB (?C_INIT)
  C:\KEIL\C51\LIB\C51C.LIB (?C?COPY)
  C:\KEIL\C51\LIB\C51C.LIB (?C?CLDPTR)
  C:\KEIL\C51\LIB\C51C.LIB (?C?IMUL)
  C:\KEIL\C51\LIB\C51C.LIB (?C?OFFXADD)


LINK MAP OF MODULE:  .\Obj\DisplayTerminalTFT (?C_STARTUP)


            TYPE    BASE      LENGTH    RELOCATION   SEGMENT NAME
            -----------------------------------------------------

            * * * * * * *   D A T A   M E M O R Y   * * * * * * *
            REG     0000H     0008H     ABSOLUTE     "REG BANK 0"
            IDATA   0008H     0001H     UNIT         ?STACK

            * * * * * * *  X D A T A   M E M O R Y  * * * * * * *
            XDATA   0000H     0004H     INPAGE       ?PD?DISPLAY_RED?S6D0154
            XDATA   0004H     0002H     INPAGE       ?PD?DISPLAY_GREEN?S6D0154
            XDATA   0006H     0002H     INPAGE       ?PD?DISPLAY_BLUE?S6D0154
            XDATA   0008H     0004H     INPAGE       ?PD?DISPLAY_BLACK?S6D0154
            XDATA   000CH     0012H     INPAGE       ?PD?S6D0154
            XDATA   001EH     0038H     INPAGE       ?PD?SERIAL
            XDATA   0056H     003AH     INPAGE       _PDATA_GROUP_

            * * * * * * *   C O D E   M E M O R Y   * * * * * * *
            CODE    0000H     0003H     ABSOLUTE     
            CODE    0003H     0004H     UNIT         ?PR?SOFT_RESET_TO_ISP_MONITOR?SERIAL
                    0007H     0004H                  *** GAP ***
            CODE    000BH     0003H     ABSOLUTE     
            CODE    000EH     0015H     UNIT         ?PR?MAIN?MAIN
            CODE    0023H     0003H     ABSOLUTE     
            CODE    0026H     9500H     UNIT         ?CO?S6D0154
            CODE    9526H     0792H     UNIT         ?PR?DISPLAY_RUNNING_REFRESH?S6D0154
            CODE    9CB8H     04EBH     UNIT         ?PR?DISPLAY_RUNNING?S6D0154
            CODE    A1A3H     0225H     UNIT         ?PR?LCD_INIT?S6D0154
            CODE    A3C8H     01B0H     UNIT         ?PR?_CHINESECHAR?S6D0154
            CODE    A578H     018CH     UNIT         ?PR?DISPLAY_RUNNING3?S6D0154
            CODE    A704H     018BH     UNIT         ?PR?DISPLAY_RUNNING1?S6D0154
            CODE    A88FH     018BH     UNIT         ?PR?DISPLAY_RUNNING2?S6D0154
            CODE    AA1AH     0141H     UNIT         ?PR?_LCD_SHOWCHAR?S6D0154
            CODE    AB5BH     012DH     UNIT         ?C?LIB_CODE
            CODE    AC88H     009FH     UNIT         ?PR?DISPLAY_LODING?S6D0154
            CODE    AD27H     009CH     UNIT         ?PR?DISPLAY_BLACK?S6D0154
BL51 BANKED LINKER/LOCATER V5.12                                                      02/19/2014  16:34:22  PAGE 2


            CODE    ADC3H     008CH     UNIT         ?C_C51STARTUP
            CODE    AE4FH     007CH     UNIT         ?PR?_CHINESESTRING?S6D0154
            CODE    AECBH     007BH     UNIT         ?PR?_LCD_SHOWSTRING?S6D0154
            CODE    AF46H     0072H     UNIT         ?PR?_ADDRESS_SET?S6D0154
            CODE    AFB8H     006BH     UNIT         ?PR?UART_INTERRUPT_RECEIVE?SERIAL
            CODE    B023H     0052H     UNIT         ?C_INITSEG
            CODE    B075H     004FH     UNIT         ?PR?DISPLAY_BLUE?S6D0154
            CODE    B0C4H     0044H     UNIT         ?PR?DISPLAY_RED?S6D0154
            CODE    B108H     003AH     UNIT         ?PR?DISPLAY_LOADING_IMAGE?S6D0154
            CODE    B142H     003AH     UNIT         ?PR?DISPLAY_RUNNING_IMAGE?S6D0154
            CODE    B17CH     0039H     UNIT         ?PR?DISPLAY_GREEN?S6D0154
            CODE    B1B5H     0033H     UNIT         ?PR?DISPLAY_WHITE?S6D0154
            CODE    B1E8H     0021H     UNIT         ?PR?_DELAYMS?SERIAL
            CODE    B209H     001FH     UNIT         ?PR?INITSYS?MAIN
            CODE    B228H     0019H     UNIT         ?PR?_WRITE_DATA?S6D0154
            CODE    B241H     0018H     UNIT         ?PR?_WRITE_COMD?S6D0154
            CODE    B259H     0012H     UNIT         ?PR?_SERIALSEND?SERIAL
            CODE    B26BH     000EH     UNIT         ?PR?_LCD_WRITE_DATA?S6D0154
            CODE    B279H     000BH     UNIT         ?PR?TIME0?MAIN
            CODE    B284H     000BH     UNIT         ?PR?_LCD_WRIT_BUS?S6D0154
            CODE    B28FH     0009H     UNIT         ?PR?_LCD_WRITE_COM?S6D0154



OVERLAY MAP OF MODULE:   .\Obj\DisplayTerminalTFT (?C_STARTUP)


SEGMENT                                        PDATA_GROUP
  +--> CALLED SEGMENT                        START    LENGTH
------------------------------------------------------------
?C_C51STARTUP                                -----    -----
  +--> ?PR?MAIN?MAIN
  +--> ?C_INITSEG

?PR?MAIN?MAIN                                -----    -----
  +--> ?PR?INITSYS?MAIN
  +--> ?PR?LCD_INIT?S6D0154
  +--> ?PR?DISPLAY_RUNNING?S6D0154
  +--> ?PR?DISPLAY_RUNNING_REFRESH?S6D0154
  +--> ?PR?_DELAYMS?SERIAL

?PR?LCD_INIT?S6D0154                         -----    -----
  +--> ?PR?_DELAYMS?SERIAL
  +--> ?PR?_LCD_WRITE_COM?S6D0154
  +--> ?PR?_LCD_WRITE_DATA?S6D0154

?PR?_LCD_WRITE_COM?S6D0154                   -----    -----
  +--> ?PR?_LCD_WRIT_BUS?S6D0154

?PR?_LCD_WRITE_DATA?S6D0154                  -----    -----
  +--> ?PR?_LCD_WRIT_BUS?S6D0154

?PR?DISPLAY_RUNNING?S6D0154                  -----    -----
  +--> ?PR?DISPLAY_WHITE?S6D0154
  +--> ?PR?DISPLAY_RUNNING_IMAGE?S6D0154
  +--> ?CO?S6D0154
  +--> ?PR?_CHINESESTRING?S6D0154
BL51 BANKED LINKER/LOCATER V5.12                                                      02/19/2014  16:34:22  PAGE 3


  +--> ?PR?_LCD_SHOWSTRING?S6D0154

?PR?DISPLAY_WHITE?S6D0154                    0056H    0002H
  +--> ?PR?_ADDRESS_SET?S6D0154
  +--> ?PR?_WRITE_DATA?S6D0154

?PR?_ADDRESS_SET?S6D0154                     0088H    0008H
  +--> ?PR?_LCD_WRITE_COM?S6D0154
  +--> ?PR?_LCD_WRITE_DATA?S6D0154

?PR?DISPLAY_RUNNING_IMAGE?S6D0154            -----    -----
  +--> ?PR?_ADDRESS_SET?S6D0154
  +--> ?CO?S6D0154

?PR?_CHINESESTRING?S6D0154                   0056H    000DH
  +--> ?PR?_CHINESECHAR?S6D0154

?PR?_CHINESECHAR?S6D0154                     0063H    0025H
  +--> ?CO?S6D0154
  +--> ?PR?_ADDRESS_SET?S6D0154
  +--> ?PR?_LCD_WRITE_DATA?S6D0154

?PR?_LCD_SHOWSTRING?S6D0154                  0056H    000DH
  +--> ?PR?_LCD_SHOWCHAR?S6D0154

?PR?_LCD_SHOWCHAR?S6D0154                    0063H    0013H
  +--> ?PR?_ADDRESS_SET?S6D0154
  +--> ?CO?S6D0154
  +--> ?PR?_LCD_WRITE_DATA?S6D0154

?PR?DISPLAY_RUNNING_REFRESH?S6D0154          -----    -----
  +--> ?PR?_LCD_SHOWCHAR?S6D0154
  +--> ?CO?S6D0154
  +--> ?PR?_CHINESESTRING?S6D0154

*** NEW ROOT ***************************************************

?PR?UART_INTERRUPT_RECEIVE?SERIAL            -----    -----
  +--> ?PR?_DELAYMS?SERIAL
  +--> ?PR?SOFT_RESET_TO_ISP_MONITOR?SERIAL



SYMBOL TABLE OF MODULE:  .\Obj\DisplayTerminalTFT (?C_STARTUP)

  VALUE           TYPE          NAME
  ----------------------------------

  -------         MODULE        ?C_STARTUP
  C:ADC3H         SEGMENT       ?C_C51STARTUP
  I:0008H         SEGMENT       ?STACK
  C:0000H         PUBLIC        ?C_STARTUP
  D:00E0H         SYMBOL        ACC
  D:00F0H         SYMBOL        B
  D:0083H         SYMBOL        DPH
  D:0082H         SYMBOL        DPL
  N:0000H         SYMBOL        IBPSTACK
BL51 BANKED LINKER/LOCATER V5.12                                                      02/19/2014  16:34:22  PAGE 4


  N:0100H         SYMBOL        IBPSTACKTOP
  N:0080H         SYMBOL        IDATALEN
  C:ADC6H         SYMBOL        IDATALOOP
  N:0000H         SYMBOL        PBPSTACK
  N:0000H         SYMBOL        PBPSTACKTOP
  N:0000H         SYMBOL        PDATALEN
  N:0000H         SYMBOL        PDATASTART
  N:0000H         SYMBOL        PPAGE
  N:0000H         SYMBOL        PPAGEENABLE
  D:00A0H         SYMBOL        PPAGE_SFR
  D:0081H         SYMBOL        SP
  C:ADC3H         SYMBOL        STARTUP1
  N:0000H         SYMBOL        XBPSTACK
  N:0000H         SYMBOL        XBPSTACKTOP
  N:0000H         SYMBOL        XDATALEN
  N:0000H         SYMBOL        XDATASTART
  C:0000H         LINE#         92
  C:ADC3H         LINE#         99
  C:ADC5H         LINE#         100
  C:ADC6H         LINE#         101
  C:ADC7H         LINE#         102
  C:ADC9H         LINE#         151
  C:ADCCH         LINE#         155
  -------         ENDMOD        ?C_STARTUP

  -------         MODULE        MAIN
  C:0000H         SYMBOL        _ICE_DUMMY_
  D:0090H         PUBLIC        P1
  B:00A8H.7       PUBLIC        EA
  D:00A8H         PUBLIC        IE
  B:00A8H.4       PUBLIC        ES
  D:00B8H         PUBLIC        IP
  D:00D8H         PUBLIC        CCON
  C:000EH         PUBLIC        main
  D:0087H         PUBLIC        PCON
  D:0098H         PUBLIC        SCON
  D:0089H         PUBLIC        TMOD
  D:0088H         PUBLIC        TCON
  B:00A8H.1       PUBLIC        ET0
  B:00A8H.3       PUBLIC        ET1
  D:008CH         PUBLIC        TH0
  D:008DH         PUBLIC        TH1
  D:008AH         PUBLIC        TL0
  D:008BH         PUBLIC        TL1
  B:0088H.4       PUBLIC        TR0
  C:B209H         PUBLIC        InitSys
  B:0088H.6       PUBLIC        TR1
  C:B279H         PUBLIC        time0
  D:00D0H         PUBLIC        PSW
  -------         PROC          TIME0
  C:B279H         LINE#         22
  C:B279H         LINE#         24
  C:B27BH         LINE#         25
  C:B27EH         LINE#         26
  C:B281H         LINE#         27
  C:B283H         LINE#         28
  -------         ENDPROC       TIME0
BL51 BANKED LINKER/LOCATER V5.12                                                      02/19/2014  16:34:22  PAGE 5


  -------         PROC          INITSYS
  C:B209H         LINE#         31
  C:B209H         LINE#         32
  C:B209H         LINE#         33
  C:B20BH         LINE#         34
  C:B20EH         LINE#         35
  C:B211H         LINE#         36
  C:B214H         LINE#         37
  C:B217H         LINE#         38
  C:B21AH         LINE#         39
  C:B21DH         LINE#         40
  C:B21FH         LINE#         41
  C:B221H         LINE#         42
  C:B223H         LINE#         43
  C:B225H         LINE#         44
  C:B227H         LINE#         45
  -------         ENDPROC       INITSYS
  -------         PROC          MAIN
  C:000EH         LINE#         48
  C:000EH         LINE#         49
  C:000EH         LINE#         50
  C:0011H         LINE#         51
  C:0014H         LINE#         52
  C:0017H         LINE#         53
  C:0017H         LINE#         54
  C:0017H         LINE#         55
  C:001AH         LINE#         56
  C:0021H         LINE#         58
  -------         ENDPROC       MAIN
  -------         ENDMOD        MAIN

  -------         MODULE        S6D0154
  C:B228H         SEGMENT       ?PR?_WRITE_DATA?S6D0154
  C:B241H         SEGMENT       ?PR?_WRITE_COMD?S6D0154
  C:B0C4H         SEGMENT       ?PR?DISPLAY_RED?S6D0154
  X:0000H         SEGMENT       ?PD?DISPLAY_RED?S6D0154
  C:B17CH         SEGMENT       ?PR?DISPLAY_GREEN?S6D0154
  X:0004H         SEGMENT       ?PD?DISPLAY_GREEN?S6D0154
  C:B075H         SEGMENT       ?PR?DISPLAY_BLUE?S6D0154
  X:0006H         SEGMENT       ?PD?DISPLAY_BLUE?S6D0154
  C:B1B5H         SEGMENT       ?PR?DISPLAY_WHITE?S6D0154
  X:0056H         SEGMENT       ?PD?DISPLAY_WHITE?S6D0154
  C:AD27H         SEGMENT       ?PR?DISPLAY_BLACK?S6D0154
  X:0008H         SEGMENT       ?PD?DISPLAY_BLACK?S6D0154
  C:AF46H         SEGMENT       ?PR?_ADDRESS_SET?S6D0154
  X:0088H         SEGMENT       ?PD?_ADDRESS_SET?S6D0154
  C:A3C8H         SEGMENT       ?PR?_CHINESECHAR?S6D0154
  X:0063H         SEGMENT       ?PD?_CHINESECHAR?S6D0154
  C:AE4FH         SEGMENT       ?PR?_CHINESESTRING?S6D0154
  X:0056H         SEGMENT       ?PD?_CHINESESTRING?S6D0154
  C:AA1AH         SEGMENT       ?PR?_LCD_SHOWCHAR?S6D0154
  X:0063H         SEGMENT       ?PD?_LCD_SHOWCHAR?S6D0154
  C:AECBH         SEGMENT       ?PR?_LCD_SHOWSTRING?S6D0154
  X:0056H         SEGMENT       ?PD?_LCD_SHOWSTRING?S6D0154
  C:AC88H         SEGMENT       ?PR?DISPLAY_LODING?S6D0154
  C:B108H         SEGMENT       ?PR?DISPLAY_LOADING_IMAGE?S6D0154
  C:9CB8H         SEGMENT       ?PR?DISPLAY_RUNNING?S6D0154
BL51 BANKED LINKER/LOCATER V5.12                                                      02/19/2014  16:34:22  PAGE 6


  C:9526H         SEGMENT       ?PR?DISPLAY_RUNNING_REFRESH?S6D0154
  C:A704H         SEGMENT       ?PR?DISPLAY_RUNNING1?S6D0154
  C:A88FH         SEGMENT       ?PR?DISPLAY_RUNNING2?S6D0154
  C:A578H         SEGMENT       ?PR?DISPLAY_RUNNING3?S6D0154
  C:B142H         SEGMENT       ?PR?DISPLAY_RUNNING_IMAGE?S6D0154
  C:B284H         SEGMENT       ?PR?_LCD_WRIT_BUS?S6D0154
  C:B28FH         SEGMENT       ?PR?_LCD_WRITE_COM?S6D0154
  C:B26BH         SEGMENT       ?PR?_LCD_WRITE_DATA?S6D0154
  C:A1A3H         SEGMENT       ?PR?LCD_INIT?S6D0154
  C:0026H         SEGMENT       ?CO?S6D0154
  C:B023H         SEGMENT       ?C_INITSEG
  X:000CH         SEGMENT       ?PD?S6D0154
  X:0088H         PUBLIC        ?_ADDRESS_SET?BYTE
  X:0063H         PUBLIC        ?_CHINESECHAR?BYTE
  X:0056H         PUBLIC        ?_CHINESESTRING?BYTE
  X:0063H         PUBLIC        ?_LCD_SHOWCHAR?BYTE
  X:0056H         PUBLIC        ?_LCD_SHOWSTRING?BYTE
  X:000CH         PUBLIC        COLORS
  C:AD27H         PUBLIC        DISPLAY_BLACK
  C:B075H         PUBLIC        DISPLAY_BLUE
  C:B17CH         PUBLIC        DISPLAY_GREEN
  C:B108H         PUBLIC        DISPLAY_LOADING_IMAGE
  C:AC88H         PUBLIC        DISPLAY_LODING
  C:B0C4H         PUBLIC        DISPLAY_RED
  C:9CB8H         PUBLIC        DISPLAY_RUNNING
  C:A704H         PUBLIC        DISPLAY_RUNNING1
  C:A88FH         PUBLIC        DISPLAY_RUNNING2
  C:A578H         PUBLIC        DISPLAY_RUNNING3
  C:B142H         PUBLIC        DISPLAY_RUNNING_IMAGE
  C:9526H         PUBLIC        DISPLAY_RUNNING_REFRESH
  C:B1B5H         PUBLIC        DISPLAY_WHITE
  C:831DH         PUBLIC        FONT16X24
  C:82BDH         PUBLIC        HZ16
  C:7855H         PUBLIC        HZ24
  C:7645H         PUBLIC        HZ32
  C:A1A3H         PUBLIC        LCD_INIT
  C:0205H         PUBLIC        RASPBERRYPILOGOBIG
  C:5ED5H         PUBLIC        RASPBERRYPILOGOSMALL
  C:AF5AH         PUBLIC        _ADDRESS_SET
  C:A3D2H         PUBLIC        _CHINESECHAR
  C:AE59H         PUBLIC        _CHINESESTRING
  C:AA21H         PUBLIC        _LCD_SHOWCHAR
  C:AED6H         PUBLIC        _LCD_SHOWSTRING
  C:B293H         PUBLIC        _LCD_WRITE_COM
  C:B274H         PUBLIC        _LCD_WRITE_DATA
  C:B284H         PUBLIC        _LCD_WRIT_BUS
  C:B248H         PUBLIC        _WRITE_COMD
  C:B230H         PUBLIC        _WRITE_DATA
  C:B0D8H         SYMBOL        ?C0003
  C:B105H         SYMBOL        ?C0004
  C:B0EFH         SYMBOL        ?C0005
  C:B0DBH         SYMBOL        ?C0006
  C:B187H         SYMBOL        ?C0010
  C:B1B2H         SYMBOL        ?C0011
  C:B19CH         SYMBOL        ?C0012
  C:B18AH         SYMBOL        ?C0013
  C:B093H         SYMBOL        ?C0017
BL51 BANKED LINKER/LOCATER V5.12                                                      02/19/2014  16:34:22  PAGE 7


  C:B0C1H         SYMBOL        ?C0018
  C:B0ABH         SYMBOL        ?C0019
  C:B096H         SYMBOL        ?C0020
  C:B1BEH         SYMBOL        ?C0024
  C:B1E5H         SYMBOL        ?C0025
  C:B1CFH         SYMBOL        ?C0026
  C:B1C1H         SYMBOL        ?C0027
  C:AD2DH         SYMBOL        ?C0031
  C:AD3BH         SYMBOL        ?C0032
  C:AD3EH         SYMBOL        ?C0034
  C:ADAFH         SYMBOL        ?C0035
  C:ADA0H         SYMBOL        ?C0036
  C:AD44H         SYMBOL        ?C0037
  C:AD5DH         SYMBOL        ?C0038
  C:AD63H         SYMBOL        ?C0040
  C:AD81H         SYMBOL        ?C0041
  C:AD87H         SYMBOL        ?C0043
  C:ADB2H         SYMBOL        ?C0046
  C:ADC0H         SYMBOL        ?C0047
  C:A42BH         SYMBOL        ?C0051
  C:A469H         SYMBOL        ?C0052
  C:A44EH         SYMBOL        ?C0053
  C:A4CDH         SYMBOL        ?C0056
  C:A575H         SYMBOL        ?C0057
  C:A567H         SYMBOL        ?C0058
  C:A519H         SYMBOL        ?C0059
  C:A511H         SYMBOL        ?C0060
  C:A521H         SYMBOL        ?C0062
  C:A527H         SYMBOL        ?C0063
  C:A55AH         SYMBOL        ?C0065
  C:A555H         SYMBOL        ?C0066
  C:AE6CH         SYMBOL        ?C0069
  C:AECAH         SYMBOL        ?C0071
  C:AA45H         SYMBOL        ?C0072
  C:AA45H         SYMBOL        ?C0073
  C:AA7FH         SYMBOL        ?C0075
  C:AB5AH         SYMBOL        ?C0077
  C:AADFH         SYMBOL        ?C0078
  C:AB58H         SYMBOL        ?C0079
  C:AB51H         SYMBOL        ?C0080
  C:AB1CH         SYMBOL        ?C0081
  C:AB1CH         SYMBOL        ?C0082
  C:AB20H         SYMBOL        ?C0084
  C:AB34H         SYMBOL        ?C0087
  C:AB40H         SYMBOL        ?C0088
  C:AEE9H         SYMBOL        ?C0089
  C:AF45H         SYMBOL        ?C0091
  C:B128H         SYMBOL        ?C0093
  C:B13FH         SYMBOL        ?C0094
  C:B13AH         SYMBOL        ?C0095
  C:B12AH         SYMBOL        ?C0096
  C:96B4H         SYMBOL        ?C0101
  C:96E1H         SYMBOL        ?C0102
  C:970EH         SYMBOL        ?C0103
  C:9741H         SYMBOL        ?C0104
  C:B162H         SYMBOL        ?C0109
  C:B179H         SYMBOL        ?C0110
BL51 BANKED LINKER/LOCATER V5.12                                                      02/19/2014  16:34:22  PAGE 8


  C:B174H         SYMBOL        ?C0111
  C:B164H         SYMBOL        ?C0112
  C:B0E9H         SYMBOL        ?C0120
  C:B196H         SYMBOL        ?C0121
  C:B0A5H         SYMBOL        ?C0122
  C:B1C9H         SYMBOL        ?C0123
  C:AD35H         SYMBOL        ?C0124
  C:ADA5H         SYMBOL        ?C0125
  C:ADADH         SYMBOL        ?C0126
  C:ADBAH         SYMBOL        ?C0127
  C:A507H         SYMBOL        ?C0128
  C:A547H         SYMBOL        ?C0129
  C:A54CH         SYMBOL        ?C0130
  C:AAD2H         SYMBOL        ?C0131
  C:AAF1H         SYMBOL        ?C0132
  C:A557H         SYMBOL        ?C0133
  C:A51BH         SYMBOL        ?C0134
  C:AB3DH         SYMBOL        ?C0135
  C:96D7H         SYMBOL        ?C0136
  C:9731H         SYMBOL        ?C0137
  X:0008H         SYMBOL        ?DISPLAY_BLACK?BYTE
  X:0006H         SYMBOL        ?DISPLAY_BLUE?BYTE
  X:0004H         SYMBOL        ?DISPLAY_GREEN?BYTE
  X:0000H         SYMBOL        ?DISPLAY_RED?BYTE
  X:0056H         SYMBOL        ?DISPLAY_WHITE?BYTE
  C:0026H         SYMBOL        ?SC_0
  C:0031H         SYMBOL        ?SC_11
  C:0099H         SYMBOL        ?SC_115
  C:00ADH         SYMBOL        ?SC_135
  C:0034H         SYMBOL        ?SC_14
  C:00C1H         SYMBOL        ?SC_155
  C:00D5H         SYMBOL        ?SC_175
  C:0039H         SYMBOL        ?SC_19
  C:00E9H         SYMBOL        ?SC_195
  C:0028H         SYMBOL        ?SC_2
  C:00F9H         SYMBOL        ?SC_211
  C:0109H         SYMBOL        ?SC_227
  C:003DH         SYMBOL        ?SC_23
  C:0119H         SYMBOL        ?SC_243
  C:0040H         SYMBOL        ?SC_26
  C:012DH         SYMBOL        ?SC_263
  C:0141H         SYMBOL        ?SC_283
  C:0043H         SYMBOL        ?SC_29
  C:0155H         SYMBOL        ?SC_303
  C:0046H         SYMBOL        ?SC_32
  C:0169H         SYMBOL        ?SC_323
  C:017DH         SYMBOL        ?SC_343
  C:0049H         SYMBOL        ?SC_35
  C:018DH         SYMBOL        ?SC_359
  C:019EH         SYMBOL        ?SC_376
  C:004CH         SYMBOL        ?SC_38
  C:01AFH         SYMBOL        ?SC_393
  C:002AH         SYMBOL        ?SC_4
  C:01C4H         SYMBOL        ?SC_414
  C:0050H         SYMBOL        ?SC_42
  C:01D9H         SYMBOL        ?SC_435
  C:0053H         SYMBOL        ?SC_45
BL51 BANKED LINKER/LOCATER V5.12                                                      02/19/2014  16:34:22  PAGE 9


  C:01EEH         SYMBOL        ?SC_456
  C:0203H         SYMBOL        ?SC_477
  C:0056H         SYMBOL        ?SC_48
  C:0059H         SYMBOL        ?SC_51
  C:005CH         SYMBOL        ?SC_54
  C:002CH         SYMBOL        ?SC_6
  C:006CH         SYMBOL        ?SC_70
  C:0075H         SYMBOL        ?SC_79
  C:002FH         SYMBOL        ?SC_9
  C:0085H         SYMBOL        ?SC_95
  B:00D0H.6       SYMBOL        AC
  D:00E0H         SYMBOL        ACC
  D:00BCH         SYMBOL        ADC_CONTR
  D:00BDH         SYMBOL        ADC_RES
  D:00BEH         SYMBOL        ADC_RESL
  D:008EH         SYMBOL        AUXR
  D:00A2H         SYMBOL        AUXR1
  D:00F0H         SYMBOL        B
  X:006BH         SYMBOL        BK_COLOR?1086
  X:005EH         SYMBOL        BK_COLOR?1198
  X:006BH         SYMBOL        BK_COLOR?864
  X:005EH         SYMBOL        BK_COLOR?980
  D:009CH         SYMBOL        BRT
  D:00A1H         SYMBOL        BUS_SPEED
  X:006FH         SYMBOL        BYTES?1089
  X:006DH         SYMBOL        C?865
  D:00FAH         SYMBOL        CCAP0H
  D:00EAH         SYMBOL        CCAP0L
  D:00FBH         SYMBOL        CCAP1H
  D:00EBH         SYMBOL        CCAP1L
  D:00DAH         SYMBOL        CCAPM0
  D:00DBH         SYMBOL        CCAPM1
  B:00D8H.0       SYMBOL        CCF0
  B:00D8H.1       SYMBOL        CCF1
  D:00D8H         SYMBOL        CCON
  B:00D8H.7       SYMBOL        CF
  D:00F9H         SYMBOL        CH
  X:006DH         SYMBOL        CH?1087
  X:0074H         SYMBOL        CHAR_H?1093
  X:0072H         SYMBOL        CHAR_W?1092
  D:00E9H         SYMBOL        CL
  D:0097H         SYMBOL        CLK_DIV
  D:00D9H         SYMBOL        CMOD
  B:00D8H.6       SYMBOL        CR
  B:00D0H.7       SYMBOL        CY
  D:0083H         SYMBOL        DPH
  D:0082H         SYMBOL        DPL
  X:006EH         SYMBOL        E?866
  B:00A8H.7       SYMBOL        EA
  B:00A8H.5       SYMBOL        EADC
  X:0074H         SYMBOL        ED?869
  B:00A8H.6       SYMBOL        ELVD
  B:00A8H.4       SYMBOL        ES
  B:00A8H.1       SYMBOL        ET0
  B:00A8H.3       SYMBOL        ET1
  B:00A8H.0       SYMBOL        EX0
  B:00A8H.2       SYMBOL        EX1
BL51 BANKED LINKER/LOCATER V5.12                                                      02/19/2014  16:34:22  PAGE 10


  B:00D0H.5       SYMBOL        F0
  X:007FH         SYMBOL        FONTTABLE?875
  X:0069H         SYMBOL        FOR_COLOR?1085
  X:005CH         SYMBOL        FOR_COLOR?1197
  X:0069H         SYMBOL        FOR_COLOR?863
  X:005CH         SYMBOL        FOR_COLOR?979
  X:0000H         SYMBOL        I?244
  X:0004H         SYMBOL        I?347
  X:0006H         SYMBOL        I?449
  X:0056H         SYMBOL        I?551
  X:0070H         SYMBOL        I?867
  D:00C3H         SYMBOL        IAP_ADDRH
  D:00C4H         SYMBOL        IAP_ADDRL
  D:00C5H         SYMBOL        IAP_CMD
  D:00C7H         SYMBOL        IAP_CONTR
  D:00C2H         SYMBOL        IAP_DATA
  D:00C6H         SYMBOL        IAP_TRIG
  D:00A8H         SYMBOL        IE
  B:0088H.1       SYMBOL        IE0
  B:0088H.3       SYMBOL        IE1
  D:00AFH         SYMBOL        IE2
  D:00B8H         SYMBOL        IP
  D:00B5H         SYMBOL        IP2
  D:00B7H         SYMBOL        IPH
  D:00B6H         SYMBOL        IPH2
  B:0088H.0       SYMBOL        IT0
  B:0088H.2       SYMBOL        IT1
  X:0008H         SYMBOL        J?654
  X:0072H         SYMBOL        J?868
  X:0002H         SYMBOL        K?246
  X:000AH         SYMBOL        K?655
  C:AECBH         SYMBOL        L?0138
  C:AECCH         SYMBOL        L?0139
  C:AECFH         SYMBOL        L?0140
  C:AA1AH         SYMBOL        L?0141
  C:AE4FH         SYMBOL        L?0142
  C:AE53H         SYMBOL        L?0143
  C:AE55H         SYMBOL        L?0144
  C:AF46H         SYMBOL        L?0145
  C:AF46H         SYMBOL        L?0146
  C:AF4AH         SYMBOL        L?0147
  C:B26BH         SYMBOL        L?0148
  C:B26DH         SYMBOL        L?0149
  C:B228H         SYMBOL        L?0150
  C:B228H         SYMBOL        L?0151
  C:B22CH         SYMBOL        L?0152
  C:A3C8H         SYMBOL        L?0153
  C:A3CCH         SYMBOL        L?0154
  C:B28FH         SYMBOL        L?0155
  C:B28FH         SYMBOL        L?0156
  C:B241H         SYMBOL        L?0157
  C:B243H         SYMBOL        L?0158
  B:0090H.0       SYMBOL        LCD_CS
  B:0090H.1       SYMBOL        LCD_DC
  B:0090H.3       SYMBOL        LCD_RD
  B:0090H.4       SYMBOL        LCD_RST
  B:0090H.2       SYMBOL        LCD_WR
BL51 BANKED LINKER/LOCATER V5.12                                                      02/19/2014  16:34:22  PAGE 11


  X:007AH         SYMBOL        NBYTES?872
  X:0076H         SYMBOL        NCOLS?870
  X:0078H         SYMBOL        NROWS?871
  B:00D0H.2       SYMBOL        OV
  B:00D0H.0       SYMBOL        P
  D:0080H         SYMBOL        P0
  D:0094H         SYMBOL        P0M0
  D:0093H         SYMBOL        P0M1
  D:0090H         SYMBOL        P1
  D:009DH         SYMBOL        P1ASF
  D:0092H         SYMBOL        P1M0
  D:0091H         SYMBOL        P1M1
  D:00A0H         SYMBOL        P2
  D:0096H         SYMBOL        P2M0
  D:0095H         SYMBOL        P2M1
  D:00B0H         SYMBOL        P3
  D:00B2H         SYMBOL        P3M0
  D:00B1H         SYMBOL        P3M1
  D:00C0H         SYMBOL        P4
  D:00B4H         SYMBOL        P4M0
  D:00B3H         SYMBOL        P4M1
  D:00BBH         SYMBOL        P4SW
  D:00C8H         SYMBOL        P5
  D:00CAH         SYMBOL        P5M0
  D:00C9H         SYMBOL        P5M1
  X:0060H         SYMBOL        P?1199
  X:0060H         SYMBOL        P?981
  B:00B8H.5       SYMBOL        PADC
  D:00F2H         SYMBOL        PCA_PWM0
  D:00F3H         SYMBOL        PCA_PWM1
  X:007CH         SYMBOL        PCHAR?874
  D:0087H         SYMBOL        PCON
  B:00B8H.6       SYMBOL        PLVD
  X:0070H         SYMBOL        POS?1090
  B:00B8H.7       SYMBOL        PPCA
  B:00B8H.4       SYMBOL        PS
  D:00D0H         SYMBOL        PSW
  B:00B8H.1       SYMBOL        PT0
  B:00B8H.3       SYMBOL        PT1
  B:00B8H.0       SYMBOL        PX0
  B:00B8H.2       SYMBOL        PX1
  B:0098H.2       SYMBOL        RB8
  B:0098H.4       SYMBOL        REN
  B:0098H.0       SYMBOL        RI
  B:00D0H.3       SYMBOL        RS0
  B:00D0H.4       SYMBOL        RS1
  D:009BH         SYMBOL        S2BUF
  D:009AH         SYMBOL        S2CON
  N:0000H         SYMBOL        S6D0154
  D:00A9H         SYMBOL        SADDR
  D:00B9H         SYMBOL        SADEN
  D:0099H         SYMBOL        SBUF
  D:0098H         SYMBOL        SCON
  X:0067H         SYMBOL        SIZE?1084
  X:005AH         SYMBOL        SIZE?1196
  X:0067H         SYMBOL        SIZE?862
  X:005AH         SYMBOL        SIZE?978
BL51 BANKED LINKER/LOCATER V5.12                                                      02/19/2014  16:34:22  PAGE 12


  B:0098H.7       SYMBOL        SM0
  B:0098H.6       SYMBOL        SM1
  B:0098H.5       SYMBOL        SM2
  D:0081H         SYMBOL        SP
  D:00CEH         SYMBOL        SPCTL
  D:00CFH         SYMBOL        SPDAT
  D:00CDH         SYMBOL        SPSTAT
  X:0071H         SYMBOL        T?1091
  B:0098H.3       SYMBOL        TB8
  D:0088H         SYMBOL        TCON
  X:006EH         SYMBOL        TEMP?1088
  B:0088H.5       SYMBOL        TF0
  B:0088H.7       SYMBOL        TF1
  D:008CH         SYMBOL        TH0
  D:008DH         SYMBOL        TH1
  B:0098H.1       SYMBOL        TI
  D:008AH         SYMBOL        TL0
  D:008BH         SYMBOL        TL1
  D:0089H         SYMBOL        TMOD
  B:0088H.4       SYMBOL        TR0
  B:0088H.6       SYMBOL        TR1
  D:008FH         SYMBOL        WAKE_CLKO
  D:00C1H         SYMBOL        WDT_CONTR
  X:0088H         SYMBOL        X1?756
  X:008CH         SYMBOL        X2?758
  X:0063H         SYMBOL        X?1082
  X:0056H         SYMBOL        X?1194
  X:0063H         SYMBOL        X?860
  X:0056H         SYMBOL        X?976
  X:008AH         SYMBOL        Y1?757
  X:008EH         SYMBOL        Y2?759
  X:0065H         SYMBOL        Y?1083
  X:0058H         SYMBOL        Y?1195
  X:0065H         SYMBOL        Y?861
  X:0058H         SYMBOL        Y?977
  C:951DH         SYMBOL        _?IX1000
  C:B228H         LINE#         36227
  C:B22AH         LINE#         36228
  C:B22CH         LINE#         36230
  C:B22EH         LINE#         36231
  C:B230H         LINE#         36241
  C:B232H         LINE#         36244
  C:B234H         LINE#         36247
  C:B236H         LINE#         36250
  C:B238H         LINE#         36253
  C:B23AH         LINE#         36256
  C:B23CH         LINE#         36259
  C:B23EH         LINE#         36262
  C:B240H         LINE#         36265
  C:B241H         LINE#         36275
  C:B243H         LINE#         36277
  C:B245H         LINE#         36278
  C:B246H         LINE#         36279
  C:B247H         LINE#         36280
  C:B248H         LINE#         36290
  C:B24AH         LINE#         36293
  C:B24CH         LINE#         36296
BL51 BANKED LINKER/LOCATER V5.12                                                      02/19/2014  16:34:22  PAGE 13


  C:B24EH         LINE#         36299
  C:B250H         LINE#         36302
  C:B252H         LINE#         36305
  C:B254H         LINE#         36308
  C:B256H         LINE#         36311
  C:B258H         LINE#         36314
  C:B0C4H         LINE#         36329
  C:B0C5H         LINE#         36330
  C:B0C7H         LINE#         36331
  C:B0C8H         LINE#         36332
  C:B0C9H         LINE#         36333
  C:B0CAH         LINE#         36336
  C:B0CCH         LINE#         36339
  C:B0CDH         LINE#         36340
  C:B0D0H         LINE#         36343
  C:B0D3H         LINE#         36346
  C:B0D5H         LINE#         36347
  C:B0D6H         LINE#         36348
  C:B0D7H         LINE#         36349
  C:B0D8H         LINE#         36356
  C:B0D9H         LINE#         36357
  C:B0DAH         LINE#         36358
  C:B0DBH         LINE#         36364
  C:B0DCH         LINE#         36365
  C:B0DDH         LINE#         36366
  C:B0DEH         LINE#         36367
  C:B0E0H         LINE#         36368
  C:B0E1H         LINE#         36369
  C:B0E4H         LINE#         36372
  C:B0E5H         LINE#         36373
  C:B0E8H         LINE#         36374
  C:B0E9H         LINE#         36376
  C:B0EAH         LINE#         36377
  C:B0ECH         LINE#         36378
  C:B0EDH         LINE#         36379
  C:B0EFH         LINE#         36383
  C:B0F1H         LINE#         36384
  C:B0F2H         LINE#         36385
  C:B0F4H         LINE#         36386
  C:B0F5H         LINE#         36387
  C:B0F6H         LINE#         36388
  C:B0F7H         LINE#         36389
  C:B0F9H         LINE#         36390
  C:B0FAH         LINE#         36391
  C:B0FBH         LINE#         36392
  C:B0FCH         LINE#         36393
  C:B0FDH         LINE#         36394
  C:B0FFH         LINE#         36395
  C:B100H         LINE#         36396
  C:B101H         LINE#         36397
  C:B103H         LINE#         36398
  C:B105H         LINE#         36402
  C:B107H         LINE#         36405
  C:B17CH         LINE#         36423
  C:B17FH         LINE#         36426
  C:B182H         LINE#         36429
  C:B184H         LINE#         36430
BL51 BANKED LINKER/LOCATER V5.12                                                      02/19/2014  16:34:22  PAGE 14


  C:B185H         LINE#         36431
  C:B186H         LINE#         36432
  C:B187H         LINE#         36439
  C:B188H         LINE#         36440
  C:B189H         LINE#         36441
  C:B18AH         LINE#         36447
  C:B18CH         LINE#         36448
  C:B18EH         LINE#         36449
  C:B191H         LINE#         36452
  C:B192H         LINE#         36453
  C:B195H         LINE#         36454
  C:B196H         LINE#         36456
  C:B197H         LINE#         36457
  C:B199H         LINE#         36458
  C:B19AH         LINE#         36459
  C:B19CH         LINE#         36463
  C:B19EH         LINE#         36464
  C:B19FH         LINE#         36465
  C:B1A1H         LINE#         36466
  C:B1A2H         LINE#         36467
  C:B1A3H         LINE#         36468
  C:B1A4H         LINE#         36469
  C:B1A6H         LINE#         36470
  C:B1A7H         LINE#         36471
  C:B1A8H         LINE#         36472
  C:B1A9H         LINE#         36473
  C:B1AAH         LINE#         36474
  C:B1ACH         LINE#         36475
  C:B1ADH         LINE#         36476
  C:B1AEH         LINE#         36477
  C:B1B0H         LINE#         36478
  C:B1B2H         LINE#         36482
  C:B1B4H         LINE#         36485
  C:B075H         LINE#         36501
  C:B077H         LINE#         36504
  C:B079H         LINE#         36505
  C:B07CH         LINE#         36508
  C:B07DH         LINE#         36509
  C:B080H         LINE#         36512
  C:B082H         LINE#         36513
  C:B085H         LINE#         36516
  C:B086H         LINE#         36517
  C:B089H         LINE#         36520
  C:B08BH         LINE#         36521
  C:B08EH         LINE#         36524
  C:B090H         LINE#         36525
  C:B091H         LINE#         36526
  C:B092H         LINE#         36527
  C:B093H         LINE#         36534
  C:B094H         LINE#         36535
  C:B095H         LINE#         36536
  C:B096H         LINE#         36542
  C:B098H         LINE#         36543
  C:B09AH         LINE#         36544
  C:B09BH         LINE#         36545
  C:B09CH         LINE#         36546
  C:B09DH         LINE#         36547
BL51 BANKED LINKER/LOCATER V5.12                                                      02/19/2014  16:34:22  PAGE 15


  C:B0A0H         LINE#         36550
  C:B0A1H         LINE#         36551
  C:B0A4H         LINE#         36552
  C:B0A5H         LINE#         36554
  C:B0A6H         LINE#         36555
  C:B0A8H         LINE#         36556
  C:B0A9H         LINE#         36557
  C:B0ABH         LINE#         36561
  C:B0ADH         LINE#         36562
  C:B0AEH         LINE#         36563
  C:B0B0H         LINE#         36564
  C:B0B1H         LINE#         36565
  C:B0B2H         LINE#         36566
  C:B0B3H         LINE#         36567
  C:B0B5H         LINE#         36568
  C:B0B6H         LINE#         36569
  C:B0B7H         LINE#         36570
  C:B0B8H         LINE#         36571
  C:B0B9H         LINE#         36572
  C:B0BBH         LINE#         36573
  C:B0BCH         LINE#         36574
  C:B0BDH         LINE#         36575
  C:B0BFH         LINE#         36576
  C:B0C1H         LINE#         36580
  C:B0C3H         LINE#         36583
  C:B1B5H         LINE#         36601
  C:B1B8H         LINE#         36604
  C:B1B9H         LINE#         36605
  C:B1BBH         LINE#         36606
  C:B1BCH         LINE#         36607
  C:B1BDH         LINE#         36608
  C:B1BEH         LINE#         36615
  C:B1BFH         LINE#         36616
  C:B1C0H         LINE#         36617
  C:B1C1H         LINE#         36623
  C:B1C4H         LINE#         36627
  C:B1C5H         LINE#         36628
  C:B1C8H         LINE#         36629
  C:B1C9H         LINE#         36631
  C:B1CAH         LINE#         36632
  C:B1CCH         LINE#         36633
  C:B1CDH         LINE#         36634
  C:B1CFH         LINE#         36638
  C:B1D1H         LINE#         36639
  C:B1D2H         LINE#         36640
  C:B1D4H         LINE#         36641
  C:B1D5H         LINE#         36642
  C:B1D6H         LINE#         36643
  C:B1D7H         LINE#         36644
  C:B1D9H         LINE#         36645
  C:B1DAH         LINE#         36646
  C:B1DBH         LINE#         36647
  C:B1DCH         LINE#         36648
  C:B1DDH         LINE#         36649
  C:B1DFH         LINE#         36650
  C:B1E0H         LINE#         36651
  C:B1E1H         LINE#         36652
BL51 BANKED LINKER/LOCATER V5.12                                                      02/19/2014  16:34:22  PAGE 16


  C:B1E3H         LINE#         36653
  C:B1E5H         LINE#         36657
  C:B1E7H         LINE#         36660
  C:AD27H         LINE#         36678
  C:AD2AH         LINE#         36682
  C:AD2BH         LINE#         36683
  C:AD2CH         LINE#         36684
  C:AD2DH         LINE#         36690
  C:AD30H         LINE#         36693
  C:AD31H         LINE#         36694
  C:AD34H         LINE#         36695
  C:AD35H         LINE#         36697
  C:AD36H         LINE#         36698
  C:AD38H         LINE#         36699
  C:AD39H         LINE#         36700
  C:AD3BH         LINE#         36704
  C:AD3CH         LINE#         36705
  C:AD3DH         LINE#         36706
  C:AD3EH         LINE#         36712
  C:AD3FH         LINE#         36713
  C:AD41H         LINE#         36714
  C:AD42H         LINE#         36715
  C:AD43H         LINE#         36716
  C:AD44H         LINE#         36722
  C:AD47H         LINE#         36725
  C:AD49H         LINE#         36726
  C:AD4AH         LINE#         36727
  C:AD4CH         LINE#         36728
  C:AD4DH         LINE#         36729
  C:AD4EH         LINE#         36730
  C:AD4FH         LINE#         36731
  C:AD51H         LINE#         36732
  C:AD52H         LINE#         36733
  C:AD53H         LINE#         36734
  C:AD54H         LINE#         36735
  C:AD55H         LINE#         36736
  C:AD57H         LINE#         36737
  C:AD58H         LINE#         36738
  C:AD59H         LINE#         36739
  C:AD5BH         LINE#         36740
  C:AD5DH         LINE#         36744
  C:AD5EH         LINE#         36745
  C:AD60H         LINE#         36746
  C:AD61H         LINE#         36747
  C:AD62H         LINE#         36748
  C:AD63H         LINE#         36754
  C:AD64H         LINE#         36755
  C:AD65H         LINE#         36756
  C:AD66H         LINE#         36757
  C:AD67H         LINE#         36758
  C:AD68H         LINE#         36759
  C:AD6BH         LINE#         36762
  C:AD6DH         LINE#         36763
  C:AD6EH         LINE#         36764
  C:AD70H         LINE#         36765
  C:AD71H         LINE#         36766
  C:AD72H         LINE#         36767
BL51 BANKED LINKER/LOCATER V5.12                                                      02/19/2014  16:34:22  PAGE 17


  C:AD73H         LINE#         36768
  C:AD75H         LINE#         36769
  C:AD76H         LINE#         36770
  C:AD77H         LINE#         36771
  C:AD78H         LINE#         36772
  C:AD79H         LINE#         36773
  C:AD7BH         LINE#         36774
  C:AD7CH         LINE#         36775
  C:AD7DH         LINE#         36776
  C:AD7FH         LINE#         36777
  C:AD81H         LINE#         36781
  C:AD82H         LINE#         36782
  C:AD84H         LINE#         36783
  C:AD85H         LINE#         36784
  C:AD86H         LINE#         36785
  C:AD87H         LINE#         36791
  C:AD8AH         LINE#         36794
  C:AD8CH         LINE#         36795
  C:AD8DH         LINE#         36796
  C:AD8FH         LINE#         36797
  C:AD90H         LINE#         36798
  C:AD91H         LINE#         36799
  C:AD92H         LINE#         36800
  C:AD94H         LINE#         36801
  C:AD95H         LINE#         36802
  C:AD96H         LINE#         36803
  C:AD97H         LINE#         36804
  C:AD98H         LINE#         36805
  C:AD9AH         LINE#         36806
  C:AD9BH         LINE#         36807
  C:AD9CH         LINE#         36808
  C:AD9EH         LINE#         36809
  C:ADA0H         LINE#         36813
  C:ADA1H         LINE#         36814
  C:ADA4H         LINE#         36815
  C:ADA5H         LINE#         36817
  C:ADA6H         LINE#         36818
  C:ADA8H         LINE#         36819
  C:ADAAH         LINE#         36820
  C:ADABH         LINE#         36821
  C:ADADH         LINE#         36823
  C:ADAFH         LINE#         36827
  C:ADB0H         LINE#         36828
  C:ADB1H         LINE#         36829
  C:ADB2H         LINE#         36835
  C:ADB5H         LINE#         36838
  C:ADB6H         LINE#         36839
  C:ADB9H         LINE#         36840
  C:ADBAH         LINE#         36842
  C:ADBBH         LINE#         36843
  C:ADBDH         LINE#         36844
  C:ADBEH         LINE#         36845
  C:ADC0H         LINE#         36849
  C:ADC2H         LINE#         36852
  C:AF46H         LINE#         36863
  C:AF48H         LINE#         36864
  C:AF4AH         LINE#         36866
BL51 BANKED LINKER/LOCATER V5.12                                                      02/19/2014  16:34:22  PAGE 18


  C:AF4CH         LINE#         36867
  C:AF4DH         LINE#         36868
  C:AF4EH         LINE#         36869
  C:AF50H         LINE#         36870
  C:AF51H         LINE#         36871
  C:AF53H         LINE#         36872
  C:AF55H         LINE#         36873
  C:AF56H         LINE#         36874
  C:AF57H         LINE#         36875
  C:AF58H         LINE#         36876
  C:AF59H         LINE#         36877
  C:AF5AH         LINE#         36881
  C:AF5CH         LINE#         36882
  C:AF5DH         LINE#         36883
  C:AF5EH         LINE#         36884
  C:AF5FH         LINE#         36885
  C:AF60H         LINE#         36886
  C:AF61H         LINE#         36887
  C:AF62H         LINE#         36888
  C:AF63H         LINE#         36889
  C:AF64H         LINE#         36890
  C:AF65H         LINE#         36891
  C:AF66H         LINE#         36892
  C:AF67H         LINE#         36893
  C:AF68H         LINE#         36894
  C:AF69H         LINE#         36895
  C:AF6AH         LINE#         36896
  C:AF6BH         LINE#         36897
  C:AF6CH         LINE#         36898
  C:AF6DH         LINE#         36903
  C:AF6FH         LINE#         36904
  C:AF70H         LINE#         36905
  C:AF71H         LINE#         36906
  C:AF74H         LINE#         36907
  C:AF77H         LINE#         36910
  C:AF79H         LINE#         36911
  C:AF7AH         LINE#         36912
  C:AF7BH         LINE#         36913
  C:AF7EH         LINE#         36914
  C:AF80H         LINE#         36915
  C:AF83H         LINE#         36918
  C:AF85H         LINE#         36919
  C:AF86H         LINE#         36920
  C:AF87H         LINE#         36921
  C:AF8AH         LINE#         36922
  C:AF8DH         LINE#         36925
  C:AF8FH         LINE#         36926
  C:AF90H         LINE#         36927
  C:AF91H         LINE#         36928
  C:AF94H         LINE#         36929
  C:AF96H         LINE#         36930
  C:AF99H         LINE#         36933
  C:AF9BH         LINE#         36934
  C:AF9CH         LINE#         36935
  C:AF9DH         LINE#         36936
  C:AFA0H         LINE#         36937
  C:AFA2H         LINE#         36938
BL51 BANKED LINKER/LOCATER V5.12                                                      02/19/2014  16:34:22  PAGE 19


  C:AFA5H         LINE#         36941
  C:AFA7H         LINE#         36942
  C:AFA8H         LINE#         36943
  C:AFA9H         LINE#         36944
  C:AFACH         LINE#         36945
  C:AFAEH         LINE#         36946
  C:AFB1H         LINE#         36949
  C:AFB3H         LINE#         36950
  C:AFB4H         LINE#         36951
  C:AFB5H         LINE#         36952
  C:A3C8H         LINE#         36963
  C:A3CAH         LINE#         36964
  C:A3CCH         LINE#         36966
  C:A3CEH         LINE#         36967
  C:A3D0H         LINE#         36968
  C:A3D2H         LINE#         36972
  C:A3D4H         LINE#         36973
  C:A3D5H         LINE#         36974
  C:A3D6H         LINE#         36975
  C:A3D7H         LINE#         36976
  C:A3D8H         LINE#         36977
  C:A3D9H         LINE#         36978
  C:A3DAH         LINE#         36979
  C:A3DBH         LINE#         36980
  C:A3DCH         LINE#         36981
  C:A3DDH         LINE#         36982
  C:A3DEH         LINE#         36983
  C:A3DFH         LINE#         36984
  C:A3E0H         LINE#         36985
  C:A3E1H         LINE#         36986
  C:A3E2H         LINE#         36987
  C:A3E3H         LINE#         36988
  C:A3E4H         LINE#         36989
  C:A3E5H         LINE#         37001
  C:A3E7H         LINE#         37002
  C:A3E9H         LINE#         37003
  C:A3EBH         LINE#         37004
  C:A3EDH         LINE#         37005
  C:A3EFH         LINE#         37006
  C:A3F1H         LINE#         37007
  C:A3F3H         LINE#         37008
  C:A3F5H         LINE#         37009
  C:A3F8H         LINE#         37012
  C:A3FAH         LINE#         37013
  C:A3FBH         LINE#         37014
  C:A3FCH         LINE#         37015
  C:A3FDH         LINE#         37016
  C:A3FEH         LINE#         37017
  C:A3FFH         LINE#         37018
  C:A402H         LINE#         37019
  C:A403H         LINE#         37020
  C:A405H         LINE#         37021
  C:A406H         LINE#         37022
  C:A407H         LINE#         37023
  C:A408H         LINE#         37024
  C:A409H         LINE#         37025
  C:A40AH         LINE#         37026
BL51 BANKED LINKER/LOCATER V5.12                                                      02/19/2014  16:34:22  PAGE 20


  C:A40BH         LINE#         37027
  C:A40CH         LINE#         37028
  C:A40DH         LINE#         37029
  C:A40EH         LINE#         37033
  C:A410H         LINE#         37036
  C:A411H         LINE#         37037
  C:A412H         LINE#         37038
  C:A414H         LINE#         37043
  C:A416H         LINE#         37044
  C:A417H         LINE#         37045
  C:A418H         LINE#         37046
  C:A41AH         LINE#         37047
  C:A41BH         LINE#         37050
  C:A41CH         LINE#         37051
  C:A41DH         LINE#         37052
  C:A41EH         LINE#         37053
  C:A41FH         LINE#         37054
  C:A421H         LINE#         37055
  C:A422H         LINE#         37058
  C:A423H         LINE#         37059
  C:A424H         LINE#         37060
  C:A425H         LINE#         37061
  C:A426H         LINE#         37062
  C:A428H         LINE#         37063
  C:A429H         LINE#         37066
  C:A42BH         LINE#         37073
  C:A42DH         LINE#         37074
  C:A42EH         LINE#         37075
  C:A42FH         LINE#         37076
  C:A430H         LINE#         37077
  C:A431H         LINE#         37078
  C:A432H         LINE#         37079
  C:A434H         LINE#         37080
  C:A435H         LINE#         37081
  C:A437H         LINE#         37086
  C:A439H         LINE#         37087
  C:A43AH         LINE#         37088
  C:A43BH         LINE#         37089
  C:A43DH         LINE#         37090
  C:A43EH         LINE#         37093
  C:A43FH         LINE#         37094
  C:A440H         LINE#         37095
  C:A441H         LINE#         37096
  C:A442H         LINE#         37097
  C:A444H         LINE#         37098
  C:A445H         LINE#         37101
  C:A446H         LINE#         37102
  C:A447H         LINE#         37103
  C:A448H         LINE#         37104
  C:A449H         LINE#         37105
  C:A44BH         LINE#         37106
  C:A44CH         LINE#         37109
  C:A44EH         LINE#         37116
  C:A44FH         LINE#         37117
  C:A451H         LINE#         37118
  C:A452H         LINE#         37119
  C:A454H         LINE#         37124
BL51 BANKED LINKER/LOCATER V5.12                                                      02/19/2014  16:34:22  PAGE 21


  C:A456H         LINE#         37125
  C:A457H         LINE#         37126
  C:A458H         LINE#         37127
  C:A45AH         LINE#         37128
  C:A45BH         LINE#         37131
  C:A45CH         LINE#         37132
  C:A45DH         LINE#         37133
  C:A45EH         LINE#         37134
  C:A45FH         LINE#         37135
  C:A461H         LINE#         37136
  C:A462H         LINE#         37139
  C:A463H         LINE#         37140
  C:A464H         LINE#         37141
  C:A465H         LINE#         37142
  C:A466H         LINE#         37143
  C:A468H         LINE#         37144
  C:A469H         LINE#         37154
  C:A46BH         LINE#         37155
  C:A46CH         LINE#         37156
  C:A46DH         LINE#         37157
  C:A46EH         LINE#         37158
  C:A470H         LINE#         37159
  C:A471H         LINE#         37160
  C:A472H         LINE#         37161
  C:A474H         LINE#         37162
  C:A475H         LINE#         37163
  C:A476H         LINE#         37164
  C:A478H         LINE#         37165
  C:A479H         LINE#         37166
  C:A47BH         LINE#         37167
  C:A47CH         LINE#         37168
  C:A47DH         LINE#         37169
  C:A47EH         LINE#         37170
  C:A47FH         LINE#         37171
  C:A480H         LINE#         37172
  C:A483H         LINE#         37173
  C:A484H         LINE#         37174
  C:A485H         LINE#         37175
  C:A486H         LINE#         37176
  C:A487H         LINE#         37177
  C:A488H         LINE#         37178
  C:A489H         LINE#         37179
  C:A48BH         LINE#         37180
  C:A48CH         LINE#         37181
  C:A48DH         LINE#         37182
  C:A48EH         LINE#         37183
  C:A48FH         LINE#         37184
  C:A490H         LINE#         37185
  C:A491H         LINE#         37186
  C:A492H         LINE#         37187
  C:A493H         LINE#         37190
  C:A495H         LINE#         37191
  C:A496H         LINE#         37192
  C:A497H         LINE#         37193
  C:A498H         LINE#         37194
  C:A499H         LINE#         37195
  C:A49AH         LINE#         37196
BL51 BANKED LINKER/LOCATER V5.12                                                      02/19/2014  16:34:22  PAGE 22


  C:A49CH         LINE#         37197
  C:A49DH         LINE#         37198
  C:A49EH         LINE#         37199
  C:A49FH         LINE#         37200
  C:A4A0H         LINE#         37201
  C:A4A1H         LINE#         37202
  C:A4A3H         LINE#         37203
  C:A4A4H         LINE#         37204
  C:A4A5H         LINE#         37205
  C:A4A6H         LINE#         37206
  C:A4A7H         LINE#         37207
  C:A4A8H         LINE#         37208
  C:A4A9H         LINE#         37209
  C:A4AAH         LINE#         37210
  C:A4ACH         LINE#         37211
  C:A4ADH         LINE#         37212
  C:A4AEH         LINE#         37213
  C:A4AFH         LINE#         37214
  C:A4B0H         LINE#         37215
  C:A4B1H         LINE#         37216
  C:A4B3H         LINE#         37217
  C:A4B4H         LINE#         37218
  C:A4B5H         LINE#         37219
  C:A4B7H         LINE#         37220
  C:A4B8H         LINE#         37221
  C:A4B9H         LINE#         37222
  C:A4BAH         LINE#         37223
  C:A4BBH         LINE#         37224
  C:A4BCH         LINE#         37225
  C:A4BDH         LINE#         37226
  C:A4BFH         LINE#         37227
  C:A4C0H         LINE#         37228
  C:A4C1H         LINE#         37229
  C:A4C2H         LINE#         37230
  C:A4C3H         LINE#         37231
  C:A4C4H         LINE#         37232
  C:A4C7H         LINE#         37235
  C:A4C8H         LINE#         37236
  C:A4CAH         LINE#         37237
  C:A4CBH         LINE#         37238
  C:A4CCH         LINE#         37239
  C:A4CDH         LINE#         37241
  C:A4CFH         LINE#         37242
  C:A4D0H         LINE#         37243
  C:A4D1H         LINE#         37244
  C:A4D2H         LINE#         37245
  C:A4D3H         LINE#         37246
  C:A4D4H         LINE#         37247
  C:A4D6H         LINE#         37248
  C:A4D7H         LINE#         37249
  C:A4D8H         LINE#         37250
  C:A4D9H         LINE#         37251
  C:A4DAH         LINE#         37252
  C:A4DBH         LINE#         37253
  C:A4DCH         LINE#         37254
  C:A4DDH         LINE#         37255
  C:A4DEH         LINE#         37256
BL51 BANKED LINKER/LOCATER V5.12                                                      02/19/2014  16:34:22  PAGE 23


  C:A4DFH         LINE#         37257
  C:A4E1H         LINE#         37258
  C:A4E4H         LINE#         37263
  C:A4E6H         LINE#         37264
  C:A4E7H         LINE#         37265
  C:A4E8H         LINE#         37266
  C:A4E9H         LINE#         37267
  C:A4EAH         LINE#         37268
  C:A4EBH         LINE#         37269
  C:A4ECH         LINE#         37270
  C:A4EEH         LINE#         37271
  C:A4EFH         LINE#         37272
  C:A4F0H         LINE#         37273
  C:A4F1H         LINE#         37274
  C:A4F2H         LINE#         37275
  C:A4F4H         LINE#         37276
  C:A4F5H         LINE#         37277
  C:A4F8H         LINE#         37278
  C:A4F9H         LINE#         37279
  C:A4FBH         LINE#         37280
  C:A4FCH         LINE#         37281
  C:A4FDH         LINE#         37282
  C:A4FEH         LINE#         37283
  C:A4FFH         LINE#         37284
  C:A500H         LINE#         37287
  C:A502H         LINE#         37288
  C:A503H         LINE#         37289
  C:A505H         LINE#         37290
  C:A506H         LINE#         37291
  C:A507H         LINE#         37293
  C:A509H         LINE#         37298
  C:A50AH         LINE#         37299
  C:A50CH         LINE#         37300
  C:A50FH         LINE#         37303
  C:A511H         LINE#         37308
  C:A512H         LINE#         37309
  C:A513H         LINE#         37310
  C:A514H         LINE#         37311
  C:A516H         LINE#         37312
  C:A517H         LINE#         37315
  C:A519H         LINE#         37320
  C:A51BH         LINE#         37322
  C:A51CH         LINE#         37323
  C:A51DH         LINE#         37324
  C:A51EH         LINE#         37325
  C:A520H         LINE#         37326
  C:A521H         LINE#         37330
  C:A522H         LINE#         37331
  C:A524H         LINE#         37332
  C:A525H         LINE#         37333
  C:A526H         LINE#         37334
  C:A527H         LINE#         37336
  C:A529H         LINE#         37337
  C:A52AH         LINE#         37338
  C:A52BH         LINE#         37339
  C:A52CH         LINE#         37340
  C:A52DH         LINE#         37341
BL51 BANKED LINKER/LOCATER V5.12                                                      02/19/2014  16:34:22  PAGE 24


  C:A52EH         LINE#         37342
  C:A530H         LINE#         37343
  C:A531H         LINE#         37344
  C:A532H         LINE#         37345
  C:A533H         LINE#         37346
  C:A534H         LINE#         37347
  C:A535H         LINE#         37348
  C:A536H         LINE#         37349
  C:A537H         LINE#         37350
  C:A538H         LINE#         37351
  C:A539H         LINE#         37352
  C:A53BH         LINE#         37357
  C:A53DH         LINE#         37358
  C:A53EH         LINE#         37359
  C:A53FH         LINE#         37360
  C:A540H         LINE#         37361
  C:A541H         LINE#         37362
  C:A542H         LINE#         37363
  C:A544H         LINE#         37364
  C:A545H         LINE#         37365
  C:A547H         LINE#         37367
  C:A548H         LINE#         37368
  C:A549H         LINE#         37369
  C:A54AH         LINE#         37370
  C:A54BH         LINE#         37371
  C:A54CH         LINE#         37373
  C:A54EH         LINE#         37374
  C:A551H         LINE#         37379
  C:A553H         LINE#         37382
  C:A555H         LINE#         37389
  C:A557H         LINE#         37391
  C:A55AH         LINE#         37397
  C:A55CH         LINE#         37398
  C:A55DH         LINE#         37399
  C:A55FH         LINE#         37400
  C:A560H         LINE#         37401
  C:A561H         LINE#         37402
  C:A562H         LINE#         37403
  C:A564H         LINE#         37404
  C:A565H         LINE#         37405
  C:A567H         LINE#         37409
  C:A569H         LINE#         37410
  C:A56AH         LINE#         37411
  C:A56CH         LINE#         37412
  C:A56DH         LINE#         37413
  C:A56EH         LINE#         37414
  C:A56FH         LINE#         37415
  C:A571H         LINE#         37416
  C:A572H         LINE#         37417
  C:A575H         LINE#         37421
  C:A577H         LINE#         37424
  C:AE4FH         LINE#         37434
  C:AE51H         LINE#         37435
  C:AE53H         LINE#         37437
  C:AE55H         LINE#         37439
  C:AE57H         LINE#         37440
  C:AE59H         LINE#         37444
BL51 BANKED LINKER/LOCATER V5.12                                                      02/19/2014  16:34:22  PAGE 25


  C:AE5BH         LINE#         37445
  C:AE5CH         LINE#         37446
  C:AE5DH         LINE#         37447
  C:AE5EH         LINE#         37448
  C:AE5FH         LINE#         37449
  C:AE60H         LINE#         37450
  C:AE61H         LINE#         37451
  C:AE62H         LINE#         37452
  C:AE63H         LINE#         37453
  C:AE64H         LINE#         37454
  C:AE65H         LINE#         37455
  C:AE66H         LINE#         37456
  C:AE67H         LINE#         37457
  C:AE68H         LINE#         37458
  C:AE69H         LINE#         37459
  C:AE6AH         LINE#         37460
  C:AE6BH         LINE#         37461
  C:AE6CH         LINE#         37467
  C:AE6EH         LINE#         37468
  C:AE6FH         LINE#         37469
  C:AE70H         LINE#         37470
  C:AE71H         LINE#         37471
  C:AE72H         LINE#         37472
  C:AE73H         LINE#         37473
  C:AE74H         LINE#         37474
  C:AE75H         LINE#         37475
  C:AE76H         LINE#         37476
  C:AE79H         LINE#         37477
  C:AE7AH         LINE#         37478
  C:AE7CH         LINE#         37483
  C:AE7EH         LINE#         37484
  C:AE7FH         LINE#         37485
  C:AE80H         LINE#         37486
  C:AE81H         LINE#         37487
  C:AE82H         LINE#         37488
  C:AE83H         LINE#         37489
  C:AE84H         LINE#         37490
  C:AE85H         LINE#         37491
  C:AE86H         LINE#         37492
  C:AE87H         LINE#         37493
  C:AE88H         LINE#         37494
  C:AE89H         LINE#         37495
  C:AE8BH         LINE#         37496
  C:AE8CH         LINE#         37497
  C:AE8DH         LINE#         37498
  C:AE8EH         LINE#         37499
  C:AE8FH         LINE#         37500
  C:AE91H         LINE#         37501
  C:AE92H         LINE#         37502
  C:AE93H         LINE#         37503
  C:AE94H         LINE#         37504
  C:AE95H         LINE#         37505
  C:AE96H         LINE#         37506
  C:AE98H         LINE#         37507
  C:AE99H         LINE#         37508
  C:AE9AH         LINE#         37509
  C:AE9BH         LINE#         37510
BL51 BANKED LINKER/LOCATER V5.12                                                      02/19/2014  16:34:22  PAGE 26


  C:AE9CH         LINE#         37511
  C:AE9EH         LINE#         37512
  C:AE9FH         LINE#         37513
  C:AEA0H         LINE#         37514
  C:AEA1H         LINE#         37515
  C:AEA2H         LINE#         37516
  C:AEA3H         LINE#         37517
  C:AEA4H         LINE#         37518
  C:AEA6H         LINE#         37519
  C:AEA7H         LINE#         37520
  C:AEA8H         LINE#         37521
  C:AEAAH         LINE#         37522
  C:AEABH         LINE#         37523
  C:AEACH         LINE#         37524
  C:AEADH         LINE#         37525
  C:AEAEH         LINE#         37526
  C:AEAFH         LINE#         37527
  C:AEB2H         LINE#         37530
  C:AEB4H         LINE#         37531
  C:AEB5H         LINE#         37532
  C:AEB7H         LINE#         37533
  C:AEB8H         LINE#         37534
  C:AEB9H         LINE#         37535
  C:AEBAH         LINE#         37536
  C:AEBCH         LINE#         37537
  C:AEBDH         LINE#         37540
  C:AEBFH         LINE#         37541
  C:AEC0H         LINE#         37542
  C:AEC2H         LINE#         37543
  C:AEC3H         LINE#         37544
  C:AEC4H         LINE#         37545
  C:AEC5H         LINE#         37546
  C:AEC7H         LINE#         37547
  C:AEC8H         LINE#         37550
  C:AECAH         LINE#         37554
  C:AA1AH         LINE#         37564
  C:AA1BH         LINE#         37565
  C:AA1CH         LINE#         37566
  C:AA1DH         LINE#         37567
  C:AA1FH         LINE#         37568
  C:AA20H         LINE#         37569
  C:AA21H         LINE#         37573
  C:AA23H         LINE#         37574
  C:AA24H         LINE#         37575
  C:AA25H         LINE#         37576
  C:AA26H         LINE#         37577
  C:AA27H         LINE#         37578
  C:AA28H         LINE#         37580
  C:AA2AH         LINE#         37581
  C:AA2CH         LINE#         37582
  C:AA2DH         LINE#         37583
  C:AA2EH         LINE#         37584
  C:AA2FH         LINE#         37585
  C:AA30H         LINE#         37586
  C:AA31H         LINE#         37587
  C:AA32H         LINE#         37595
  C:AA34H         LINE#         37598
BL51 BANKED LINKER/LOCATER V5.12                                                      02/19/2014  16:34:22  PAGE 27


  C:AA35H         LINE#         37599
  C:AA37H         LINE#         37604
  C:AA39H         LINE#         37605
  C:AA3AH         LINE#         37606
  C:AA3BH         LINE#         37607
  C:AA3DH         LINE#         37608
  C:AA3EH         LINE#         37611
  C:AA3FH         LINE#         37612
  C:AA40H         LINE#         37613
  C:AA41H         LINE#         37614
  C:AA42H         LINE#         37615
  C:AA44H         LINE#         37616
  C:AA45H         LINE#         37630
  C:AA47H         LINE#         37631
  C:AA48H         LINE#         37632
  C:AA49H         LINE#         37633
  C:AA4AH         LINE#         37634
  C:AA4BH         LINE#         37635
  C:AA4CH         LINE#         37636
  C:AA4DH         LINE#         37637
  C:AA4FH         LINE#         37638
  C:AA50H         LINE#         37639
  C:AA51H         LINE#         37640
  C:AA52H         LINE#         37641
  C:AA53H         LINE#         37642
  C:AA54H         LINE#         37643
  C:AA55H         LINE#         37644
  C:AA57H         LINE#         37645
  C:AA58H         LINE#         37646
  C:AA5AH         LINE#         37647
  C:AA5BH         LINE#         37648
  C:AA5DH         LINE#         37649
  C:AA60H         LINE#         37650
  C:AA61H         LINE#         37651
  C:AA62H         LINE#         37652
  C:AA63H         LINE#         37653
  C:AA64H         LINE#         37654
  C:AA65H         LINE#         37655
  C:AA66H         LINE#         37656
  C:AA67H         LINE#         37657
  C:AA69H         LINE#         37658
  C:AA6AH         LINE#         37659
  C:AA6BH         LINE#         37660
  C:AA6DH         LINE#         37661
  C:AA6EH         LINE#         37662
  C:AA6FH         LINE#         37663
  C:AA71H         LINE#         37664
  C:AA72H         LINE#         37665
  C:AA73H         LINE#         37666
  C:AA74H         LINE#         37667
  C:AA75H         LINE#         37668
  C:AA76H         LINE#         37669
  C:AA77H         LINE#         37670
  C:AA78H         LINE#         37671
  C:AA79H         LINE#         37672
  C:AA7AH         LINE#         37673
  C:AA7CH         LINE#         37674
BL51 BANKED LINKER/LOCATER V5.12                                                      02/19/2014  16:34:22  PAGE 28


  C:AA7FH         LINE#         37679
  C:AA81H         LINE#         37680
  C:AA83H         LINE#         37681
  C:AA85H         LINE#         37682
  C:AA87H         LINE#         37683
  C:AA89H         LINE#         37684
  C:AA8AH         LINE#         37685
  C:AA8BH         LINE#         37686
  C:AA8CH         LINE#         37687
  C:AA8DH         LINE#         37688
  C:AA8EH         LINE#         37689
  C:AA8FH         LINE#         37690
  C:AA90H         LINE#         37691
  C:AA92H         LINE#         37692
  C:AA93H         LINE#         37693
  C:AA94H         LINE#         37694
  C:AA96H         LINE#         37695
  C:AA97H         LINE#         37696
  C:AA99H         LINE#         37697
  C:AA9AH         LINE#         37698
  C:AA9BH         LINE#         37699
  C:AA9CH         LINE#         37700
  C:AA9DH         LINE#         37701
  C:AA9EH         LINE#         37702
  C:AAA0H         LINE#         37703
  C:AAA1H         LINE#         37704
  C:AAA2H         LINE#         37705
  C:AAA3H         LINE#         37706
  C:AAA4H         LINE#         37707
  C:AAA5H         LINE#         37708
  C:AAA6H         LINE#         37709
  C:AAA7H         LINE#         37710
  C:AAA9H         LINE#         37711
  C:AAABH         LINE#         37712
  C:AAACH         LINE#         37713
  C:AAADH         LINE#         37714
  C:AAAFH         LINE#         37715
  C:AAB0H         LINE#         37716
  C:AAB1H         LINE#         37717
  C:AAB3H         LINE#         37718
  C:AAB5H         LINE#         37719
  C:AAB8H         LINE#         37722
  C:AABAH         LINE#         37723
  C:AABBH         LINE#         37724
  C:AABDH         LINE#         37725
  C:AABEH         LINE#         37728
  C:AAC0H         LINE#         37729
  C:AAC1H         LINE#         37730
  C:AAC2H         LINE#         37731
  C:AAC3H         LINE#         37732
  C:AAC4H         LINE#         37733
  C:AAC5H         LINE#         37734
  C:AAC7H         LINE#         37735
  C:AAC8H         LINE#         37736
  C:AAC9H         LINE#         37737
  C:AACAH         LINE#         37738
  C:AACBH         LINE#         37739
BL51 BANKED LINKER/LOCATER V5.12                                                      02/19/2014  16:34:22  PAGE 29


  C:AACCH         LINE#         37740
  C:AACFH         LINE#         37741
  C:AAD0H         LINE#         37742
  C:AAD2H         LINE#         37744
  C:AAD3H         LINE#         37745
  C:AAD4H         LINE#         37746
  C:AAD5H         LINE#         37747
  C:AAD6H         LINE#         37748
  C:AAD7H         LINE#         37749
  C:AAD9H         LINE#         37750
  C:AADBH         LINE#         37751
  C:AADCH         LINE#         37754
  C:AADDH         LINE#         37755
  C:AADEH         LINE#         37756
  C:AADFH         LINE#         37758
  C:AAE1H         LINE#         37759
  C:AAE2H         LINE#         37760
  C:AAE3H         LINE#         37761
  C:AAE4H         LINE#         37762
  C:AAE5H         LINE#         37763
  C:AAE6H         LINE#         37764
  C:AAE7H         LINE#         37765
  C:AAE8H         LINE#         37766
  C:AAEAH         LINE#         37771
  C:AAECH         LINE#         37772
  C:AAEDH         LINE#         37773
  C:AAEFH         LINE#         37774
  C:AAF0H         LINE#         37775
  C:AAF1H         LINE#         37777
  C:AAF3H         LINE#         37782
  C:AAF5H         LINE#         37783
  C:AAF6H         LINE#         37784
  C:AAF7H         LINE#         37785
  C:AAF8H         LINE#         37786
  C:AAFAH         LINE#         37787
  C:AAFBH         LINE#         37788
  C:AAFEH         LINE#         37789
  C:AB01H         LINE#         37790
  C:AB02H         LINE#         37791
  C:AB05H         LINE#         37792
  C:AB06H         LINE#         37793
  C:AB09H         LINE#         37794
  C:AB0AH         LINE#         37795
  C:AB0CH         LINE#         37796
  C:AB0EH         LINE#         37797
  C:AB10H         LINE#         37798
  C:AB11H         LINE#         37799
  C:AB13H         LINE#         37800
  C:AB14H         LINE#         37801
  C:AB16H         LINE#         37802
  C:AB18H         LINE#         37803
  C:AB19H         LINE#         37804
  C:AB1AH         LINE#         37805
  C:AB1BH         LINE#         37806
  C:AB1CH         LINE#         37819
  C:AB1DH         LINE#         37820
  C:AB1FH         LINE#         37821
BL51 BANKED LINKER/LOCATER V5.12                                                      02/19/2014  16:34:22  PAGE 30


  C:AB20H         LINE#         37827
  C:AB22H         LINE#         37828
  C:AB23H         LINE#         37829
  C:AB26H         LINE#         37832
  C:AB28H         LINE#         37833
  C:AB29H         LINE#         37834
  C:AB2AH         LINE#         37835
  C:AB2BH         LINE#         37836
  C:AB2CH         LINE#         37837
  C:AB2DH         LINE#         37838
  C:AB2EH         LINE#         37839
  C:AB2FH         LINE#         37840
  C:AB30H         LINE#         37841
  C:AB32H         LINE#         37842
  C:AB34H         LINE#         37847
  C:AB36H         LINE#         37848
  C:AB37H         LINE#         37849
  C:AB38H         LINE#         37850
  C:AB39H         LINE#         37851
  C:AB3AH         LINE#         37852
  C:AB3BH         LINE#         37853
  C:AB3CH         LINE#         37854
  C:AB3DH         LINE#         37856
  C:AB40H         LINE#         37860
  C:AB42H         LINE#         37861
  C:AB43H         LINE#         37862
  C:AB45H         LINE#         37863
  C:AB46H         LINE#         37866
  C:AB48H         LINE#         37867
  C:AB49H         LINE#         37868
  C:AB4AH         LINE#         37869
  C:AB4BH         LINE#         37870
  C:AB4CH         LINE#         37871
  C:AB4DH         LINE#         37872
  C:AB4FH         LINE#         37873
  C:AB51H         LINE#         37877
  C:AB53H         LINE#         37878
  C:AB54H         LINE#         37879
  C:AB55H         LINE#         37880
  C:AB56H         LINE#         37881
  C:AB58H         LINE#         37885
  C:AB5AH         LINE#         37889
  C:AECBH         LINE#         37900
  C:AECCH         LINE#         37902
  C:AECDH         LINE#         37903
  C:AECFH         LINE#         37905
  C:AED0H         LINE#         37906
  C:AED1H         LINE#         37907
  C:AED2H         LINE#         37908
  C:AED4H         LINE#         37909
  C:AED5H         LINE#         37910
  C:AED6H         LINE#         37914
  C:AED8H         LINE#         37915
  C:AED9H         LINE#         37916
  C:AEDAH         LINE#         37917
  C:AEDBH         LINE#         37918
  C:AEDCH         LINE#         37919
BL51 BANKED LINKER/LOCATER V5.12                                                      02/19/2014  16:34:22  PAGE 31


  C:AEDDH         LINE#         37920
  C:AEDEH         LINE#         37921
  C:AEDFH         LINE#         37922
  C:AEE0H         LINE#         37923
  C:AEE1H         LINE#         37924
  C:AEE2H         LINE#         37925
  C:AEE3H         LINE#         37926
  C:AEE4H         LINE#         37927
  C:AEE5H         LINE#         37928
  C:AEE6H         LINE#         37929
  C:AEE7H         LINE#         37930
  C:AEE8H         LINE#         37931
  C:AEE9H         LINE#         37937
  C:AEEBH         LINE#         37938
  C:AEECH         LINE#         37939
  C:AEEDH         LINE#         37940
  C:AEEEH         LINE#         37941
  C:AEEFH         LINE#         37942
  C:AEF0H         LINE#         37943
  C:AEF1H         LINE#         37944
  C:AEF2H         LINE#         37945
  C:AEF3H         LINE#         37946
  C:AEF6H         LINE#         37947
  C:AEF7H         LINE#         37948
  C:AEF9H         LINE#         37953
  C:AEFBH         LINE#         37954
  C:AEFCH         LINE#         37955
  C:AEFDH         LINE#         37956
  C:AEFEH         LINE#         37957
  C:AEFFH         LINE#         37958
  C:AF00H         LINE#         37959
  C:AF01H         LINE#         37960
  C:AF02H         LINE#         37961
  C:AF03H         LINE#         37962
  C:AF04H         LINE#         37963
  C:AF05H         LINE#         37964
  C:AF06H         LINE#         37965
  C:AF08H         LINE#         37966
  C:AF09H         LINE#         37967
  C:AF0AH         LINE#         37968
  C:AF0BH         LINE#         37969
  C:AF0CH         LINE#         37970
  C:AF0EH         LINE#         37971
  C:AF0FH         LINE#         37972
  C:AF10H         LINE#         37973
  C:AF11H         LINE#         37974
  C:AF12H         LINE#         37975
  C:AF13H         LINE#         37976
  C:AF15H         LINE#         37977
  C:AF16H         LINE#         37978
  C:AF17H         LINE#         37979
  C:AF18H         LINE#         37980
  C:AF19H         LINE#         37981
  C:AF1BH         LINE#         37982
  C:AF1CH         LINE#         37983
  C:AF1DH         LINE#         37984
  C:AF1EH         LINE#         37985
BL51 BANKED LINKER/LOCATER V5.12                                                      02/19/2014  16:34:22  PAGE 32


  C:AF1FH         LINE#         37986
  C:AF20H         LINE#         37987
  C:AF21H         LINE#         37988
  C:AF22H         LINE#         37989
  C:AF23H         LINE#         37990
  C:AF25H         LINE#         37991
  C:AF26H         LINE#         37992
  C:AF27H         LINE#         37993
  C:AF28H         LINE#         37994
  C:AF29H         LINE#         37995
  C:AF2AH         LINE#         37996
  C:AF2DH         LINE#         37999
  C:AF2FH         LINE#         38000
  C:AF30H         LINE#         38001
  C:AF32H         LINE#         38002
  C:AF33H         LINE#         38003
  C:AF34H         LINE#         38004
  C:AF35H         LINE#         38005
  C:AF37H         LINE#         38006
  C:AF38H         LINE#         38009
  C:AF3AH         LINE#         38010
  C:AF3BH         LINE#         38011
  C:AF3DH         LINE#         38012
  C:AF3EH         LINE#         38013
  C:AF3FH         LINE#         38014
  C:AF40H         LINE#         38015
  C:AF42H         LINE#         38016
  C:AF43H         LINE#         38019
  C:AF45H         LINE#         38023
  C:AC88H         LINE#         38038
  C:AC8BH         LINE#         38041
  C:AC8EH         LINE#         38044
  C:AC90H         LINE#         38045
  C:AC91H         LINE#         38046
  C:AC92H         LINE#         38047
  C:AC93H         LINE#         38048
  C:AC94H         LINE#         38049
  C:AC96H         LINE#         38050
  C:AC97H         LINE#         38051
  C:AC98H         LINE#         38052
  C:AC99H         LINE#         38053
  C:AC9AH         LINE#         38054
  C:AC9BH         LINE#         38055
  C:AC9DH         LINE#         38056
  C:AC9EH         LINE#         38057
  C:AC9FH         LINE#         38058
  C:ACA0H         LINE#         38059
  C:ACA1H         LINE#         38060
  C:ACA3H         LINE#         38061
  C:ACA4H         LINE#         38062
  C:ACA5H         LINE#         38063
  C:ACA6H         LINE#         38064
  C:ACA7H         LINE#         38065
  C:ACA8H         LINE#         38066
  C:ACA9H         LINE#         38067
  C:ACABH         LINE#         38068
  C:ACACH         LINE#         38069
BL51 BANKED LINKER/LOCATER V5.12                                                      02/19/2014  16:34:22  PAGE 33


  C:ACAEH         LINE#         38070
  C:ACB1H         LINE#         38073
  C:ACB3H         LINE#         38074
  C:ACB4H         LINE#         38075
  C:ACB5H         LINE#         38076
  C:ACB6H         LINE#         38077
  C:ACB7H         LINE#         38078
  C:ACB9H         LINE#         38079
  C:ACBAH         LINE#         38080
  C:ACBBH         LINE#         38081
  C:ACBCH         LINE#         38082
  C:ACBDH         LINE#         38083
  C:ACBEH         LINE#         38084
  C:ACC0H         LINE#         38085
  C:ACC1H         LINE#         38086
  C:ACC2H         LINE#         38087
  C:ACC3H         LINE#         38088
  C:ACC4H         LINE#         38089
  C:ACC6H         LINE#         38090
  C:ACC7H         LINE#         38091
  C:ACC8H         LINE#         38092
  C:ACC9H         LINE#         38093
  C:ACCAH         LINE#         38094
  C:ACCBH         LINE#         38095
  C:ACCCH         LINE#         38096
  C:ACCEH         LINE#         38097
  C:ACCFH         LINE#         38098
  C:ACD0H         LINE#         38099
  C:ACD2H         LINE#         38100
  C:ACD4H         LINE#         38101
  C:ACD7H         LINE#         38104
  C:ACD9H         LINE#         38105
  C:ACDAH         LINE#         38106
  C:ACDBH         LINE#         38107
  C:ACDCH         LINE#         38108
  C:ACDDH         LINE#         38109
  C:ACDFH         LINE#         38110
  C:ACE0H         LINE#         38111
  C:ACE1H         LINE#         38112
  C:ACE2H         LINE#         38113
  C:ACE3H         LINE#         38114
  C:ACE4H         LINE#         38115
  C:ACE6H         LINE#         38116
  C:ACE7H         LINE#         38117
  C:ACE8H         LINE#         38118
  C:ACE9H         LINE#         38119
  C:ACEAH         LINE#         38120
  C:ACECH         LINE#         38121
  C:ACEDH         LINE#         38122
  C:ACEEH         LINE#         38123
  C:ACEFH         LINE#         38124
  C:ACF0H         LINE#         38125
  C:ACF1H         LINE#         38126
  C:ACF2H         LINE#         38127
  C:ACF4H         LINE#         38128
  C:ACF5H         LINE#         38129
  C:ACF7H         LINE#         38130
BL51 BANKED LINKER/LOCATER V5.12                                                      02/19/2014  16:34:22  PAGE 34


  C:ACFAH         LINE#         38133
  C:ACFCH         LINE#         38134
  C:ACFDH         LINE#         38135
  C:ACFEH         LINE#         38136
  C:ACFFH         LINE#         38137
  C:AD00H         LINE#         38138
  C:AD02H         LINE#         38139
  C:AD03H         LINE#         38140
  C:AD04H         LINE#         38141
  C:AD05H         LINE#         38142
  C:AD06H         LINE#         38143
[...]
  C:A6E3H         LINE#         41914
  C:A6E4H         LINE#         41915
  C:A6E5H         LINE#         41916
  C:A6E7H         LINE#         41917
  C:A6E8H         LINE#         41918
  C:A6E9H         LINE#         41919
  C:A6EAH         LINE#         41920
  C:A6EBH         LINE#         41921
  C:A6ECH         LINE#         41922
  C:A6EDH         LINE#         41923
  C:A6EFH         LINE#         41924
  C:A6F0H         LINE#         41925
  C:A6F1H         LINE#         41926
  C:A6F3H         LINE#         41927
  C:A6F4H         LINE#         41928
  C:A6F5H         LINE#         41929
  C:A6F7H         LINE#         41930
  C:A6F8H         LINE#         41931
  C:A6F9H         LINE#         41932
  C:A6FAH         LINE#         41933
  C:A6FBH         LINE#         41934
  C:A6FDH         LINE#         41935
  C:A6FEH         LINE#         41936
  C:A700H         LINE#         41937
  C:A701H         LINE#         41938
  C:B142H         LINE#         41955
  C:B144H         LINE#         41958
BL51 BANKED LINKER/LOCATER V5.12                                                      02/19/2014  16:34:22  PAGE 94


  C:B146H         LINE#         41959
  C:B147H         LINE#         41960
  C:B148H         LINE#         41961
  C:B149H         LINE#         41962
  C:B14BH         LINE#         41963
  C:B14CH         LINE#         41964
  C:B14EH         LINE#         41965
  C:B150H         LINE#         41966
  C:B152H         LINE#         41967
  C:B154H         LINE#         41968
  C:B156H         LINE#         41969
  C:B158H         LINE#         41970
  C:B15BH         LINE#         41973
  C:B15DH         LINE#         41977
  C:B160H         LINE#         41983
  C:B161H         LINE#         41984
  C:B162H         LINE#         41992
  C:B164H         LINE#         41998
  C:B166H         LINE#         42001
  C:B167H         LINE#         42003
  C:B168H         LINE#         42005
  C:B16AH         LINE#         42007
  C:B16BH         LINE#         42009
  C:B16CH         LINE#         42011
  C:B16DH         LINE#         42013
  C:B16FH         LINE#         42015
  C:B170H         LINE#         42019
  C:B172H         LINE#         42022
  C:B174H         LINE#         42026
  C:B175H         LINE#         42027
  C:B176H         LINE#         42028
  C:B179H         LINE#         42032
  C:B17BH         LINE#         42035
  C:B284H         LINE#         42052
  C:B286H         LINE#         42055
  C:B288H         LINE#         42056
  C:B28AH         LINE#         42059
  C:B28CH         LINE#         42062
  C:B28EH         LINE#         42065
  C:B28FH         LINE#         42076
  C:B291H         LINE#         42077
  C:B292H         LINE#         42078
  C:B293H         LINE#         42088
  C:B295H         LINE#         42091
  C:B26BH         LINE#         42102
  C:B26DH         LINE#         42104
  C:B26EH         LINE#         42105
  C:B26FH         LINE#         42106
  C:B270H         LINE#         42107
  C:B271H         LINE#         42108
  C:B272H         LINE#         42109
  C:B273H         LINE#         42110
  C:B274H         LINE#         42120
  C:B276H         LINE#         42123
  C:A1A3H         LINE#         42139
  C:A1A5H         LINE#         42142
  C:A1A7H         LINE#         42143
BL51 BANKED LINKER/LOCATER V5.12                                                      02/19/2014  16:34:22  PAGE 95


  C:A1A9H         LINE#         42144
  C:A1ACH         LINE#         42147
  C:A1AEH         LINE#         42150
  C:A1B0H         LINE#         42153
  C:A1B2H         LINE#         42154
  C:A1B3H         LINE#         42155
  C:A1B4H         LINE#         42156
  C:A1B7H         LINE#         42157
  C:A1B8H         LINE#         42158
  C:A1B9H         LINE#         42159
  C:A1BCH         LINE#         42162
  C:A1BEH         LINE#         42163
  C:A1BFH         LINE#         42164
  C:A1C2H         LINE#         42167
  C:A1C5H         LINE#         42168
  C:A1C7H         LINE#         42169
  C:A1C8H         LINE#         42170
  C:A1CBH         LINE#         42173
  C:A1CDH         LINE#         42174
  C:A1CEH         LINE#         42175
  C:A1D1H         LINE#         42176
  C:A1D3H         LINE#         42177
  C:A1D6H         LINE#         42180
  C:A1D7H         LINE#         42181
  C:A1D8H         LINE#         42182
  C:A1DBH         LINE#         42183
  C:A1DDH         LINE#         42184
  C:A1DEH         LINE#         42185
  C:A1E1H         LINE#         42188
  C:A1E3H         LINE#         42189
  C:A1E4H         LINE#         42190
  C:A1E7H         LINE#         42191
  C:A1E9H         LINE#         42192
  C:A1EBH         LINE#         42193
  C:A1EEH         LINE#         42196
  C:A1F0H         LINE#         42197
  C:A1F1H         LINE#         42198
  C:A1F4H         LINE#         42199
  C:A1F5H         LINE#         42200
  C:A1F7H         LINE#         42201
  C:A1FAH         LINE#         42204
  C:A1FCH         LINE#         42205
  C:A1FDH         LINE#         42206
  C:A200H         LINE#         42207
  C:A202H         LINE#         42208
  C:A204H         LINE#         42209
  C:A207H         LINE#         42212
  C:A209H         LINE#         42213
  C:A20BH         LINE#         42214
  C:A20EH         LINE#         42217
  C:A211H         LINE#         42218
  C:A213H         LINE#         42219
  C:A215H         LINE#         42220
  C:A218H         LINE#         42223
  C:A21AH         LINE#         42224
  C:A21CH         LINE#         42225
  C:A21FH         LINE#         42228
BL51 BANKED LINKER/LOCATER V5.12                                                      02/19/2014  16:34:22  PAGE 96


  C:A222H         LINE#         42229
  C:A224H         LINE#         42230
  C:A226H         LINE#         42231
  C:A229H         LINE#         42234
  C:A22BH         LINE#         42235
  C:A22DH         LINE#         42236
  C:A230H         LINE#         42239
  C:A233H         LINE#         42240
  C:A235H         LINE#         42241
  C:A237H         LINE#         42242
  C:A23AH         LINE#         42245
  C:A23CH         LINE#         42246
  C:A23EH         LINE#         42247
  C:A241H         LINE#         42250
  C:A244H         LINE#         42251
  C:A246H         LINE#         42252
  C:A248H         LINE#         42253
  C:A24BH         LINE#         42256
  C:A24DH         LINE#         42257
  C:A24FH         LINE#         42258
  C:A252H         LINE#         42261
  C:A254H         LINE#         42262
  C:A255H         LINE#         42263
  C:A256H         LINE#         42264
  C:A259H         LINE#         42265
  C:A25BH         LINE#         42266
  C:A25DH         LINE#         42267
  C:A260H         LINE#         42270
  C:A262H         LINE#         42271
  C:A263H         LINE#         42272
  C:A266H         LINE#         42273
  C:A267H         LINE#         42274
  C:A269H         LINE#         42275
  C:A26CH         LINE#         42278
  C:A26EH         LINE#         42279
  C:A26FH         LINE#         42280
  C:A272H         LINE#         42281
  C:A274H         LINE#         42282
  C:A276H         LINE#         42283
  C:A279H         LINE#         42286
  C:A27BH         LINE#         42287
  C:A27CH         LINE#         42288
  C:A27FH         LINE#         42289
  C:A281H         LINE#         42290
  C:A284H         LINE#         42293
  C:A286H         LINE#         42294
  C:A287H         LINE#         42295
  C:A28AH         LINE#         42296
  C:A28CH         LINE#         42297
  C:A28EH         LINE#         42298
  C:A291H         LINE#         42301
  C:A293H         LINE#         42302
  C:A294H         LINE#         42303
  C:A297H         LINE#         42304
  C:A298H         LINE#         42305
  C:A299H         LINE#         42306
  C:A29CH         LINE#         42309
BL51 BANKED LINKER/LOCATER V5.12                                                      02/19/2014  16:34:22  PAGE 97


  C:A29EH         LINE#         42310
  C:A29FH         LINE#         42311
  C:A2A2H         LINE#         42312
  C:A2A4H         LINE#         42313
  C:A2A5H         LINE#         42314
  C:A2A8H         LINE#         42317
  C:A2AAH         LINE#         42318
  C:A2ABH         LINE#         42319
  C:A2AEH         LINE#         42320
  C:A2AFH         LINE#         42321
  C:A2B0H         LINE#         42322
  C:A2B3H         LINE#         42325
  C:A2B5H         LINE#         42326
  C:A2B6H         LINE#         42327
  C:A2B9H         LINE#         42328
  C:A2BBH         LINE#         42329
  C:A2BDH         LINE#         42330
  C:A2C0H         LINE#         42333
  C:A2C2H         LINE#         42334
  C:A2C3H         LINE#         42335
  C:A2C6H         LINE#         42336
  C:A2C7H         LINE#         42337
  C:A2C8H         LINE#         42338
  C:A2CBH         LINE#         42341
  C:A2CDH         LINE#         42342
  C:A2CEH         LINE#         42343
  C:A2D1H         LINE#         42344
  C:A2D3H         LINE#         42345
  C:A2D4H         LINE#         42346
  C:A2D7H         LINE#         42349
  C:A2D9H         LINE#         42350
  C:A2DAH         LINE#         42351
  C:A2DDH         LINE#         42352
  C:A2DEH         LINE#         42353
  C:A2DFH         LINE#         42354
  C:A2E2H         LINE#         42357
  C:A2E4H         LINE#         42358
  C:A2E5H         LINE#         42359
  C:A2E8H         LINE#         42360
  C:A2EAH         LINE#         42361
  C:A2ECH         LINE#         42362
  C:A2EFH         LINE#         42365
  C:A2F1H         LINE#         42366
  C:A2F2H         LINE#         42367
  C:A2F5H         LINE#         42368
  C:A2F6H         LINE#         42369
  C:A2F7H         LINE#         42370
  C:A2FAH         LINE#         42373
  C:A2FCH         LINE#         42374
  C:A2FDH         LINE#         42375
  C:A300H         LINE#         42376
  C:A302H         LINE#         42377
  C:A304H         LINE#         42378
  C:A307H         LINE#         42381
  C:A309H         LINE#         42382
  C:A30AH         LINE#         42383
  C:A30DH         LINE#         42384
BL51 BANKED LINKER/LOCATER V5.12                                                      02/19/2014  16:34:22  PAGE 98


  C:A30FH         LINE#         42385
  C:A311H         LINE#         42386
  C:A314H         LINE#         42389
  C:A316H         LINE#         42390
  C:A317H         LINE#         42391
  C:A31AH         LINE#         42392
  C:A31CH         LINE#         42393
  C:A31EH         LINE#         42394
  C:A321H         LINE#         42397
  C:A323H         LINE#         42398
  C:A324H         LINE#         42399
  C:A327H         LINE#         42400
  C:A329H         LINE#         42401
  C:A32BH         LINE#         42402
  C:A32EH         LINE#         42405
  C:A330H         LINE#         42406
  C:A331H         LINE#         42407
  C:A334H         LINE#         42408
  C:A336H         LINE#         42409
  C:A338H         LINE#         42410
  C:A33BH         LINE#         42413
  C:A33DH         LINE#         42414
  C:A33EH         LINE#         42415
  C:A341H         LINE#         42416
  C:A343H         LINE#         42417
  C:A345H         LINE#         42418
  C:A348H         LINE#         42421
  C:A34AH         LINE#         42422
  C:A34BH         LINE#         42423
  C:A34EH         LINE#         42424
  C:A350H         LINE#         42425
  C:A352H         LINE#         42426
  C:A355H         LINE#         42429
  C:A357H         LINE#         42430
  C:A358H         LINE#         42431
  C:A35BH         LINE#         42432
  C:A35CH         LINE#         42433
  C:A35EH         LINE#         42434
  C:A361H         LINE#         42437
  C:A363H         LINE#         42438
  C:A364H         LINE#         42439
  C:A367H         LINE#         42440
  C:A369H         LINE#         42441
  C:A36BH         LINE#         42442
  C:A36EH         LINE#         42445
  C:A370H         LINE#         42446
  C:A371H         LINE#         42447
  C:A374H         LINE#         42448
  C:A376H         LINE#         42449
  C:A378H         LINE#         42450
  C:A37BH         LINE#         42453
  C:A37DH         LINE#         42454
  C:A37EH         LINE#         42455
  C:A381H         LINE#         42456
  C:A382H         LINE#         42457
  C:A383H         LINE#         42458
  C:A386H         LINE#         42461
BL51 BANKED LINKER/LOCATER V5.12                                                      02/19/2014  16:34:22  PAGE 99


  C:A388H         LINE#         42462
  C:A389H         LINE#         42463
  C:A38CH         LINE#         42464
  C:A38DH         LINE#         42465
  C:A38EH         LINE#         42466
  C:A391H         LINE#         42469
  C:A393H         LINE#         42470
  C:A394H         LINE#         42471
  C:A397H         LINE#         42472
  C:A399H         LINE#         42473
  C:A39BH         LINE#         42474
  C:A39EH         LINE#         42477
  C:A3A0H         LINE#         42478
  C:A3A2H         LINE#         42479
  C:A3A5H         LINE#         42482
  C:A3A7H         LINE#         42483
  C:A3A8H         LINE#         42484
  C:A3A9H         LINE#         42485
  C:A3ACH         LINE#         42486
  C:A3AEH         LINE#         42487
  C:A3AFH         LINE#         42488
  C:A3B2H         LINE#         42491
  C:A3B4H         LINE#         42492
  C:A3B5H         LINE#         42493
  C:A3B8H         LINE#         42496
  C:A3BAH         LINE#         42497
  C:A3BBH         LINE#         42498
  C:A3BCH         LINE#         42499
  C:A3BFH         LINE#         42500
  C:A3C1H         LINE#         42501
  C:A3C2H         LINE#         42502
  C:A3C5H         LINE#         42505
  C:A3C7H         LINE#         42508
  -------         ENDMOD        S6D0154

  -------         MODULE        SERIAL
  C:0000H         SYMBOL        _ICE_DUMMY_
  X:001EH         PUBLIC        get_i
  D:00A8H         PUBLIC        IE
  D:00B8H         PUBLIC        IP
  C:AFB8H         PUBLIC        UART_Interrupt_Receive
  B:0098H.0       PUBLIC        RI
  B:0098H.1       PUBLIC        TI
  D:00D8H         PUBLIC        CCON
  C:0003H         PUBLIC        soft_reset_to_ISP_Monitor
  D:0099H         PUBLIC        SBUF
  D:0098H         PUBLIC        SCON
  D:0088H         PUBLIC        TCON
  D:00C7H         PUBLIC        IAP_CONTR
  X:001FH         PUBLIC        DataToSend
  C:B259H         PUBLIC        _SerialSend
  C:B1E8H         PUBLIC        _delayms
  X:0021H         PUBLIC        DisplayData
  X:0055H         PUBLIC        LenToSend
  D:00D0H         PUBLIC        PSW
  -------         PROC          _DELAYMS
  D:0006H         SYMBOL        tt
BL51 BANKED LINKER/LOCATER V5.12                                                      02/19/2014  16:34:22  PAGE 100


  -------         DO            
  D:0004H         SYMBOL        i
  D:0005H         SYMBOL        j
  -------         ENDDO         
  C:B1E8H         LINE#         27
  C:B1E8H         LINE#         28
  C:B1E8H         LINE#         31
  C:B1F1H         LINE#         32
  C:B1F1H         LINE#         33
  C:B1F6H         LINE#         34
  C:B1FEH         LINE#         35
  C:B1FEH         LINE#         36
  C:B200H         LINE#         37
  C:B200H         LINE#         38
  C:B205H         LINE#         39
  C:B208H         LINE#         40
  C:B208H         LINE#         41
  -------         ENDPROC       _DELAYMS
  -------         PROC          SOFT_RESET_TO_ISP_MONITOR
  C:0003H         LINE#         44
  C:0003H         LINE#         45
  C:0003H         LINE#         46
  C:0006H         LINE#         47
  -------         ENDPROC       SOFT_RESET_TO_ISP_MONITOR
  -------         PROC          UART_INTERRUPT_RECEIVE
  -------         DO            
  D:0007H         SYMBOL        k
  -------         ENDDO         
  C:AFB8H         LINE#         50
  C:AFC9H         LINE#         53
  C:AFCCH         LINE#         54
  C:AFCCH         LINE#         55
  C:AFCEH         LINE#         56
  C:AFD0H         LINE#         57
  C:AFD9H         LINE#         58
  C:AFD9H         LINE#         59
  C:AFDEH         LINE#         60
  C:AFE3H         LINE#         61
  C:AFE3H         LINE#         62
  C:AFE9H         LINE#         63
  C:AFECH         LINE#         64
  C:AFECH         LINE#         65
  C:AFEEH         LINE#         67
  C:AFEEH         LINE#         68
  C:AFF6H         LINE#         69
  C:AFF6H         LINE#         70
  C:AFF9H         LINE#         71
  C:AFF9H         LINE#         72
  C:AFFDH         LINE#         73
  C:AFFDH         LINE#         74
  C:AFFFH         LINE#         76
  C:AFFFH         LINE#         77
  C:B001H         LINE#         78
  C:B006H         LINE#         79
  C:B006H         LINE#         80
  C:B009H         LINE#         81
  C:B00EH         LINE#         82
BL51 BANKED LINKER/LOCATER V5.12                                                      02/19/2014  16:34:22  PAGE 101


  C:B010H         LINE#         84
  C:B014H         LINE#         85
  C:B014H         LINE#         86
  C:B014H         LINE#         87
  -------         ENDPROC       UART_INTERRUPT_RECEIVE
  -------         PROC          _SERIALSEND
  D:0006H         SYMBOL        Data
  D:0005H         SYMBOL        Len
  C:B259H         LINE#         90
  C:B259H         LINE#         91
  C:B259H         LINE#         92
  C:B25CH         LINE#         93
  C:B25CH         LINE#         94
  C:B25EH         LINE#         95
  C:B25FH         LINE#         96
  C:B25FH         LINE#         97
  C:B263H         LINE#         98
  C:B26AH         LINE#         99
  -------         ENDPROC       _SERIALSEND
  -------         ENDMOD        SERIAL

  -------         MODULE        ?C?COPY
  C:AC2BH         PUBLIC        ?C?COPY
  -------         ENDMOD        ?C?COPY

  -------         MODULE        ?C?CLDPTR
  C:AC51H         PUBLIC        ?C?CLDPTR
  -------         ENDMOD        ?C?CLDPTR

  -------         MODULE        ?C?IMUL
  C:AC6AH         PUBLIC        ?C?IMUL
  -------         ENDMOD        ?C?IMUL

  -------         MODULE        ?C?OFFXADD
  C:AC7CH         PUBLIC        ?C?OFFXADD
  -------         ENDMOD        ?C?OFFXADD

*** WARNING L16: UNCALLED SEGMENT, IGNORED FOR OVERLAY PROCESS
    SEGMENT: ?PR?DISPLAY_RED?S6D0154

*** WARNING L16: UNCALLED SEGMENT, IGNORED FOR OVERLAY PROCESS
    SEGMENT: ?PR?DISPLAY_GREEN?S6D0154

*** WARNING L16: UNCALLED SEGMENT, IGNORED FOR OVERLAY PROCESS
    SEGMENT: ?PR?DISPLAY_BLUE?S6D0154

*** WARNING L16: UNCALLED SEGMENT, IGNORED FOR OVERLAY PROCESS
    SEGMENT: ?PR?DISPLAY_BLACK?S6D0154

*** WARNING L16: UNCALLED SEGMENT, IGNORED FOR OVERLAY PROCESS
    SEGMENT: ?PR?DISPLAY_LODING?S6D0154

*** WARNING L16: UNCALLED SEGMENT, IGNORED FOR OVERLAY PROCESS
    SEGMENT: ?PR?DISPLAY_RUNNING1?S6D0154

*** WARNING L16: UNCALLED SEGMENT, IGNORED FOR OVERLAY PROCESS
    SEGMENT: ?PR?DISPLAY_RUNNING2?S6D0154
BL51 BANKED LINKER/LOCATER V5.12                                                      02/19/2014  16:34:22  PAGE 102



*** WARNING L16: UNCALLED SEGMENT, IGNORED FOR OVERLAY PROCESS
    SEGMENT: ?PR?DISPLAY_RUNNING3?S6D0154

*** WARNING L16: UNCALLED SEGMENT, IGNORED FOR OVERLAY PROCESS
    SEGMENT: ?PR?_SERIALSEND?SERIAL

Program Size: data=9.0 xdata=144 code=45716
LINK/LOCATE RUN COMPLETE.  9 WARNING(S),  0 ERROR(S)
