BL51 BANKED LINKER/LOCATER V5.12                                                        02/19/2014  22:52:51  PAGE 1


BL51 BANKED LINKER/LOCATER V5.12, INVOKED BY:
C:\KEIL\C51\BIN\BL51.EXE .\Obj\STARTUP.obj, .\Obj\main.obj, .\Obj\s6d0154.obj, .\Obj\serial.obj TO .\Obj\DisplayTerminal
>> TFT PRINT (.\Lst\DisplayTerminalTFT.m51) RAMSIZE (256)


MEMORY MODEL: COMPACT


INPUT MODULES INCLUDED:
  .\Obj\STARTUP.obj (?C_STARTUP)
  .\Obj\main.obj (MAIN)
  .\Obj\s6d0154.obj (S6D0154)
  .\Obj\serial.obj (SERIAL)
  C:\KEIL\C51\LIB\C51C.LIB (?C_INIT)
  C:\KEIL\C51\LIB\C51C.LIB (?C?COPY)
  C:\KEIL\C51\LIB\C51C.LIB (?C?CLDPTR)
  C:\KEIL\C51\LIB\C51C.LIB (?C?IMUL)
  C:\KEIL\C51\LIB\C51C.LIB (?C?OFFXADD)


LINK MAP OF MODULE:  .\Obj\DisplayTerminalTFT (?C_STARTUP)


            TYPE    BASE      LENGTH    RELOCATION   SEGMENT NAME
            -----------------------------------------------------

            * * * * * * *   D A T A   M E M O R Y   * * * * * * *
            REG     0000H     0008H     ABSOLUTE     "REG BANK 0"
            IDATA   0008H     0001H     UNIT         ?STACK

            * * * * * * *  X D A T A   M E M O R Y  * * * * * * *
            XDATA   0000H     0004H     INPAGE       ?PD?DISPLAY_RED?S6D0154
            XDATA   0004H     0002H     INPAGE       ?PD?DISPLAY_GREEN?S6D0154
            XDATA   0006H     0002H     INPAGE       ?PD?DISPLAY_BLUE?S6D0154
            XDATA   0008H     0004H     INPAGE       ?PD?DISPLAY_BLACK?S6D0154
            XDATA   000CH     0012H     INPAGE       ?PD?S6D0154
            XDATA   001EH     006EH     INPAGE       ?PD?SERIAL
            XDATA   008CH     003AH     INPAGE       _PDATA_GROUP_

            * * * * * * *   C O D E   M E M O R Y   * * * * * * *
            CODE    0000H     0003H     ABSOLUTE     
            CODE    0003H     0004H     UNIT         ?PR?SOFT_RESET_TO_ISP_MONITOR?SERIAL
                    0007H     0004H                  *** GAP ***
            CODE    000BH     0003H     ABSOLUTE     
            CODE    000EH     0012H     UNIT         ?PR?_SERIALSEND?SERIAL
                    0020H     0003H                  *** GAP ***
            CODE    0023H     0003H     ABSOLUTE     
            CODE    0026H     94ECH     UNIT         ?CO?S6D0154
            CODE    9512H     0792H     UNIT         ?PR?DISPLAY_RUNNING_REFRESH?S6D0154
            CODE    9CA4H     04EBH     UNIT         ?PR?DISPLAY_RUNNING?S6D0154
            CODE    A18FH     0225H     UNIT         ?PR?LCD_INIT?S6D0154
            CODE    A3B4H     01B0H     UNIT         ?PR?_CHINESECHAR?S6D0154
            CODE    A564H     018CH     UNIT         ?PR?DISPLAY_RUNNING3?S6D0154
            CODE    A6F0H     018BH     UNIT         ?PR?DISPLAY_RUNNING2?S6D0154
            CODE    A87BH     0185H     UNIT         ?PR?DISPLAY_RUNNING1?S6D0154
            CODE    AA00H     0141H     UNIT         ?PR?_LCD_SHOWCHAR?S6D0154
            CODE    AB41H     012DH     UNIT         ?C?LIB_CODE
            CODE    AC6EH     00A8H     UNIT         ?PR?_READSERIALPROCESS?SERIAL
BL51 BANKED LINKER/LOCATER V5.12                                                      02/19/2014  22:52:51  PAGE 2


            CODE    AD16H     009FH     UNIT         ?PR?DISPLAY_LODING?S6D0154
            CODE    ADB5H     009CH     UNIT         ?PR?DISPLAY_BLACK?S6D0154
            CODE    AE51H     0091H     UNIT         ?C_INITSEG
            CODE    AEE2H     008CH     UNIT         ?C_C51STARTUP
            CODE    AF6EH     007CH     UNIT         ?PR?_CHINESESTRING?S6D0154
            CODE    AFEAH     007CH     UNIT         ?PR?UART_INTERRUPT_RECEIVE?SERIAL
            CODE    B066H     007BH     UNIT         ?PR?_LCD_SHOWSTRING?S6D0154
            CODE    B0E1H     0072H     UNIT         ?PR?_ADDRESS_SET?S6D0154
            CODE    B153H     004FH     UNIT         ?PR?DISPLAY_BLUE?S6D0154
            CODE    B1A2H     0044H     UNIT         ?PR?DISPLAY_RED?S6D0154
            CODE    B1E6H     003AH     UNIT         ?PR?DISPLAY_LOADING_IMAGE?S6D0154
            CODE    B220H     003AH     UNIT         ?PR?DISPLAY_RUNNING_IMAGE?S6D0154
            CODE    B25AH     0039H     UNIT         ?PR?DISPLAY_GREEN?S6D0154
            CODE    B293H     0033H     UNIT         ?PR?MAIN?MAIN
            CODE    B2C6H     0033H     UNIT         ?PR?DISPLAY_WHITE?S6D0154
            CODE    B2F9H     0021H     UNIT         ?PR?_DELAYMS?SERIAL
            CODE    B31AH     001FH     UNIT         ?PR?INITSYS?MAIN
            CODE    B339H     0019H     UNIT         ?PR?_WRITE_DATA?S6D0154
            CODE    B352H     0018H     UNIT         ?PR?_WRITE_COMD?S6D0154
            CODE    B36AH     000EH     UNIT         ?PR?_LCD_WRITE_DATA?S6D0154
            CODE    B378H     000BH     UNIT         ?PR?TIME0?MAIN
            CODE    B383H     000BH     UNIT         ?PR?_LCD_WRIT_BUS?S6D0154
            CODE    B38EH     0009H     UNIT         ?PR?_LCD_WRITE_COM?S6D0154



OVERLAY MAP OF MODULE:   .\Obj\DisplayTerminalTFT (?C_STARTUP)


SEGMENT                                        PDATA_GROUP
  +--> CALLED SEGMENT                        START    LENGTH
------------------------------------------------------------
?C_C51STARTUP                                -----    -----
  +--> ?PR?MAIN?MAIN
  +--> ?C_INITSEG

?PR?MAIN?MAIN                                -----    -----
  +--> ?PR?INITSYS?MAIN
  +--> ?PR?LCD_INIT?S6D0154
  +--> ?PR?DISPLAY_RUNNING?S6D0154
  +--> ?PR?DISPLAY_RUNNING_REFRESH?S6D0154
  +--> ?PR?_DELAYMS?SERIAL

?PR?LCD_INIT?S6D0154                         -----    -----
  +--> ?PR?_DELAYMS?SERIAL
  +--> ?PR?_LCD_WRITE_COM?S6D0154
  +--> ?PR?_LCD_WRITE_DATA?S6D0154

?PR?_LCD_WRITE_COM?S6D0154                   -----    -----
  +--> ?PR?_LCD_WRIT_BUS?S6D0154

?PR?_LCD_WRITE_DATA?S6D0154                  -----    -----
  +--> ?PR?_LCD_WRIT_BUS?S6D0154

?PR?DISPLAY_RUNNING?S6D0154                  -----    -----
  +--> ?PR?DISPLAY_WHITE?S6D0154
  +--> ?PR?DISPLAY_RUNNING_IMAGE?S6D0154
BL51 BANKED LINKER/LOCATER V5.12                                                      02/19/2014  22:52:51  PAGE 3


  +--> ?CO?S6D0154
  +--> ?PR?_CHINESESTRING?S6D0154
  +--> ?PR?_LCD_SHOWSTRING?S6D0154

?PR?DISPLAY_WHITE?S6D0154                    008CH    0002H
  +--> ?PR?_ADDRESS_SET?S6D0154
  +--> ?PR?_WRITE_DATA?S6D0154

?PR?_ADDRESS_SET?S6D0154                     00BEH    0008H
  +--> ?PR?_LCD_WRITE_COM?S6D0154
  +--> ?PR?_LCD_WRITE_DATA?S6D0154

?PR?DISPLAY_RUNNING_IMAGE?S6D0154            -----    -----
  +--> ?PR?_ADDRESS_SET?S6D0154
  +--> ?CO?S6D0154

?PR?_CHINESESTRING?S6D0154                   008CH    000DH
  +--> ?PR?_CHINESECHAR?S6D0154

?PR?_CHINESECHAR?S6D0154                     0099H    0025H
  +--> ?CO?S6D0154
  +--> ?PR?_ADDRESS_SET?S6D0154
  +--> ?PR?_LCD_WRITE_DATA?S6D0154

?PR?_LCD_SHOWSTRING?S6D0154                  008CH    000DH
  +--> ?PR?_LCD_SHOWCHAR?S6D0154

?PR?_LCD_SHOWCHAR?S6D0154                    0099H    0013H
  +--> ?PR?_ADDRESS_SET?S6D0154
  +--> ?CO?S6D0154
  +--> ?PR?_LCD_WRITE_DATA?S6D0154

?PR?DISPLAY_RUNNING_REFRESH?S6D0154          -----    -----
  +--> ?PR?_LCD_SHOWCHAR?S6D0154
  +--> ?CO?S6D0154
  +--> ?PR?_CHINESESTRING?S6D0154

*** NEW ROOT ***************************************************

?PR?UART_INTERRUPT_RECEIVE?SERIAL            -----    -----
  +--> ?PR?_DELAYMS?SERIAL
  +--> ?PR?SOFT_RESET_TO_ISP_MONITOR?SERIAL
  +--> ?PR?_READSERIALPROCESS?SERIAL



SYMBOL TABLE OF MODULE:  .\Obj\DisplayTerminalTFT (?C_STARTUP)

  VALUE           TYPE          NAME
  ----------------------------------

  -------         MODULE        ?C_STARTUP
  C:AEE2H         SEGMENT       ?C_C51STARTUP
  I:0008H         SEGMENT       ?STACK
  C:0000H         PUBLIC        ?C_STARTUP
  D:00E0H         SYMBOL        ACC
  D:00F0H         SYMBOL        B
BL51 BANKED LINKER/LOCATER V5.12                                                      02/19/2014  22:52:51  PAGE 4


  D:0083H         SYMBOL        DPH
  D:0082H         SYMBOL        DPL
  N:0000H         SYMBOL        IBPSTACK
  N:0100H         SYMBOL        IBPSTACKTOP
  N:0080H         SYMBOL        IDATALEN
  C:AEE5H         SYMBOL        IDATALOOP
  N:0000H         SYMBOL        PBPSTACK
  N:0000H         SYMBOL        PBPSTACKTOP
  N:0000H         SYMBOL        PDATALEN
  N:0000H         SYMBOL        PDATASTART
  N:0000H         SYMBOL        PPAGE
  N:0000H         SYMBOL        PPAGEENABLE
  D:00A0H         SYMBOL        PPAGE_SFR
  D:0081H         SYMBOL        SP
  C:AEE2H         SYMBOL        STARTUP1
  N:0000H         SYMBOL        XBPSTACK
  N:0000H         SYMBOL        XBPSTACKTOP
  N:0000H         SYMBOL        XDATALEN
  N:0000H         SYMBOL        XDATASTART
  C:0000H         LINE#         92
  C:AEE2H         LINE#         99
  C:AEE4H         LINE#         100
  C:AEE5H         LINE#         101
  C:AEE6H         LINE#         102
  C:AEE8H         LINE#         151
  C:AEEBH         LINE#         155
  -------         ENDMOD        ?C_STARTUP

  -------         MODULE        MAIN
  C:0000H         SYMBOL        _ICE_DUMMY_
  D:0090H         PUBLIC        P1
  B:00A8H.7       PUBLIC        EA
  D:00A8H         PUBLIC        IE
  B:00A8H.4       PUBLIC        ES
  D:00B8H         PUBLIC        IP
  D:00D8H         PUBLIC        CCON
  C:B293H         PUBLIC        main
  D:0087H         PUBLIC        PCON
  D:0098H         PUBLIC        SCON
  D:0089H         PUBLIC        TMOD
  D:0088H         PUBLIC        TCON
  B:00A8H.1       PUBLIC        ET0
  B:00A8H.3       PUBLIC        ET1
  D:008CH         PUBLIC        TH0
  D:008DH         PUBLIC        TH1
  D:008AH         PUBLIC        TL0
  D:008BH         PUBLIC        TL1
  B:0088H.4       PUBLIC        TR0
  C:B31AH         PUBLIC        InitSys
  B:0088H.6       PUBLIC        TR1
  C:B378H         PUBLIC        time0
  D:00D0H         PUBLIC        PSW
  -------         PROC          TIME0
  C:B378H         LINE#         23
  C:B378H         LINE#         25
  C:B37AH         LINE#         26
  C:B37DH         LINE#         27
BL51 BANKED LINKER/LOCATER V5.12                                                      02/19/2014  22:52:51  PAGE 5


  C:B380H         LINE#         28
  C:B382H         LINE#         29
  -------         ENDPROC       TIME0
  -------         PROC          INITSYS
  C:B31AH         LINE#         32
  C:B31AH         LINE#         33
  C:B31AH         LINE#         34
  C:B31CH         LINE#         35
  C:B31FH         LINE#         36
  C:B322H         LINE#         37
  C:B325H         LINE#         38
  C:B328H         LINE#         39
  C:B32BH         LINE#         40
  C:B32EH         LINE#         41
  C:B330H         LINE#         42
  C:B332H         LINE#         43
  C:B334H         LINE#         44
  C:B336H         LINE#         45
  C:B338H         LINE#         46
  -------         ENDPROC       INITSYS
  -------         PROC          MAIN
  C:B293H         LINE#         49
  C:B293H         LINE#         50
  C:B293H         LINE#         51
  C:B296H         LINE#         52
  C:B299H         LINE#         53
  C:B29CH         LINE#         54
  C:B29CH         LINE#         55
  C:B29CH         LINE#         56
  C:B29FH         LINE#         57
  C:B2A6H         LINE#         58
  C:B2B1H         LINE#         59
  C:B2BCH         LINE#         60
  C:B2BCH         LINE#         61
  C:B2C1H         LINE#         62
  C:B2C4H         LINE#         63
  C:B2C4H         LINE#         64
  -------         ENDPROC       MAIN
  -------         ENDMOD        MAIN

  -------         MODULE        S6D0154
  C:B339H         SEGMENT       ?PR?_WRITE_DATA?S6D0154
  C:B352H         SEGMENT       ?PR?_WRITE_COMD?S6D0154
  C:B1A2H         SEGMENT       ?PR?DISPLAY_RED?S6D0154
  X:0000H         SEGMENT       ?PD?DISPLAY_RED?S6D0154
  C:B25AH         SEGMENT       ?PR?DISPLAY_GREEN?S6D0154
  X:0004H         SEGMENT       ?PD?DISPLAY_GREEN?S6D0154
  C:B153H         SEGMENT       ?PR?DISPLAY_BLUE?S6D0154
  X:0006H         SEGMENT       ?PD?DISPLAY_BLUE?S6D0154
  C:B2C6H         SEGMENT       ?PR?DISPLAY_WHITE?S6D0154
  X:008CH         SEGMENT       ?PD?DISPLAY_WHITE?S6D0154
  C:ADB5H         SEGMENT       ?PR?DISPLAY_BLACK?S6D0154
  X:0008H         SEGMENT       ?PD?DISPLAY_BLACK?S6D0154
  C:B0E1H         SEGMENT       ?PR?_ADDRESS_SET?S6D0154
  X:00BEH         SEGMENT       ?PD?_ADDRESS_SET?S6D0154
  C:A3B4H         SEGMENT       ?PR?_CHINESECHAR?S6D0154
  X:0099H         SEGMENT       ?PD?_CHINESECHAR?S6D0154
BL51 BANKED LINKER/LOCATER V5.12                                                      02/19/2014  22:52:51  PAGE 6


  C:AF6EH         SEGMENT       ?PR?_CHINESESTRING?S6D0154
  X:008CH         SEGMENT       ?PD?_CHINESESTRING?S6D0154
  C:AA00H         SEGMENT       ?PR?_LCD_SHOWCHAR?S6D0154
  X:0099H         SEGMENT       ?PD?_LCD_SHOWCHAR?S6D0154
  C:B066H         SEGMENT       ?PR?_LCD_SHOWSTRING?S6D0154
  X:008CH         SEGMENT       ?PD?_LCD_SHOWSTRING?S6D0154
  C:AD16H         SEGMENT       ?PR?DISPLAY_LODING?S6D0154
  C:B1E6H         SEGMENT       ?PR?DISPLAY_LOADING_IMAGE?S6D0154
  C:9CA4H         SEGMENT       ?PR?DISPLAY_RUNNING?S6D0154
  C:9512H         SEGMENT       ?PR?DISPLAY_RUNNING_REFRESH?S6D0154
  C:A87BH         SEGMENT       ?PR?DISPLAY_RUNNING1?S6D0154
  C:A6F0H         SEGMENT       ?PR?DISPLAY_RUNNING2?S6D0154
  C:A564H         SEGMENT       ?PR?DISPLAY_RUNNING3?S6D0154
  C:B220H         SEGMENT       ?PR?DISPLAY_RUNNING_IMAGE?S6D0154
  C:B383H         SEGMENT       ?PR?_LCD_WRIT_BUS?S6D0154
  C:B38EH         SEGMENT       ?PR?_LCD_WRITE_COM?S6D0154
  C:B36AH         SEGMENT       ?PR?_LCD_WRITE_DATA?S6D0154
  C:A18FH         SEGMENT       ?PR?LCD_INIT?S6D0154
  C:0026H         SEGMENT       ?CO?S6D0154
  C:AE51H         SEGMENT       ?C_INITSEG
  X:000CH         SEGMENT       ?PD?S6D0154
  X:00BEH         PUBLIC        ?_ADDRESS_SET?BYTE
  X:0099H         PUBLIC        ?_CHINESECHAR?BYTE
  X:008CH         PUBLIC        ?_CHINESESTRING?BYTE
  X:0099H         PUBLIC        ?_LCD_SHOWCHAR?BYTE
  X:008CH         PUBLIC        ?_LCD_SHOWSTRING?BYTE
  X:000CH         PUBLIC        COLORS
  C:ADB5H         PUBLIC        DISPLAY_BLACK
  C:B153H         PUBLIC        DISPLAY_BLUE
  C:B25AH         PUBLIC        DISPLAY_GREEN
  C:B1E6H         PUBLIC        DISPLAY_LOADING_IMAGE
  C:AD16H         PUBLIC        DISPLAY_LODING
  C:B1A2H         PUBLIC        DISPLAY_RED
  C:9CA4H         PUBLIC        DISPLAY_RUNNING
  C:A87BH         PUBLIC        DISPLAY_RUNNING1
  C:A6F0H         PUBLIC        DISPLAY_RUNNING2
  C:A564H         PUBLIC        DISPLAY_RUNNING3
  C:B220H         PUBLIC        DISPLAY_RUNNING_IMAGE
  C:9512H         PUBLIC        DISPLAY_RUNNING_REFRESH
  C:B2C6H         PUBLIC        DISPLAY_WHITE
  C:8309H         PUBLIC        FONT16X24
  C:82A9H         PUBLIC        HZ16
  C:7841H         PUBLIC        HZ24
  C:7631H         PUBLIC        HZ32
  C:A18FH         PUBLIC        LCD_INIT
  C:01F1H         PUBLIC        RASPBERRYPILOGOBIG
  C:5EC1H         PUBLIC        RASPBERRYPILOGOSMALL
  C:B0F5H         PUBLIC        _ADDRESS_SET
  C:A3BEH         PUBLIC        _CHINESECHAR
  C:AF78H         PUBLIC        _CHINESESTRING
  C:AA07H         PUBLIC        _LCD_SHOWCHAR
  C:B071H         PUBLIC        _LCD_SHOWSTRING
  C:B392H         PUBLIC        _LCD_WRITE_COM
  C:B373H         PUBLIC        _LCD_WRITE_DATA
  C:B383H         PUBLIC        _LCD_WRIT_BUS
  C:B359H         PUBLIC        _WRITE_COMD
  C:B341H         PUBLIC        _WRITE_DATA
BL51 BANKED LINKER/LOCATER V5.12                                                      02/19/2014  22:52:51  PAGE 7


  C:B1B6H         SYMBOL        ?C0003
  C:B1E3H         SYMBOL        ?C0004
  C:B1CDH         SYMBOL        ?C0005
  C:B1B9H         SYMBOL        ?C0006
  C:B265H         SYMBOL        ?C0010
  C:B290H         SYMBOL        ?C0011
  C:B27AH         SYMBOL        ?C0012
  C:B268H         SYMBOL        ?C0013
  C:B171H         SYMBOL        ?C0017
  C:B19FH         SYMBOL        ?C0018
  C:B189H         SYMBOL        ?C0019
  C:B174H         SYMBOL        ?C0020
  C:B2CFH         SYMBOL        ?C0024
  C:B2F6H         SYMBOL        ?C0025
  C:B2E0H         SYMBOL        ?C0026
  C:B2D2H         SYMBOL        ?C0027
  C:ADBBH         SYMBOL        ?C0031
  C:ADC9H         SYMBOL        ?C0032
  C:ADCCH         SYMBOL        ?C0034
  C:AE3DH         SYMBOL        ?C0035
  C:AE2EH         SYMBOL        ?C0036
  C:ADD2H         SYMBOL        ?C0037
  C:ADEBH         SYMBOL        ?C0038
  C:ADF1H         SYMBOL        ?C0040
  C:AE0FH         SYMBOL        ?C0041
  C:AE15H         SYMBOL        ?C0043
  C:AE40H         SYMBOL        ?C0046
  C:AE4EH         SYMBOL        ?C0047
  C:A417H         SYMBOL        ?C0051
  C:A455H         SYMBOL        ?C0052
  C:A43AH         SYMBOL        ?C0053
  C:A4B9H         SYMBOL        ?C0056
  C:A561H         SYMBOL        ?C0057
  C:A553H         SYMBOL        ?C0058
  C:A505H         SYMBOL        ?C0059
  C:A4FDH         SYMBOL        ?C0060
  C:A50DH         SYMBOL        ?C0062
  C:A513H         SYMBOL        ?C0063
  C:A546H         SYMBOL        ?C0065
  C:A541H         SYMBOL        ?C0066
  C:AF8BH         SYMBOL        ?C0069
  C:AFE9H         SYMBOL        ?C0071
  C:AA2BH         SYMBOL        ?C0072
  C:AA2BH         SYMBOL        ?C0073
  C:AA65H         SYMBOL        ?C0075
  C:AB40H         SYMBOL        ?C0077
  C:AAC5H         SYMBOL        ?C0078
  C:AB3EH         SYMBOL        ?C0079
  C:AB37H         SYMBOL        ?C0080
  C:AB02H         SYMBOL        ?C0081
  C:AB02H         SYMBOL        ?C0082
  C:AB06H         SYMBOL        ?C0084
  C:AB1AH         SYMBOL        ?C0087
  C:AB26H         SYMBOL        ?C0088
  C:B084H         SYMBOL        ?C0089
  C:B0E0H         SYMBOL        ?C0091
  C:B206H         SYMBOL        ?C0093
BL51 BANKED LINKER/LOCATER V5.12                                                      02/19/2014  22:52:51  PAGE 8


  C:B21DH         SYMBOL        ?C0094
  C:B218H         SYMBOL        ?C0095
  C:B208H         SYMBOL        ?C0096
  C:96A0H         SYMBOL        ?C0101
  C:96CDH         SYMBOL        ?C0102
  C:96FAH         SYMBOL        ?C0103
  C:972DH         SYMBOL        ?C0104
  C:B240H         SYMBOL        ?C0109
  C:B257H         SYMBOL        ?C0110
  C:B252H         SYMBOL        ?C0111
  C:B242H         SYMBOL        ?C0112
  C:B1C7H         SYMBOL        ?C0120
  C:B274H         SYMBOL        ?C0121
  C:B183H         SYMBOL        ?C0122
  C:B2DAH         SYMBOL        ?C0123
  C:ADC3H         SYMBOL        ?C0124
  C:AE33H         SYMBOL        ?C0125
  C:AE3BH         SYMBOL        ?C0126
  C:AE48H         SYMBOL        ?C0127
  C:A4F3H         SYMBOL        ?C0128
  C:A533H         SYMBOL        ?C0129
  C:A538H         SYMBOL        ?C0130
  C:AAB8H         SYMBOL        ?C0131
  C:AAD7H         SYMBOL        ?C0132
  C:A543H         SYMBOL        ?C0133
  C:A507H         SYMBOL        ?C0134
  C:AB23H         SYMBOL        ?C0135
  C:96C3H         SYMBOL        ?C0136
  C:971DH         SYMBOL        ?C0137
  X:0008H         SYMBOL        ?DISPLAY_BLACK?BYTE
  X:0006H         SYMBOL        ?DISPLAY_BLUE?BYTE
  X:0004H         SYMBOL        ?DISPLAY_GREEN?BYTE
  X:0000H         SYMBOL        ?DISPLAY_RED?BYTE
  X:008CH         SYMBOL        ?DISPLAY_WHITE?BYTE
  C:0026H         SYMBOL        ?SC_0
  C:0031H         SYMBOL        ?SC_11
  C:0099H         SYMBOL        ?SC_115
  C:00ADH         SYMBOL        ?SC_135
  C:0034H         SYMBOL        ?SC_14
  C:00C1H         SYMBOL        ?SC_155
  C:00D5H         SYMBOL        ?SC_175
  C:0039H         SYMBOL        ?SC_19
  C:00E5H         SYMBOL        ?SC_191
  C:0028H         SYMBOL        ?SC_2
  C:00F5H         SYMBOL        ?SC_207
  C:0105H         SYMBOL        ?SC_223
  C:003DH         SYMBOL        ?SC_23
  C:0119H         SYMBOL        ?SC_243
  C:0040H         SYMBOL        ?SC_26
  C:012DH         SYMBOL        ?SC_263
  C:0141H         SYMBOL        ?SC_283
  C:0043H         SYMBOL        ?SC_29
  C:0155H         SYMBOL        ?SC_303
  C:0046H         SYMBOL        ?SC_32
  C:0169H         SYMBOL        ?SC_323
  C:0179H         SYMBOL        ?SC_339
  C:0049H         SYMBOL        ?SC_35
BL51 BANKED LINKER/LOCATER V5.12                                                      02/19/2014  22:52:51  PAGE 9


  C:018AH         SYMBOL        ?SC_356
  C:019BH         SYMBOL        ?SC_373
  C:004CH         SYMBOL        ?SC_38
  C:01B0H         SYMBOL        ?SC_394
  C:002AH         SYMBOL        ?SC_4
  C:01C5H         SYMBOL        ?SC_415
  C:0050H         SYMBOL        ?SC_42
  C:01DAH         SYMBOL        ?SC_436
  C:0053H         SYMBOL        ?SC_45
  C:01EFH         SYMBOL        ?SC_457
  C:0056H         SYMBOL        ?SC_48
  C:0059H         SYMBOL        ?SC_51
  C:005CH         SYMBOL        ?SC_54
  C:002CH         SYMBOL        ?SC_6
  C:006CH         SYMBOL        ?SC_70
  C:0075H         SYMBOL        ?SC_79
  C:002FH         SYMBOL        ?SC_9
  C:0085H         SYMBOL        ?SC_95
  B:00D0H.6       SYMBOL        AC
  D:00E0H         SYMBOL        ACC
  D:00BCH         SYMBOL        ADC_CONTR
  D:00BDH         SYMBOL        ADC_RES
  D:00BEH         SYMBOL        ADC_RESL
  D:008EH         SYMBOL        AUXR
  D:00A2H         SYMBOL        AUXR1
  D:00F0H         SYMBOL        B
  X:00A1H         SYMBOL        BK_COLOR?1086
  X:0094H         SYMBOL        BK_COLOR?1198
  X:00A1H         SYMBOL        BK_COLOR?864
  X:0094H         SYMBOL        BK_COLOR?980
  D:009CH         SYMBOL        BRT
  D:00A1H         SYMBOL        BUS_SPEED
  X:00A5H         SYMBOL        BYTES?1089
  X:00A3H         SYMBOL        C?865
  D:00FAH         SYMBOL        CCAP0H
  D:00EAH         SYMBOL        CCAP0L
  D:00FBH         SYMBOL        CCAP1H
  D:00EBH         SYMBOL        CCAP1L
  D:00DAH         SYMBOL        CCAPM0
  D:00DBH         SYMBOL        CCAPM1
  B:00D8H.0       SYMBOL        CCF0
  B:00D8H.1       SYMBOL        CCF1
  D:00D8H         SYMBOL        CCON
  B:00D8H.7       SYMBOL        CF
  D:00F9H         SYMBOL        CH
  X:00A3H         SYMBOL        CH?1087
  X:00AAH         SYMBOL        CHAR_H?1093
  X:00A8H         SYMBOL        CHAR_W?1092
  D:00E9H         SYMBOL        CL
  D:0097H         SYMBOL        CLK_DIV
  D:00D9H         SYMBOL        CMOD
  B:00D8H.6       SYMBOL        CR
  B:00D0H.7       SYMBOL        CY
  D:0083H         SYMBOL        DPH
  D:0082H         SYMBOL        DPL
  X:00A4H         SYMBOL        E?866
  B:00A8H.7       SYMBOL        EA
BL51 BANKED LINKER/LOCATER V5.12                                                      02/19/2014  22:52:51  PAGE 10


  B:00A8H.5       SYMBOL        EADC
  X:00AAH         SYMBOL        ED?869
  B:00A8H.6       SYMBOL        ELVD
  B:00A8H.4       SYMBOL        ES
  B:00A8H.1       SYMBOL        ET0
  B:00A8H.3       SYMBOL        ET1
  B:00A8H.0       SYMBOL        EX0
  B:00A8H.2       SYMBOL        EX1
  B:00D0H.5       SYMBOL        F0
  X:00B5H         SYMBOL        FONTTABLE?875
  X:009FH         SYMBOL        FOR_COLOR?1085
  X:0092H         SYMBOL        FOR_COLOR?1197
  X:009FH         SYMBOL        FOR_COLOR?863
  X:0092H         SYMBOL        FOR_COLOR?979
  X:0000H         SYMBOL        I?244
  X:0004H         SYMBOL        I?347
  X:0006H         SYMBOL        I?449
  X:008CH         SYMBOL        I?551
  X:00A6H         SYMBOL        I?867
  D:00C3H         SYMBOL        IAP_ADDRH
  D:00C4H         SYMBOL        IAP_ADDRL
  D:00C5H         SYMBOL        IAP_CMD
  D:00C7H         SYMBOL        IAP_CONTR
  D:00C2H         SYMBOL        IAP_DATA
  D:00C6H         SYMBOL        IAP_TRIG
  D:00A8H         SYMBOL        IE
  B:0088H.1       SYMBOL        IE0
  B:0088H.3       SYMBOL        IE1
  D:00AFH         SYMBOL        IE2
  D:00B8H         SYMBOL        IP
  D:00B5H         SYMBOL        IP2
  D:00B7H         SYMBOL        IPH
  D:00B6H         SYMBOL        IPH2
  B:0088H.0       SYMBOL        IT0
  B:0088H.2       SYMBOL        IT1
  X:0008H         SYMBOL        J?654
  X:00A8H         SYMBOL        J?868
  X:0002H         SYMBOL        K?246
  X:000AH         SYMBOL        K?655
  C:B066H         SYMBOL        L?0138
  C:B067H         SYMBOL        L?0139
  C:B06AH         SYMBOL        L?0140
  C:AA00H         SYMBOL        L?0141
  C:AF6EH         SYMBOL        L?0142
  C:AF72H         SYMBOL        L?0143
  C:AF74H         SYMBOL        L?0144
  C:B0E1H         SYMBOL        L?0145
  C:B0E1H         SYMBOL        L?0146
  C:B0E5H         SYMBOL        L?0147
  C:B36AH         SYMBOL        L?0148
  C:B36CH         SYMBOL        L?0149
  C:B339H         SYMBOL        L?0150
  C:B339H         SYMBOL        L?0151
  C:B33DH         SYMBOL        L?0152
  C:A3B4H         SYMBOL        L?0153
  C:A3B8H         SYMBOL        L?0154
  C:B38EH         SYMBOL        L?0155
BL51 BANKED LINKER/LOCATER V5.12                                                      02/19/2014  22:52:51  PAGE 11


  C:B38EH         SYMBOL        L?0156
  C:B352H         SYMBOL        L?0157
  C:B354H         SYMBOL        L?0158
  B:0090H.0       SYMBOL        LCD_CS
  B:0090H.1       SYMBOL        LCD_DC
  B:0090H.3       SYMBOL        LCD_RD
  B:0090H.4       SYMBOL        LCD_RST
  B:0090H.2       SYMBOL        LCD_WR
  X:00B0H         SYMBOL        NBYTES?872
  X:00ACH         SYMBOL        NCOLS?870
  X:00AEH         SYMBOL        NROWS?871
  B:00D0H.2       SYMBOL        OV
  B:00D0H.0       SYMBOL        P
  D:0080H         SYMBOL        P0
  D:0094H         SYMBOL        P0M0
  D:0093H         SYMBOL        P0M1
  D:0090H         SYMBOL        P1
  D:009DH         SYMBOL        P1ASF
  D:0092H         SYMBOL        P1M0
  D:0091H         SYMBOL        P1M1
  D:00A0H         SYMBOL        P2
  D:0096H         SYMBOL        P2M0
  D:0095H         SYMBOL        P2M1
  D:00B0H         SYMBOL        P3
  D:00B2H         SYMBOL        P3M0
  D:00B1H         SYMBOL        P3M1
  D:00C0H         SYMBOL        P4
  D:00B4H         SYMBOL        P4M0
  D:00B3H         SYMBOL        P4M1
  D:00BBH         SYMBOL        P4SW
  D:00C8H         SYMBOL        P5
  D:00CAH         SYMBOL        P5M0
  D:00C9H         SYMBOL        P5M1
  X:0096H         SYMBOL        P?1199
  X:0096H         SYMBOL        P?981
  B:00B8H.5       SYMBOL        PADC
  D:00F2H         SYMBOL        PCA_PWM0
  D:00F3H         SYMBOL        PCA_PWM1
  X:00B2H         SYMBOL        PCHAR?874
  D:0087H         SYMBOL        PCON
  B:00B8H.6       SYMBOL        PLVD
  X:00A6H         SYMBOL        POS?1090
  B:00B8H.7       SYMBOL        PPCA
  B:00B8H.4       SYMBOL        PS
  D:00D0H         SYMBOL        PSW
  B:00B8H.1       SYMBOL        PT0
  B:00B8H.3       SYMBOL        PT1
  B:00B8H.0       SYMBOL        PX0
  B:00B8H.2       SYMBOL        PX1
  B:0098H.2       SYMBOL        RB8
  B:0098H.4       SYMBOL        REN
  B:0098H.0       SYMBOL        RI
  B:00D0H.3       SYMBOL        RS0
  B:00D0H.4       SYMBOL        RS1
  D:009BH         SYMBOL        S2BUF
  D:009AH         SYMBOL        S2CON
  N:0000H         SYMBOL        S6D0154
BL51 BANKED LINKER/LOCATER V5.12                                                      02/19/2014  22:52:51  PAGE 12


  D:00A9H         SYMBOL        SADDR
  D:00B9H         SYMBOL        SADEN
  D:0099H         SYMBOL        SBUF
  D:0098H         SYMBOL        SCON
  X:009DH         SYMBOL        SIZE?1084
  X:0090H         SYMBOL        SIZE?1196
  X:009DH         SYMBOL        SIZE?862
  X:0090H         SYMBOL        SIZE?978
  B:0098H.7       SYMBOL        SM0
  B:0098H.6       SYMBOL        SM1
  B:0098H.5       SYMBOL        SM2
  D:0081H         SYMBOL        SP
  D:00CEH         SYMBOL        SPCTL
  D:00CFH         SYMBOL        SPDAT
  D:00CDH         SYMBOL        SPSTAT
  X:00A7H         SYMBOL        T?1091
  B:0098H.3       SYMBOL        TB8
  D:0088H         SYMBOL        TCON
  X:00A4H         SYMBOL        TEMP?1088
  B:0088H.5       SYMBOL        TF0
  B:0088H.7       SYMBOL        TF1
  D:008CH         SYMBOL        TH0
  D:008DH         SYMBOL        TH1
  B:0098H.1       SYMBOL        TI
  D:008AH         SYMBOL        TL0
  D:008BH         SYMBOL        TL1
  D:0089H         SYMBOL        TMOD
  B:0088H.4       SYMBOL        TR0
  B:0088H.6       SYMBOL        TR1
  D:008FH         SYMBOL        WAKE_CLKO
  D:00C1H         SYMBOL        WDT_CONTR
  X:00BEH         SYMBOL        X1?756
  X:00C2H         SYMBOL        X2?758
  X:0099H         SYMBOL        X?1082
  X:008CH         SYMBOL        X?1194
  X:0099H         SYMBOL        X?860
  X:008CH         SYMBOL        X?976
  X:00C0H         SYMBOL        Y1?757
  X:00C4H         SYMBOL        Y2?759
  X:009BH         SYMBOL        Y?1083
  X:008EH         SYMBOL        Y?1195
  X:009BH         SYMBOL        Y?861
  X:008EH         SYMBOL        Y?977
  C:9509H         SYMBOL        _?IX1000
  C:B339H         LINE#         36224
  C:B33BH         LINE#         36225
  C:B33DH         LINE#         36227
  C:B33FH         LINE#         36228
  C:B341H         LINE#         36238
  C:B343H         LINE#         36241
  C:B345H         LINE#         36244
  C:B347H         LINE#         36247
  C:B349H         LINE#         36250
  C:B34BH         LINE#         36253
  C:B34DH         LINE#         36256
  C:B34FH         LINE#         36259
  C:B351H         LINE#         36262
BL51 BANKED LINKER/LOCATER V5.12                                                      02/19/2014  22:52:51  PAGE 13


  C:B352H         LINE#         36272
  C:B354H         LINE#         36274
  C:B356H         LINE#         36275
  C:B357H         LINE#         36276
  C:B358H         LINE#         36277
  C:B359H         LINE#         36287
  C:B35BH         LINE#         36290
  C:B35DH         LINE#         36293
  C:B35FH         LINE#         36296
  C:B361H         LINE#         36299
  C:B363H         LINE#         36302
  C:B365H         LINE#         36305
  C:B367H         LINE#         36308
  C:B369H         LINE#         36311
  C:B1A2H         LINE#         36326
  C:B1A3H         LINE#         36327
  C:B1A5H         LINE#         36328
  C:B1A6H         LINE#         36329
  C:B1A7H         LINE#         36330
  C:B1A8H         LINE#         36333
  C:B1AAH         LINE#         36336
  C:B1ABH         LINE#         36337
  C:B1AEH         LINE#         36340
  C:B1B1H         LINE#         36343
  C:B1B3H         LINE#         36344
  C:B1B4H         LINE#         36345
  C:B1B5H         LINE#         36346
  C:B1B6H         LINE#         36353
  C:B1B7H         LINE#         36354
  C:B1B8H         LINE#         36355
  C:B1B9H         LINE#         36361
  C:B1BAH         LINE#         36362
  C:B1BBH         LINE#         36363
  C:B1BCH         LINE#         36364
  C:B1BEH         LINE#         36365
  C:B1BFH         LINE#         36366
  C:B1C2H         LINE#         36369
  C:B1C3H         LINE#         36370
  C:B1C6H         LINE#         36371
  C:B1C7H         LINE#         36373
  C:B1C8H         LINE#         36374
  C:B1CAH         LINE#         36375
  C:B1CBH         LINE#         36376
  C:B1CDH         LINE#         36380
  C:B1CFH         LINE#         36381
  C:B1D0H         LINE#         36382
  C:B1D2H         LINE#         36383
  C:B1D3H         LINE#         36384
  C:B1D4H         LINE#         36385
  C:B1D5H         LINE#         36386
  C:B1D7H         LINE#         36387
  C:B1D8H         LINE#         36388
  C:B1D9H         LINE#         36389
  C:B1DAH         LINE#         36390
  C:B1DBH         LINE#         36391
  C:B1DDH         LINE#         36392
  C:B1DEH         LINE#         36393
BL51 BANKED LINKER/LOCATER V5.12                                                      02/19/2014  22:52:51  PAGE 14


  C:B1DFH         LINE#         36394
  C:B1E1H         LINE#         36395
  C:B1E3H         LINE#         36399
  C:B1E5H         LINE#         36402
  C:B25AH         LINE#         36420
  C:B25DH         LINE#         36423
  C:B260H         LINE#         36426
  C:B262H         LINE#         36427
  C:B263H         LINE#         36428
  C:B264H         LINE#         36429
  C:B265H         LINE#         36436
  C:B266H         LINE#         36437
  C:B267H         LINE#         36438
  C:B268H         LINE#         36444
  C:B26AH         LINE#         36445
  C:B26CH         LINE#         36446
  C:B26FH         LINE#         36449
  C:B270H         LINE#         36450
  C:B273H         LINE#         36451
  C:B274H         LINE#         36453
  C:B275H         LINE#         36454
  C:B277H         LINE#         36455
  C:B278H         LINE#         36456
  C:B27AH         LINE#         36460
  C:B27CH         LINE#         36461
  C:B27DH         LINE#         36462
  C:B27FH         LINE#         36463
  C:B280H         LINE#         36464
  C:B281H         LINE#         36465
  C:B282H         LINE#         36466
  C:B284H         LINE#         36467
  C:B285H         LINE#         36468
  C:B286H         LINE#         36469
  C:B287H         LINE#         36470
  C:B288H         LINE#         36471
  C:B28AH         LINE#         36472
  C:B28BH         LINE#         36473
  C:B28CH         LINE#         36474
  C:B28EH         LINE#         36475
  C:B290H         LINE#         36479
  C:B292H         LINE#         36482
  C:B153H         LINE#         36498
  C:B155H         LINE#         36501
  C:B157H         LINE#         36502
  C:B15AH         LINE#         36505
  C:B15BH         LINE#         36506
  C:B15EH         LINE#         36509
  C:B160H         LINE#         36510
  C:B163H         LINE#         36513
  C:B164H         LINE#         36514
  C:B167H         LINE#         36517
  C:B169H         LINE#         36518
  C:B16CH         LINE#         36521
  C:B16EH         LINE#         36522
  C:B16FH         LINE#         36523
  C:B170H         LINE#         36524
  C:B171H         LINE#         36531
BL51 BANKED LINKER/LOCATER V5.12                                                      02/19/2014  22:52:51  PAGE 15


  C:B172H         LINE#         36532
  C:B173H         LINE#         36533
  C:B174H         LINE#         36539
  C:B176H         LINE#         36540
  C:B178H         LINE#         36541
  C:B179H         LINE#         36542
  C:B17AH         LINE#         36543
  C:B17BH         LINE#         36544
  C:B17EH         LINE#         36547
  C:B17FH         LINE#         36548
  C:B182H         LINE#         36549
  C:B183H         LINE#         36551
  C:B184H         LINE#         36552
  C:B186H         LINE#         36553
  C:B187H         LINE#         36554
  C:B189H         LINE#         36558
  C:B18BH         LINE#         36559
  C:B18CH         LINE#         36560
  C:B18EH         LINE#         36561
  C:B18FH         LINE#         36562
  C:B190H         LINE#         36563
  C:B191H         LINE#         36564
  C:B193H         LINE#         36565
  C:B194H         LINE#         36566
  C:B195H         LINE#         36567
  C:B196H         LINE#         36568
  C:B197H         LINE#         36569
  C:B199H         LINE#         36570
  C:B19AH         LINE#         36571
  C:B19BH         LINE#         36572
  C:B19DH         LINE#         36573
  C:B19FH         LINE#         36577
  C:B1A1H         LINE#         36580
  C:B2C6H         LINE#         36598
  C:B2C9H         LINE#         36601
  C:B2CAH         LINE#         36602
  C:B2CCH         LINE#         36603
  C:B2CDH         LINE#         36604
  C:B2CEH         LINE#         36605
  C:B2CFH         LINE#         36612
  C:B2D0H         LINE#         36613
  C:B2D1H         LINE#         36614
  C:B2D2H         LINE#         36620
  C:B2D5H         LINE#         36624
  C:B2D6H         LINE#         36625
  C:B2D9H         LINE#         36626
  C:B2DAH         LINE#         36628
  C:B2DBH         LINE#         36629
  C:B2DDH         LINE#         36630
  C:B2DEH         LINE#         36631
  C:B2E0H         LINE#         36635
  C:B2E2H         LINE#         36636
  C:B2E3H         LINE#         36637
  C:B2E5H         LINE#         36638
  C:B2E6H         LINE#         36639
  C:B2E7H         LINE#         36640
  C:B2E8H         LINE#         36641
BL51 BANKED LINKER/LOCATER V5.12                                                      02/19/2014  22:52:51  PAGE 16


  C:B2EAH         LINE#         36642
  C:B2EBH         LINE#         36643
  C:B2ECH         LINE#         36644
  C:B2EDH         LINE#         36645
  C:B2EEH         LINE#         36646
  C:B2F0H         LINE#         36647
  C:B2F1H         LINE#         36648
  C:B2F2H         LINE#         36649
  C:B2F4H         LINE#         36650
  C:B2F6H         LINE#         36654
  C:B2F8H         LINE#         36657
  C:ADB5H         LINE#         36675
  C:ADB8H         LINE#         36679
  C:ADB9H         LINE#         36680
  C:ADBAH         LINE#         36681
  C:ADBBH         LINE#         36687
  C:ADBEH         LINE#         36690
  C:ADBFH         LINE#         36691
  C:ADC2H         LINE#         36692
  C:ADC3H         LINE#         36694
  C:ADC4H         LINE#         36695
  C:ADC6H         LINE#         36696
  C:ADC7H         LINE#         36697
  C:ADC9H         LINE#         36701
  C:ADCAH         LINE#         36702
  C:ADCBH         LINE#         36703
  C:ADCCH         LINE#         36709
  C:ADCDH         LINE#         36710
  C:ADCFH         LINE#         36711
  C:ADD0H         LINE#         36712
  C:ADD1H         LINE#         36713
  C:ADD2H         LINE#         36719
  C:ADD5H         LINE#         36722
  C:ADD7H         LINE#         36723
  C:ADD8H         LINE#         36724
  C:ADDAH         LINE#         36725
  C:ADDBH         LINE#         36726
  C:ADDCH         LINE#         36727
  C:ADDDH         LINE#         36728
  C:ADDFH         LINE#         36729
  C:ADE0H         LINE#         36730
  C:ADE1H         LINE#         36731
  C:ADE2H         LINE#         36732
  C:ADE3H         LINE#         36733
  C:ADE5H         LINE#         36734
  C:ADE6H         LINE#         36735
  C:ADE7H         LINE#         36736
  C:ADE9H         LINE#         36737
  C:ADEBH         LINE#         36741
  C:ADECH         LINE#         36742
  C:ADEEH         LINE#         36743
  C:ADEFH         LINE#         36744
  C:ADF0H         LINE#         36745
  C:ADF1H         LINE#         36751
  C:ADF2H         LINE#         36752
  C:ADF3H         LINE#         36753
  C:ADF4H         LINE#         36754
BL51 BANKED LINKER/LOCATER V5.12                                                      02/19/2014  22:52:51  PAGE 17


  C:ADF5H         LINE#         36755
  C:ADF6H         LINE#         36756
  C:ADF9H         LINE#         36759
  C:ADFBH         LINE#         36760
  C:ADFCH         LINE#         36761
  C:ADFEH         LINE#         36762
  C:ADFFH         LINE#         36763
  C:AE00H         LINE#         36764
  C:AE01H         LINE#         36765
  C:AE03H         LINE#         36766
  C:AE04H         LINE#         36767
  C:AE05H         LINE#         36768
  C:AE06H         LINE#         36769
  C:AE07H         LINE#         36770
  C:AE09H         LINE#         36771
  C:AE0AH         LINE#         36772
  C:AE0BH         LINE#         36773
  C:AE0DH         LINE#         36774
  C:AE0FH         LINE#         36778
  C:AE10H         LINE#         36779
  C:AE12H         LINE#         36780
  C:AE13H         LINE#         36781
  C:AE14H         LINE#         36782
  C:AE15H         LINE#         36788
  C:AE18H         LINE#         36791
  C:AE1AH         LINE#         36792
  C:AE1BH         LINE#         36793
  C:AE1DH         LINE#         36794
  C:AE1EH         LINE#         36795
  C:AE1FH         LINE#         36796
  C:AE20H         LINE#         36797
  C:AE22H         LINE#         36798
  C:AE23H         LINE#         36799
  C:AE24H         LINE#         36800
  C:AE25H         LINE#         36801
  C:AE26H         LINE#         36802
  C:AE28H         LINE#         36803
  C:AE29H         LINE#         36804
  C:AE2AH         LINE#         36805
  C:AE2CH         LINE#         36806
  C:AE2EH         LINE#         36810
  C:AE2FH         LINE#         36811
  C:AE32H         LINE#         36812
  C:AE33H         LINE#         36814
  C:AE34H         LINE#         36815
  C:AE36H         LINE#         36816
  C:AE38H         LINE#         36817
  C:AE39H         LINE#         36818
  C:AE3BH         LINE#         36820
  C:AE3DH         LINE#         36824
  C:AE3EH         LINE#         36825
  C:AE3FH         LINE#         36826
  C:AE40H         LINE#         36832
  C:AE43H         LINE#         36835
  C:AE44H         LINE#         36836
  C:AE47H         LINE#         36837
  C:AE48H         LINE#         36839
BL51 BANKED LINKER/LOCATER V5.12                                                      02/19/2014  22:52:51  PAGE 18


  C:AE49H         LINE#         36840
  C:AE4BH         LINE#         36841
  C:AE4CH         LINE#         36842
  C:AE4EH         LINE#         36846
  C:AE50H         LINE#         36849
  C:B0E1H         LINE#         36860
  C:B0E3H         LINE#         36861
  C:B0E5H         LINE#         36863
  C:B0E7H         LINE#         36864
  C:B0E8H         LINE#         36865
  C:B0E9H         LINE#         36866
  C:B0EBH         LINE#         36867
  C:B0ECH         LINE#         36868
  C:B0EEH         LINE#         36869
  C:B0F0H         LINE#         36870
  C:B0F1H         LINE#         36871
  C:B0F2H         LINE#         36872
  C:B0F3H         LINE#         36873
  C:B0F4H         LINE#         36874
  C:B0F5H         LINE#         36878
  C:B0F7H         LINE#         36879
  C:B0F8H         LINE#         36880
  C:B0F9H         LINE#         36881
  C:B0FAH         LINE#         36882
  C:B0FBH         LINE#         36883
  C:B0FCH         LINE#         36884
  C:B0FDH         LINE#         36885
  C:B0FEH         LINE#         36886
  C:B0FFH         LINE#         36887
  C:B100H         LINE#         36888
  C:B101H         LINE#         36889
  C:B102H         LINE#         36890
  C:B103H         LINE#         36891
  C:B104H         LINE#         36892
  C:B105H         LINE#         36893
  C:B106H         LINE#         36894
  C:B107H         LINE#         36895
  C:B108H         LINE#         36900
  C:B10AH         LINE#         36901
  C:B10BH         LINE#         36902
  C:B10CH         LINE#         36903
  C:B10FH         LINE#         36904
  C:B112H         LINE#         36907
  C:B114H         LINE#         36908
  C:B115H         LINE#         36909
  C:B116H         LINE#         36910
  C:B119H         LINE#         36911
  C:B11BH         LINE#         36912
  C:B11EH         LINE#         36915
  C:B120H         LINE#         36916
  C:B121H         LINE#         36917
  C:B122H         LINE#         36918
  C:B125H         LINE#         36919
  C:B128H         LINE#         36922
  C:B12AH         LINE#         36923
  C:B12BH         LINE#         36924
  C:B12CH         LINE#         36925
BL51 BANKED LINKER/LOCATER V5.12                                                      02/19/2014  22:52:51  PAGE 19


  C:B12FH         LINE#         36926
  C:B131H         LINE#         36927
  C:B134H         LINE#         36930
  C:B136H         LINE#         36931
  C:B137H         LINE#         36932
  C:B138H         LINE#         36933
  C:B13BH         LINE#         36934
  C:B13DH         LINE#         36935
  C:B140H         LINE#         36938
  C:B142H         LINE#         36939
  C:B143H         LINE#         36940
  C:B144H         LINE#         36941
  C:B147H         LINE#         36942
  C:B149H         LINE#         36943
  C:B14CH         LINE#         36946
  C:B14EH         LINE#         36947
  C:B14FH         LINE#         36948
  C:B150H         LINE#         36949
  C:A3B4H         LINE#         36960
  C:A3B6H         LINE#         36961
  C:A3B8H         LINE#         36963
  C:A3BAH         LINE#         36964
  C:A3BCH         LINE#         36965
  C:A3BEH         LINE#         36969
  C:A3C0H         LINE#         36970
  C:A3C1H         LINE#         36971
  C:A3C2H         LINE#         36972
  C:A3C3H         LINE#         36973
  C:A3C4H         LINE#         36974
  C:A3C5H         LINE#         36975
  C:A3C6H         LINE#         36976
  C:A3C7H         LINE#         36977
  C:A3C8H         LINE#         36978
  C:A3C9H         LINE#         36979
  C:A3CAH         LINE#         36980
  C:A3CBH         LINE#         36981
  C:A3CCH         LINE#         36982
  C:A3CDH         LINE#         36983
  C:A3CEH         LINE#         36984
  C:A3CFH         LINE#         36985
  C:A3D0H         LINE#         36986
  C:A3D1H         LINE#         36998
  C:A3D3H         LINE#         36999
  C:A3D5H         LINE#         37000
  C:A3D7H         LINE#         37001
  C:A3D9H         LINE#         37002
  C:A3DBH         LINE#         37003
  C:A3DDH         LINE#         37004
  C:A3DFH         LINE#         37005
  C:A3E1H         LINE#         37006
  C:A3E4H         LINE#         37009
  C:A3E6H         LINE#         37010
  C:A3E7H         LINE#         37011
  C:A3E8H         LINE#         37012
  C:A3E9H         LINE#         37013
  C:A3EAH         LINE#         37014
  C:A3EBH         LINE#         37015
BL51 BANKED LINKER/LOCATER V5.12                                                      02/19/2014  22:52:51  PAGE 20


  C:A3EEH         LINE#         37016
  C:A3EFH         LINE#         37017
  C:A3F1H         LINE#         37018
  C:A3F2H         LINE#         37019
  C:A3F3H         LINE#         37020
  C:A3F4H         LINE#         37021
  C:A3F5H         LINE#         37022
  C:A3F6H         LINE#         37023
  C:A3F7H         LINE#         37024
  C:A3F8H         LINE#         37025
  C:A3F9H         LINE#         37026
  C:A3FAH         LINE#         37030
  C:A3FCH         LINE#         37033
  C:A3FDH         LINE#         37034
  C:A3FEH         LINE#         37035
  C:A400H         LINE#         37040
  C:A402H         LINE#         37041
  C:A403H         LINE#         37042
  C:A404H         LINE#         37043
  C:A406H         LINE#         37044
  C:A407H         LINE#         37047
  C:A408H         LINE#         37048
  C:A409H         LINE#         37049
  C:A40AH         LINE#         37050
  C:A40BH         LINE#         37051
  C:A40DH         LINE#         37052
  C:A40EH         LINE#         37055
  C:A40FH         LINE#         37056
  C:A410H         LINE#         37057
  C:A411H         LINE#         37058
  C:A412H         LINE#         37059
  C:A414H         LINE#         37060
  C:A415H         LINE#         37063
  C:A417H         LINE#         37070
  C:A419H         LINE#         37071
  C:A41AH         LINE#         37072
  C:A41BH         LINE#         37073
  C:A41CH         LINE#         37074
  C:A41DH         LINE#         37075
  C:A41EH         LINE#         37076
  C:A420H         LINE#         37077
  C:A421H         LINE#         37078
  C:A423H         LINE#         37083
  C:A425H         LINE#         37084
  C:A426H         LINE#         37085
  C:A427H         LINE#         37086
  C:A429H         LINE#         37087
  C:A42AH         LINE#         37090
  C:A42BH         LINE#         37091
  C:A42CH         LINE#         37092
  C:A42DH         LINE#         37093
  C:A42EH         LINE#         37094
  C:A430H         LINE#         37095
  C:A431H         LINE#         37098
  C:A432H         LINE#         37099
  C:A433H         LINE#         37100
  C:A434H         LINE#         37101
BL51 BANKED LINKER/LOCATER V5.12                                                      02/19/2014  22:52:51  PAGE 21


  C:A435H         LINE#         37102
  C:A437H         LINE#         37103
  C:A438H         LINE#         37106
  C:A43AH         LINE#         37113
  C:A43BH         LINE#         37114
  C:A43DH         LINE#         37115
  C:A43EH         LINE#         37116
  C:A440H         LINE#         37121
  C:A442H         LINE#         37122
  C:A443H         LINE#         37123
  C:A444H         LINE#         37124
  C:A446H         LINE#         37125
  C:A447H         LINE#         37128
  C:A448H         LINE#         37129
  C:A449H         LINE#         37130
  C:A44AH         LINE#         37131
  C:A44BH         LINE#         37132
  C:A44DH         LINE#         37133
  C:A44EH         LINE#         37136
  C:A44FH         LINE#         37137
  C:A450H         LINE#         37138
  C:A451H         LINE#         37139
  C:A452H         LINE#         37140
  C:A454H         LINE#         37141
  C:A455H         LINE#         37151
  C:A457H         LINE#         37152
  C:A458H         LINE#         37153
  C:A459H         LINE#         37154
  C:A45AH         LINE#         37155
  C:A45CH         LINE#         37156
  C:A45DH         LINE#         37157
  C:A45EH         LINE#         37158
  C:A460H         LINE#         37159
  C:A461H         LINE#         37160
  C:A462H         LINE#         37161
  C:A464H         LINE#         37162
  C:A465H         LINE#         37163
  C:A467H         LINE#         37164
  C:A468H         LINE#         37165
  C:A469H         LINE#         37166
  C:A46AH         LINE#         37167
  C:A46BH         LINE#         37168
  C:A46CH         LINE#         37169
  C:A46FH         LINE#         37170
  C:A470H         LINE#         37171
  C:A471H         LINE#         37172
  C:A472H         LINE#         37173
  C:A473H         LINE#         37174
  C:A474H         LINE#         37175
  C:A475H         LINE#         37176
  C:A477H         LINE#         37177
  C:A478H         LINE#         37178
  C:A479H         LINE#         37179
  C:A47AH         LINE#         37180
  C:A47BH         LINE#         37181
  C:A47CH         LINE#         37182
  C:A47DH         LINE#         37183
BL51 BANKED LINKER/LOCATER V5.12                                                      02/19/2014  22:52:51  PAGE 22


  C:A47EH         LINE#         37184
  C:A47FH         LINE#         37187
  C:A481H         LINE#         37188
  C:A482H         LINE#         37189
  C:A483H         LINE#         37190
  C:A484H         LINE#         37191
  C:A485H         LINE#         37192
  C:A486H         LINE#         37193
  C:A488H         LINE#         37194
  C:A489H         LINE#         37195
  C:A48AH         LINE#         37196
  C:A48BH         LINE#         37197
  C:A48CH         LINE#         37198
  C:A48DH         LINE#         37199
  C:A48FH         LINE#         37200
  C:A490H         LINE#         37201
  C:A491H         LINE#         37202
  C:A492H         LINE#         37203
  C:A493H         LINE#         37204
  C:A494H         LINE#         37205
  C:A495H         LINE#         37206
  C:A496H         LINE#         37207
  C:A498H         LINE#         37208
  C:A499H         LINE#         37209
  C:A49AH         LINE#         37210
  C:A49BH         LINE#         37211
  C:A49CH         LINE#         37212
  C:A49DH         LINE#         37213
  C:A49FH         LINE#         37214
  C:A4A0H         LINE#         37215
  C:A4A1H         LINE#         37216
  C:A4A3H         LINE#         37217
  C:A4A4H         LINE#         37218
  C:A4A5H         LINE#         37219
  C:A4A6H         LINE#         37220
  C:A4A7H         LINE#         37221
  C:A4A8H         LINE#         37222
  C:A4A9H         LINE#         37223
  C:A4ABH         LINE#         37224
  C:A4ACH         LINE#         37225
  C:A4ADH         LINE#         37226
  C:A4AEH         LINE#         37227
  C:A4AFH         LINE#         37228
  C:A4B0H         LINE#         37229
  C:A4B3H         LINE#         37232
  C:A4B4H         LINE#         37233
  C:A4B6H         LINE#         37234
  C:A4B7H         LINE#         37235
  C:A4B8H         LINE#         37236
  C:A4B9H         LINE#         37238
  C:A4BBH         LINE#         37239
  C:A4BCH         LINE#         37240
  C:A4BDH         LINE#         37241
  C:A4BEH         LINE#         37242
  C:A4BFH         LINE#         37243
  C:A4C0H         LINE#         37244
  C:A4C2H         LINE#         37245
BL51 BANKED LINKER/LOCATER V5.12                                                      02/19/2014  22:52:51  PAGE 23


  C:A4C3H         LINE#         37246
  C:A4C4H         LINE#         37247
  C:A4C5H         LINE#         37248
  C:A4C6H         LINE#         37249
  C:A4C7H         LINE#         37250
  C:A4C8H         LINE#         37251
  C:A4C9H         LINE#         37252
  C:A4CAH         LINE#         37253
  C:A4CBH         LINE#         37254
  C:A4CDH         LINE#         37255
  C:A4D0H         LINE#         37260
  C:A4D2H         LINE#         37261
  C:A4D3H         LINE#         37262
  C:A4D4H         LINE#         37263
  C:A4D5H         LINE#         37264
  C:A4D6H         LINE#         37265
  C:A4D7H         LINE#         37266
  C:A4D8H         LINE#         37267
  C:A4DAH         LINE#         37268
  C:A4DBH         LINE#         37269
  C:A4DCH         LINE#         37270
  C:A4DDH         LINE#         37271
  C:A4DEH         LINE#         37272
  C:A4E0H         LINE#         37273
  C:A4E1H         LINE#         37274
  C:A4E4H         LINE#         37275
  C:A4E5H         LINE#         37276
  C:A4E7H         LINE#         37277
  C:A4E8H         LINE#         37278
  C:A4E9H         LINE#         37279
  C:A4EAH         LINE#         37280
  C:A4EBH         LINE#         37281
  C:A4ECH         LINE#         37284
  C:A4EEH         LINE#         37285
  C:A4EFH         LINE#         37286
  C:A4F1H         LINE#         37287
  C:A4F2H         LINE#         37288
  C:A4F3H         LINE#         37290
  C:A4F5H         LINE#         37295
  C:A4F6H         LINE#         37296
  C:A4F8H         LINE#         37297
  C:A4FBH         LINE#         37300
  C:A4FDH         LINE#         37305
  C:A4FEH         LINE#         37306
  C:A4FFH         LINE#         37307
  C:A500H         LINE#         37308
  C:A502H         LINE#         37309
  C:A503H         LINE#         37312
  C:A505H         LINE#         37317
  C:A507H         LINE#         37319
  C:A508H         LINE#         37320
  C:A509H         LINE#         37321
  C:A50AH         LINE#         37322
  C:A50CH         LINE#         37323
  C:A50DH         LINE#         37327
  C:A50EH         LINE#         37328
  C:A510H         LINE#         37329
BL51 BANKED LINKER/LOCATER V5.12                                                      02/19/2014  22:52:51  PAGE 24


  C:A511H         LINE#         37330
  C:A512H         LINE#         37331
  C:A513H         LINE#         37333
  C:A515H         LINE#         37334
  C:A516H         LINE#         37335
  C:A517H         LINE#         37336
  C:A518H         LINE#         37337
  C:A519H         LINE#         37338
  C:A51AH         LINE#         37339
  C:A51CH         LINE#         37340
  C:A51DH         LINE#         37341
  C:A51EH         LINE#         37342
  C:A51FH         LINE#         37343
  C:A520H         LINE#         37344
  C:A521H         LINE#         37345
  C:A522H         LINE#         37346
  C:A523H         LINE#         37347
  C:A524H         LINE#         37348
  C:A525H         LINE#         37349
  C:A527H         LINE#         37354
  C:A529H         LINE#         37355
  C:A52AH         LINE#         37356
  C:A52BH         LINE#         37357
  C:A52CH         LINE#         37358
  C:A52DH         LINE#         37359
  C:A52EH         LINE#         37360
  C:A530H         LINE#         37361
  C:A531H         LINE#         37362
  C:A533H         LINE#         37364
  C:A534H         LINE#         37365
  C:A535H         LINE#         37366
  C:A536H         LINE#         37367
  C:A537H         LINE#         37368
  C:A538H         LINE#         37370
  C:A53AH         LINE#         37371
  C:A53DH         LINE#         37376
  C:A53FH         LINE#         37379
  C:A541H         LINE#         37386
  C:A543H         LINE#         37388
  C:A546H         LINE#         37394
  C:A548H         LINE#         37395
  C:A549H         LINE#         37396
  C:A54BH         LINE#         37397
  C:A54CH         LINE#         37398
  C:A54DH         LINE#         37399
  C:A54EH         LINE#         37400
  C:A550H         LINE#         37401
  C:A551H         LINE#         37402
  C:A553H         LINE#         37406
  C:A555H         LINE#         37407
  C:A556H         LINE#         37408
  C:A558H         LINE#         37409
  C:A559H         LINE#         37410
  C:A55AH         LINE#         37411
  C:A55BH         LINE#         37412
  C:A55DH         LINE#         37413
  C:A55EH         LINE#         37414
BL51 BANKED LINKER/LOCATER V5.12                                                      02/19/2014  22:52:51  PAGE 25


  C:A561H         LINE#         37418
  C:A563H         LINE#         37421
  C:AF6EH         LINE#         37431
  C:AF70H         LINE#         37432
  C:AF72H         LINE#         37434
  C:AF74H         LINE#         37436
  C:AF76H         LINE#         37437
  C:AF78H         LINE#         37441
  C:AF7AH         LINE#         37442
  C:AF7BH         LINE#         37443
  C:AF7CH         LINE#         37444
  C:AF7DH         LINE#         37445
  C:AF7EH         LINE#         37446
  C:AF7FH         LINE#         37447
  C:AF80H         LINE#         37448
  C:AF81H         LINE#         37449
  C:AF82H         LINE#         37450
  C:AF83H         LINE#         37451
  C:AF84H         LINE#         37452
  C:AF85H         LINE#         37453
  C:AF86H         LINE#         37454
  C:AF87H         LINE#         37455
  C:AF88H         LINE#         37456
  C:AF89H         LINE#         37457
  C:AF8AH         LINE#         37458
  C:AF8BH         LINE#         37464
  C:AF8DH         LINE#         37465
  C:AF8EH         LINE#         37466
  C:AF8FH         LINE#         37467
  C:AF90H         LINE#         37468
  C:AF91H         LINE#         37469
  C:AF92H         LINE#         37470
  C:AF93H         LINE#         37471
  C:AF94H         LINE#         37472
  C:AF95H         LINE#         37473
  C:AF98H         LINE#         37474
  C:AF99H         LINE#         37475
  C:AF9BH         LINE#         37480
  C:AF9DH         LINE#         37481
  C:AF9EH         LINE#         37482
  C:AF9FH         LINE#         37483
  C:AFA0H         LINE#         37484
  C:AFA1H         LINE#         37485
  C:AFA2H         LINE#         37486
  C:AFA3H         LINE#         37487
  C:AFA4H         LINE#         37488
  C:AFA5H         LINE#         37489
  C:AFA6H         LINE#         37490
  C:AFA7H         LINE#         37491
  C:AFA8H         LINE#         37492
  C:AFAAH         LINE#         37493
  C:AFABH         LINE#         37494
  C:AFACH         LINE#         37495
  C:AFADH         LINE#         37496
  C:AFAEH         LINE#         37497
  C:AFB0H         LINE#         37498
  C:AFB1H         LINE#         37499
BL51 BANKED LINKER/LOCATER V5.12                                                      02/19/2014  22:52:51  PAGE 26


  C:AFB2H         LINE#         37500
  C:AFB3H         LINE#         37501
  C:AFB4H         LINE#         37502
  C:AFB5H         LINE#         37503
  C:AFB7H         LINE#         37504
  C:AFB8H         LINE#         37505
  C:AFB9H         LINE#         37506
  C:AFBAH         LINE#         37507
  C:AFBBH         LINE#         37508
  C:AFBDH         LINE#         37509
  C:AFBEH         LINE#         37510
  C:AFBFH         LINE#         37511
  C:AFC0H         LINE#         37512
  C:AFC1H         LINE#         37513
  C:AFC2H         LINE#         37514
  C:AFC3H         LINE#         37515
  C:AFC5H         LINE#         37516
  C:AFC6H         LINE#         37517
  C:AFC7H         LINE#         37518
  C:AFC9H         LINE#         37519
  C:AFCAH         LINE#         37520
  C:AFCBH         LINE#         37521
  C:AFCCH         LINE#         37522
  C:AFCDH         LINE#         37523
  C:AFCEH         LINE#         37524
  C:AFD1H         LINE#         37527
  C:AFD3H         LINE#         37528
  C:AFD4H         LINE#         37529
  C:AFD6H         LINE#         37530
  C:AFD7H         LINE#         37531
  C:AFD8H         LINE#         37532
  C:AFD9H         LINE#         37533
  C:AFDBH         LINE#         37534
  C:AFDCH         LINE#         37537
  C:AFDEH         LINE#         37538
  C:AFDFH         LINE#         37539
  C:AFE1H         LINE#         37540
  C:AFE2H         LINE#         37541
  C:AFE3H         LINE#         37542
  C:AFE4H         LINE#         37543
  C:AFE6H         LINE#         37544
  C:AFE7H         LINE#         37547
  C:AFE9H         LINE#         37551
  C:AA00H         LINE#         37561
  C:AA01H         LINE#         37562
  C:AA02H         LINE#         37563
  C:AA03H         LINE#         37564
  C:AA05H         LINE#         37565
  C:AA06H         LINE#         37566
  C:AA07H         LINE#         37570
  C:AA09H         LINE#         37571
  C:AA0AH         LINE#         37572
  C:AA0BH         LINE#         37573
  C:AA0CH         LINE#         37574
  C:AA0DH         LINE#         37575
  C:AA0EH         LINE#         37577
  C:AA10H         LINE#         37578
BL51 BANKED LINKER/LOCATER V5.12                                                      02/19/2014  22:52:51  PAGE 27


  C:AA12H         LINE#         37579
  C:AA13H         LINE#         37580
  C:AA14H         LINE#         37581
  C:AA15H         LINE#         37582
  C:AA16H         LINE#         37583
  C:AA17H         LINE#         37584
  C:AA18H         LINE#         37592
  C:AA1AH         LINE#         37595
  C:AA1BH         LINE#         37596
  C:AA1DH         LINE#         37601
  C:AA1FH         LINE#         37602
  C:AA20H         LINE#         37603
  C:AA21H         LINE#         37604
  C:AA23H         LINE#         37605
  C:AA24H         LINE#         37608
  C:AA25H         LINE#         37609
  C:AA26H         LINE#         37610
  C:AA27H         LINE#         37611
  C:AA28H         LINE#         37612
  C:AA2AH         LINE#         37613
  C:AA2BH         LINE#         37627
  C:AA2DH         LINE#         37628
  C:AA2EH         LINE#         37629
  C:AA2FH         LINE#         37630
  C:AA30H         LINE#         37631
  C:AA31H         LINE#         37632
  C:AA32H         LINE#         37633
  C:AA33H         LINE#         37634
  C:AA35H         LINE#         37635
  C:AA36H         LINE#         37636
  C:AA37H         LINE#         37637
  C:AA38H         LINE#         37638
  C:AA39H         LINE#         37639
  C:AA3AH         LINE#         37640
  C:AA3BH         LINE#         37641
  C:AA3DH         LINE#         37642
  C:AA3EH         LINE#         37643
  C:AA40H         LINE#         37644
  C:AA41H         LINE#         37645
  C:AA43H         LINE#         37646
  C:AA46H         LINE#         37647
  C:AA47H         LINE#         37648
  C:AA48H         LINE#         37649
  C:AA49H         LINE#         37650
  C:AA4AH         LINE#         37651
  C:AA4BH         LINE#         37652
  C:AA4CH         LINE#         37653
  C:AA4DH         LINE#         37654
  C:AA4FH         LINE#         37655
  C:AA50H         LINE#         37656
  C:AA51H         LINE#         37657
  C:AA53H         LINE#         37658
  C:AA54H         LINE#         37659
  C:AA55H         LINE#         37660
  C:AA57H         LINE#         37661
  C:AA58H         LINE#         37662
  C:AA59H         LINE#         37663
BL51 BANKED LINKER/LOCATER V5.12                                                      02/19/2014  22:52:51  PAGE 28


  C:AA5AH         LINE#         37664
  C:AA5BH         LINE#         37665
  C:AA5CH         LINE#         37666
  C:AA5DH         LINE#         37667
  C:AA5EH         LINE#         37668
  C:AA5FH         LINE#         37669
  C:AA60H         LINE#         37670
  C:AA62H         LINE#         37671
  C:AA65H         LINE#         37676
  C:AA67H         LINE#         37677
  C:AA69H         LINE#         37678
  C:AA6BH         LINE#         37679
  C:AA6DH         LINE#         37680
  C:AA6FH         LINE#         37681
  C:AA70H         LINE#         37682
  C:AA71H         LINE#         37683
  C:AA72H         LINE#         37684
  C:AA73H         LINE#         37685
  C:AA74H         LINE#         37686
  C:AA75H         LINE#         37687
  C:AA76H         LINE#         37688
  C:AA78H         LINE#         37689
  C:AA79H         LINE#         37690
  C:AA7AH         LINE#         37691
  C:AA7CH         LINE#         37692
  C:AA7DH         LINE#         37693
  C:AA7FH         LINE#         37694
  C:AA80H         LINE#         37695
  C:AA81H         LINE#         37696
  C:AA82H         LINE#         37697
  C:AA83H         LINE#         37698
  C:AA84H         LINE#         37699
  C:AA86H         LINE#         37700
  C:AA87H         LINE#         37701
  C:AA88H         LINE#         37702
  C:AA89H         LINE#         37703
  C:AA8AH         LINE#         37704
  C:AA8BH         LINE#         37705
  C:AA8CH         LINE#         37706
  C:AA8DH         LINE#         37707
  C:AA8FH         LINE#         37708
  C:AA91H         LINE#         37709
  C:AA92H         LINE#         37710
  C:AA93H         LINE#         37711
  C:AA95H         LINE#         37712
  C:AA96H         LINE#         37713
  C:AA97H         LINE#         37714
  C:AA99H         LINE#         37715
  C:AA9BH         LINE#         37716
  C:AA9EH         LINE#         37719
  C:AAA0H         LINE#         37720
  C:AAA1H         LINE#         37721
  C:AAA3H         LINE#         37722
  C:AAA4H         LINE#         37725
  C:AAA6H         LINE#         37726
  C:AAA7H         LINE#         37727
  C:AAA8H         LINE#         37728
BL51 BANKED LINKER/LOCATER V5.12                                                      02/19/2014  22:52:51  PAGE 29


  C:AAA9H         LINE#         37729
  C:AAAAH         LINE#         37730
  C:AAABH         LINE#         37731
  C:AAADH         LINE#         37732
  C:AAAEH         LINE#         37733
  C:AAAFH         LINE#         37734
  C:AAB0H         LINE#         37735
  C:AAB1H         LINE#         37736
  C:AAB2H         LINE#         37737
  C:AAB5H         LINE#         37738
  C:AAB6H         LINE#         37739
  C:AAB8H         LINE#         37741
  C:AAB9H         LINE#         37742
  C:AABAH         LINE#         37743
  C:AABBH         LINE#         37744
  C:AABCH         LINE#         37745
  C:AABDH         LINE#         37746
  C:AABFH         LINE#         37747
  C:AAC1H         LINE#         37748
  C:AAC2H         LINE#         37751
  C:AAC3H         LINE#         37752
  C:AAC4H         LINE#         37753
  C:AAC5H         LINE#         37755
  C:AAC7H         LINE#         37756
  C:AAC8H         LINE#         37757
  C:AAC9H         LINE#         37758
  C:AACAH         LINE#         37759
  C:AACBH         LINE#         37760
  C:AACCH         LINE#         37761
  C:AACDH         LINE#         37762
  C:AACEH         LINE#         37763
  C:AAD0H         LINE#         37768
  C:AAD2H         LINE#         37769
  C:AAD3H         LINE#         37770
  C:AAD5H         LINE#         37771
  C:AAD6H         LINE#         37772
  C:AAD7H         LINE#         37774
  C:AAD9H         LINE#         37779
  C:AADBH         LINE#         37780
  C:AADCH         LINE#         37781
  C:AADDH         LINE#         37782
  C:AADEH         LINE#         37783
  C:AAE0H         LINE#         37784
  C:AAE1H         LINE#         37785
  C:AAE4H         LINE#         37786
  C:AAE7H         LINE#         37787
  C:AAE8H         LINE#         37788
  C:AAEBH         LINE#         37789
  C:AAECH         LINE#         37790
  C:AAEFH         LINE#         37791
  C:AAF0H         LINE#         37792
  C:AAF2H         LINE#         37793
  C:AAF4H         LINE#         37794
  C:AAF6H         LINE#         37795
  C:AAF7H         LINE#         37796
  C:AAF9H         LINE#         37797
  C:AAFAH         LINE#         37798
BL51 BANKED LINKER/LOCATER V5.12                                                      02/19/2014  22:52:51  PAGE 30


  C:AAFCH         LINE#         37799
  C:AAFEH         LINE#         37800
  C:AAFFH         LINE#         37801
  C:AB00H         LINE#         37802
  C:AB01H         LINE#         37803
  C:AB02H         LINE#         37816
  C:AB03H         LINE#         37817
  C:AB05H         LINE#         37818
  C:AB06H         LINE#         37824
  C:AB08H         LINE#         37825
  C:AB09H         LINE#         37826
  C:AB0CH         LINE#         37829
  C:AB0EH         LINE#         37830
  C:AB0FH         LINE#         37831
  C:AB10H         LINE#         37832
  C:AB11H         LINE#         37833
  C:AB12H         LINE#         37834
  C:AB13H         LINE#         37835
  C:AB14H         LINE#         37836
  C:AB15H         LINE#         37837
  C:AB16H         LINE#         37838
  C:AB18H         LINE#         37839
  C:AB1AH         LINE#         37844
  C:AB1CH         LINE#         37845
  C:AB1DH         LINE#         37846
  C:AB1EH         LINE#         37847
  C:AB1FH         LINE#         37848
  C:AB20H         LINE#         37849
  C:AB21H         LINE#         37850
  C:AB22H         LINE#         37851
  C:AB23H         LINE#         37853
  C:AB26H         LINE#         37857
  C:AB28H         LINE#         37858
  C:AB29H         LINE#         37859
  C:AB2BH         LINE#         37860
  C:AB2CH         LINE#         37863
  C:AB2EH         LINE#         37864
  C:AB2FH         LINE#         37865
  C:AB30H         LINE#         37866
  C:AB31H         LINE#         37867
  C:AB32H         LINE#         37868
  C:AB33H         LINE#         37869
  C:AB35H         LINE#         37870
  C:AB37H         LINE#         37874
  C:AB39H         LINE#         37875
  C:AB3AH         LINE#         37876
  C:AB3BH         LINE#         37877
  C:AB3CH         LINE#         37878
  C:AB3EH         LINE#         37882
  C:AB40H         LINE#         37886
  C:B066H         LINE#         37897
  C:B067H         LINE#         37899
  C:B068H         LINE#         37900
  C:B06AH         LINE#         37902
  C:B06BH         LINE#         37903
  C:B06CH         LINE#         37904
  C:B06DH         LINE#         37905
BL51 BANKED LINKER/LOCATER V5.12                                                      02/19/2014  22:52:51  PAGE 31


  C:B06FH         LINE#         37906
  C:B070H         LINE#         37907
  C:B071H         LINE#         37911
  C:B073H         LINE#         37912
  C:B074H         LINE#         37913
  C:B075H         LINE#         37914
  C:B076H         LINE#         37915
  C:B077H         LINE#         37916
  C:B078H         LINE#         37917
  C:B079H         LINE#         37918
  C:B07AH         LINE#         37919
  C:B07BH         LINE#         37920
  C:B07CH         LINE#         37921
  C:B07DH         LINE#         37922
  C:B07EH         LINE#         37923
  C:B07FH         LINE#         37924
  C:B080H         LINE#         37925
  C:B081H         LINE#         37926
  C:B082H         LINE#         37927
  C:B083H         LINE#         37928
  C:B084H         LINE#         37934
  C:B086H         LINE#         37935
  C:B087H         LINE#         37936
  C:B088H         LINE#         37937
  C:B089H         LINE#         37938
  C:B08AH         LINE#         37939
  C:B08BH         LINE#         37940
  C:B08CH         LINE#         37941
  C:B08DH         LINE#         37942
  C:B08EH         LINE#         37943
  C:B091H         LINE#         37944
  C:B092H         LINE#         37945
  C:B094H         LINE#         37950
  C:B096H         LINE#         37951
  C:B097H         LINE#         37952
  C:B098H         LINE#         37953
  C:B099H         LINE#         37954
  C:B09AH         LINE#         37955
  C:B09BH         LINE#         37956
  C:B09CH         LINE#         37957
  C:B09DH         LINE#         37958
  C:B09EH         LINE#         37959
  C:B09FH         LINE#         37960
  C:B0A0H         LINE#         37961
  C:B0A1H         LINE#         37962
  C:B0A3H         LINE#         37963
  C:B0A4H         LINE#         37964
  C:B0A5H         LINE#         37965
  C:B0A6H         LINE#         37966
  C:B0A7H         LINE#         37967
  C:B0A9H         LINE#         37968
  C:B0AAH         LINE#         37969
  C:B0ABH         LINE#         37970
  C:B0ACH         LINE#         37971
  C:B0ADH         LINE#         37972
  C:B0AEH         LINE#         37973
  C:B0B0H         LINE#         37974
BL51 BANKED LINKER/LOCATER V5.12                                                      02/19/2014  22:52:51  PAGE 32


  C:B0B1H         LINE#         37975
  C:B0B2H         LINE#         37976
  C:B0B3H         LINE#         37977
  C:B0B4H         LINE#         37978
  C:B0B6H         LINE#         37979
  C:B0B7H         LINE#         37980
  C:B0B8H         LINE#         37981
  C:B0B9H         LINE#         37982
  C:B0BAH         LINE#         37983
  C:B0BBH         LINE#         37984
  C:B0BCH         LINE#         37985
  C:B0BDH         LINE#         37986
  C:B0BEH         LINE#         37987
  C:B0C0H         LINE#         37988
  C:B0C1H         LINE#         37989
  C:B0C2H         LINE#         37990
  C:B0C3H         LINE#         37991
  C:B0C4H         LINE#         37992
  C:B0C5H         LINE#         37993
  C:B0C8H         LINE#         37996
  C:B0CAH         LINE#         37997
  C:B0CBH         LINE#         37998
  C:B0CDH         LINE#         37999
  C:B0CEH         LINE#         38000
  C:B0CFH         LINE#         38001
  C:B0D0H         LINE#         38002
  C:B0D2H         LINE#         38003
  C:B0D3H         LINE#         38006
  C:B0D5H         LINE#         38007
  C:B0D6H         LINE#         38008
  C:B0D8H         LINE#         38009
  C:B0D9H         LINE#         38010
  C:B0DAH         LINE#         38011
  C:B0DBH         LINE#         38012
  C:B0DDH         LINE#         38013
  C:B0DEH         LINE#         38016
  C:B0E0H         LINE#         38020
  C:AD16H         LINE#         38035
  C:AD19H         LINE#         38038
  C:AD1CH         LINE#         38041
  C:AD1EH         LINE#         38042
  C:AD1FH         LINE#         38043
  C:AD20H         LINE#         38044
  C:AD21H         LINE#         38045
  C:AD22H         LINE#         38046
  C:AD24H         LINE#         38047
  C:AD25H         LINE#         38048
  C:AD26H         LINE#         38049
  C:AD27H         LINE#         38050
  C:AD28H         LINE#         38051
  C:AD29H         LINE#         38052
  C:AD2BH         LINE#         38053
  C:AD2CH         LINE#         38054
  C:AD2DH         LINE#         38055
  C:AD2EH         LINE#         38056
  C:AD2FH         LINE#         38057
  C:AD31H         LINE#         38058
BL51 BANKED LINKER/LOCATER V5.12                                                      02/19/2014  22:52:51  PAGE 33


  C:AD32H         LINE#         38059
  C:AD33H         LINE#         38060
  C:AD34H         LINE#         38061
  C:AD35H         LINE#         38062
  C:AD36H         LINE#         38063
  C:AD37H         LINE#         38064
  C:AD39H         LINE#         38065
  C:AD3AH         LINE#         38066
  C:AD3CH         LINE#         38067
  C:AD3FH         LINE#         38070
  C:AD41H         LINE#         38071
  C:AD42H         LINE#         38072
  C:AD43H         LINE#         38073
  C:AD44H         LINE#         38074
  C:AD45H         LINE#         38075
  C:AD47H         LINE#         38076
  C:AD48H         LINE#         38077
  C:AD49H         LINE#         38078
  C:AD4AH         LINE#         38079
  C:AD4BH         LINE#         38080
  C:AD4CH         LINE#         38081
  C:AD4EH         LINE#         38082
  C:AD4FH         LINE#         38083
  C:AD50H         LINE#         38084
  C:AD51H         LINE#         38085
  C:AD52H         LINE#         38086
  C:AD54H         LINE#         38087
  C:AD55H         LINE#         38088
  C:AD56H         LINE#         38089
  C:AD57H         LINE#         38090
  C:AD58H         LINE#         38091
  C:AD59H         LINE#         38092
  C:AD5AH         LINE#         38093
  C:AD5CH         LINE#         38094
  C:AD5DH         LINE#         38095
  C:AD5EH         LINE#         38096
  C:AD60H         LINE#         38097
  C:AD62H         LINE#         38098
  C:AD65H         LINE#         38101
  C:AD67H         LINE#         38102
  C:AD68H         LINE#         38103
  C:AD69H         LINE#         38104
  C:AD6AH         LINE#         38105
  C:AD6BH         LINE#         38106
  C:AD6DH         LINE#         38107
  C:AD6EH         LINE#         38108
  C:AD6FH         LINE#         38109
  C:AD70H         LINE#         38110
  C:AD71H         LINE#         38111
  C:AD72H         LINE#         38112
  C:AD74H         LINE#         38113
  C:AD75H         LINE#         38114
  C:AD76H         LINE#         38115
  C:AD77H         LINE#         38116
  C:AD78H         LINE#         38117
  C:AD7AH         LINE#         38118
  C:AD7BH         LINE#         38119
BL51 BANKED LINKER/LOCATER V5.12                                                      02/19/2014  22:52:51  PAGE 34


  C:AD7CH         LINE#         38120
  C:AD7DH         LINE#         38121
  C:AD7EH         LINE#         38122
  C:AD7FH         LINE#         38123
  C:AD80H         LINE#         38124
  C:AD82H         LINE#         38125
  C:AD83H         LINE#         38126
  C:AD85H         LINE#         38127
  C:AD88H         LINE#         38130
  C:AD8AH         LINE#         38131
[...]
  C:B383H         LINE#         42045
  C:B385H         LINE#         42048
  C:B387H         LINE#         42049
  C:B389H         LINE#         42052
  C:B38BH         LINE#         42055
  C:B38DH         LINE#         42058
  C:B38EH         LINE#         42069
  C:B390H         LINE#         42070
  C:B391H         LINE#         42071
  C:B392H         LINE#         42081
  C:B394H         LINE#         42084
  C:B36AH         LINE#         42095
  C:B36CH         LINE#         42097
  C:B36DH         LINE#         42098
  C:B36EH         LINE#         42099
  C:B36FH         LINE#         42100
  C:B370H         LINE#         42101
  C:B371H         LINE#         42102
BL51 BANKED LINKER/LOCATER V5.12                                                      02/19/2014  22:52:51  PAGE 95


  C:B372H         LINE#         42103
  C:B373H         LINE#         42113
  C:B375H         LINE#         42116
  C:A18FH         LINE#         42132
  C:A191H         LINE#         42135
  C:A193H         LINE#         42136
  C:A195H         LINE#         42137
  C:A198H         LINE#         42140
  C:A19AH         LINE#         42143
  C:A19CH         LINE#         42146
  C:A19EH         LINE#         42147
  C:A19FH         LINE#         42148
  C:A1A0H         LINE#         42149
  C:A1A3H         LINE#         42150
  C:A1A4H         LINE#         42151
  C:A1A5H         LINE#         42152
  C:A1A8H         LINE#         42155
  C:A1AAH         LINE#         42156
  C:A1ABH         LINE#         42157
  C:A1AEH         LINE#         42160
  C:A1B1H         LINE#         42161
  C:A1B3H         LINE#         42162
  C:A1B4H         LINE#         42163
  C:A1B7H         LINE#         42166
  C:A1B9H         LINE#         42167
  C:A1BAH         LINE#         42168
  C:A1BDH         LINE#         42169
  C:A1BFH         LINE#         42170
  C:A1C2H         LINE#         42173
  C:A1C3H         LINE#         42174
  C:A1C4H         LINE#         42175
  C:A1C7H         LINE#         42176
  C:A1C9H         LINE#         42177
  C:A1CAH         LINE#         42178
  C:A1CDH         LINE#         42181
  C:A1CFH         LINE#         42182
  C:A1D0H         LINE#         42183
  C:A1D3H         LINE#         42184
  C:A1D5H         LINE#         42185
  C:A1D7H         LINE#         42186
  C:A1DAH         LINE#         42189
  C:A1DCH         LINE#         42190
  C:A1DDH         LINE#         42191
  C:A1E0H         LINE#         42192
  C:A1E1H         LINE#         42193
  C:A1E3H         LINE#         42194
  C:A1E6H         LINE#         42197
  C:A1E8H         LINE#         42198
  C:A1E9H         LINE#         42199
  C:A1ECH         LINE#         42200
  C:A1EEH         LINE#         42201
  C:A1F0H         LINE#         42202
  C:A1F3H         LINE#         42205
  C:A1F5H         LINE#         42206
  C:A1F7H         LINE#         42207
  C:A1FAH         LINE#         42210
  C:A1FDH         LINE#         42211
BL51 BANKED LINKER/LOCATER V5.12                                                      02/19/2014  22:52:51  PAGE 96


  C:A1FFH         LINE#         42212
  C:A201H         LINE#         42213
  C:A204H         LINE#         42216
  C:A206H         LINE#         42217
  C:A208H         LINE#         42218
  C:A20BH         LINE#         42221
  C:A20EH         LINE#         42222
  C:A210H         LINE#         42223
  C:A212H         LINE#         42224
  C:A215H         LINE#         42227
  C:A217H         LINE#         42228
  C:A219H         LINE#         42229
  C:A21CH         LINE#         42232
  C:A21FH         LINE#         42233
  C:A221H         LINE#         42234
  C:A223H         LINE#         42235
  C:A226H         LINE#         42238
  C:A228H         LINE#         42239
  C:A22AH         LINE#         42240
  C:A22DH         LINE#         42243
  C:A230H         LINE#         42244
  C:A232H         LINE#         42245
  C:A234H         LINE#         42246
  C:A237H         LINE#         42249
  C:A239H         LINE#         42250
  C:A23BH         LINE#         42251
  C:A23EH         LINE#         42254
  C:A240H         LINE#         42255
  C:A241H         LINE#         42256
  C:A242H         LINE#         42257
  C:A245H         LINE#         42258
  C:A247H         LINE#         42259
  C:A249H         LINE#         42260
  C:A24CH         LINE#         42263
  C:A24EH         LINE#         42264
  C:A24FH         LINE#         42265
  C:A252H         LINE#         42266
  C:A253H         LINE#         42267
  C:A255H         LINE#         42268
  C:A258H         LINE#         42271
  C:A25AH         LINE#         42272
  C:A25BH         LINE#         42273
  C:A25EH         LINE#         42274
  C:A260H         LINE#         42275
  C:A262H         LINE#         42276
  C:A265H         LINE#         42279
  C:A267H         LINE#         42280
  C:A268H         LINE#         42281
  C:A26BH         LINE#         42282
  C:A26DH         LINE#         42283
  C:A270H         LINE#         42286
  C:A272H         LINE#         42287
  C:A273H         LINE#         42288
  C:A276H         LINE#         42289
  C:A278H         LINE#         42290
  C:A27AH         LINE#         42291
  C:A27DH         LINE#         42294
BL51 BANKED LINKER/LOCATER V5.12                                                      02/19/2014  22:52:51  PAGE 97


  C:A27FH         LINE#         42295
  C:A280H         LINE#         42296
  C:A283H         LINE#         42297
  C:A284H         LINE#         42298
  C:A285H         LINE#         42299
  C:A288H         LINE#         42302
  C:A28AH         LINE#         42303
  C:A28BH         LINE#         42304
  C:A28EH         LINE#         42305
  C:A290H         LINE#         42306
  C:A291H         LINE#         42307
  C:A294H         LINE#         42310
  C:A296H         LINE#         42311
  C:A297H         LINE#         42312
  C:A29AH         LINE#         42313
  C:A29BH         LINE#         42314
  C:A29CH         LINE#         42315
  C:A29FH         LINE#         42318
  C:A2A1H         LINE#         42319
  C:A2A2H         LINE#         42320
  C:A2A5H         LINE#         42321
  C:A2A7H         LINE#         42322
  C:A2A9H         LINE#         42323
  C:A2ACH         LINE#         42326
  C:A2AEH         LINE#         42327
  C:A2AFH         LINE#         42328
  C:A2B2H         LINE#         42329
  C:A2B3H         LINE#         42330
  C:A2B4H         LINE#         42331
  C:A2B7H         LINE#         42334
  C:A2B9H         LINE#         42335
  C:A2BAH         LINE#         42336
  C:A2BDH         LINE#         42337
  C:A2BFH         LINE#         42338
  C:A2C0H         LINE#         42339
  C:A2C3H         LINE#         42342
  C:A2C5H         LINE#         42343
  C:A2C6H         LINE#         42344
  C:A2C9H         LINE#         42345
  C:A2CAH         LINE#         42346
  C:A2CBH         LINE#         42347
  C:A2CEH         LINE#         42350
  C:A2D0H         LINE#         42351
  C:A2D1H         LINE#         42352
  C:A2D4H         LINE#         42353
  C:A2D6H         LINE#         42354
  C:A2D8H         LINE#         42355
  C:A2DBH         LINE#         42358
  C:A2DDH         LINE#         42359
  C:A2DEH         LINE#         42360
  C:A2E1H         LINE#         42361
  C:A2E2H         LINE#         42362
  C:A2E3H         LINE#         42363
  C:A2E6H         LINE#         42366
  C:A2E8H         LINE#         42367
  C:A2E9H         LINE#         42368
  C:A2ECH         LINE#         42369
BL51 BANKED LINKER/LOCATER V5.12                                                      02/19/2014  22:52:51  PAGE 98


  C:A2EEH         LINE#         42370
  C:A2F0H         LINE#         42371
  C:A2F3H         LINE#         42374
  C:A2F5H         LINE#         42375
  C:A2F6H         LINE#         42376
  C:A2F9H         LINE#         42377
  C:A2FBH         LINE#         42378
  C:A2FDH         LINE#         42379
  C:A300H         LINE#         42382
  C:A302H         LINE#         42383
  C:A303H         LINE#         42384
  C:A306H         LINE#         42385
  C:A308H         LINE#         42386
  C:A30AH         LINE#         42387
  C:A30DH         LINE#         42390
  C:A30FH         LINE#         42391
  C:A310H         LINE#         42392
  C:A313H         LINE#         42393
  C:A315H         LINE#         42394
  C:A317H         LINE#         42395
  C:A31AH         LINE#         42398
  C:A31CH         LINE#         42399
  C:A31DH         LINE#         42400
  C:A320H         LINE#         42401
  C:A322H         LINE#         42402
  C:A324H         LINE#         42403
  C:A327H         LINE#         42406
  C:A329H         LINE#         42407
  C:A32AH         LINE#         42408
  C:A32DH         LINE#         42409
  C:A32FH         LINE#         42410
  C:A331H         LINE#         42411
  C:A334H         LINE#         42414
  C:A336H         LINE#         42415
  C:A337H         LINE#         42416
  C:A33AH         LINE#         42417
  C:A33CH         LINE#         42418
  C:A33EH         LINE#         42419
  C:A341H         LINE#         42422
  C:A343H         LINE#         42423
  C:A344H         LINE#         42424
  C:A347H         LINE#         42425
  C:A348H         LINE#         42426
  C:A34AH         LINE#         42427
  C:A34DH         LINE#         42430
  C:A34FH         LINE#         42431
  C:A350H         LINE#         42432
  C:A353H         LINE#         42433
  C:A355H         LINE#         42434
  C:A357H         LINE#         42435
  C:A35AH         LINE#         42438
  C:A35CH         LINE#         42439
  C:A35DH         LINE#         42440
  C:A360H         LINE#         42441
  C:A362H         LINE#         42442
  C:A364H         LINE#         42443
  C:A367H         LINE#         42446
BL51 BANKED LINKER/LOCATER V5.12                                                      02/19/2014  22:52:51  PAGE 99


  C:A369H         LINE#         42447
  C:A36AH         LINE#         42448
  C:A36DH         LINE#         42449
  C:A36EH         LINE#         42450
  C:A36FH         LINE#         42451
  C:A372H         LINE#         42454
  C:A374H         LINE#         42455
  C:A375H         LINE#         42456
  C:A378H         LINE#         42457
  C:A379H         LINE#         42458
  C:A37AH         LINE#         42459
  C:A37DH         LINE#         42462
  C:A37FH         LINE#         42463
  C:A380H         LINE#         42464
  C:A383H         LINE#         42465
  C:A385H         LINE#         42466
  C:A387H         LINE#         42467
  C:A38AH         LINE#         42470
  C:A38CH         LINE#         42471
  C:A38EH         LINE#         42472
  C:A391H         LINE#         42475
  C:A393H         LINE#         42476
  C:A394H         LINE#         42477
  C:A395H         LINE#         42478
  C:A398H         LINE#         42479
  C:A39AH         LINE#         42480
  C:A39BH         LINE#         42481
  C:A39EH         LINE#         42484
  C:A3A0H         LINE#         42485
  C:A3A1H         LINE#         42486
  C:A3A4H         LINE#         42489
  C:A3A6H         LINE#         42490
  C:A3A7H         LINE#         42491
  C:A3A8H         LINE#         42492
  C:A3ABH         LINE#         42493
  C:A3ADH         LINE#         42494
  C:A3AEH         LINE#         42495
  C:A3B1H         LINE#         42498
  C:A3B3H         LINE#         42501
  -------         ENDMOD        S6D0154

  -------         MODULE        SERIAL
  C:0000H         SYMBOL        _ICE_DUMMY_
  X:001EH         PUBLIC        get_i
  D:00A8H         PUBLIC        IE
  D:00B8H         PUBLIC        IP
  C:AFEAH         PUBLIC        UART_Interrupt_Receive
  B:0098H.0       PUBLIC        RI
  B:0098H.1       PUBLIC        TI
  D:00D8H         PUBLIC        CCON
  C:0003H         PUBLIC        soft_reset_to_ISP_Monitor
  D:0099H         PUBLIC        SBUF
  D:0098H         PUBLIC        SCON
  D:0088H         PUBLIC        TCON
  D:00C7H         PUBLIC        IAP_CONTR
  C:AC6EH         PUBLIC        _readSerialProcess
  X:001FH         PUBLIC        DataToSend
BL51 BANKED LINKER/LOCATER V5.12                                                      02/19/2014  22:52:51  PAGE 100


  X:0021H         PUBLIC        readSerialTimeOut
  C:000EH         PUBLIC        _SerialSend
  C:B2F9H         PUBLIC        _delayms
  X:0023H         PUBLIC        DisplayData
  X:0056H         PUBLIC        readSerialCurrent
  X:0057H         PUBLIC        readSerialNumber
  X:0058H         PUBLIC        DisplayDataTemp
  X:008BH         PUBLIC        LenToSend
  D:00D0H         PUBLIC        PSW
  -------         PROC          _DELAYMS
  D:0006H         SYMBOL        tt
  -------         DO            
  D:0004H         SYMBOL        i
  D:0005H         SYMBOL        j
  -------         ENDDO         
  C:B2F9H         LINE#         31
  C:B2F9H         LINE#         32
  C:B2F9H         LINE#         35
  C:B302H         LINE#         36
  C:B302H         LINE#         37
  C:B307H         LINE#         38
  C:B30FH         LINE#         39
  C:B30FH         LINE#         40
  C:B311H         LINE#         41
  C:B311H         LINE#         42
  C:B316H         LINE#         43
  C:B319H         LINE#         44
  C:B319H         LINE#         45
  -------         ENDPROC       _DELAYMS
  -------         PROC          _READSERIALPROCESS
  D:0007H         SYMBOL        input
  -------         DO            
  D:0007H         SYMBOL        i
  -------         ENDDO         
  C:AC6EH         LINE#         49
  C:AC6EH         LINE#         50
  C:AC6EH         LINE#         52
  C:AC95H         LINE#         53
  C:AC95H         LINE#         54
  C:AC95H         LINE#         55
  C:AC9AH         LINE#         56
  C:AC9AH         LINE#         57
  C:AC9CH         LINE#         58
  C:AC9CH         LINE#         59
  C:ACA0H         LINE#         60
  C:ACA6H         LINE#         62
  C:ACA6H         LINE#         63
  C:ACA8H         LINE#         64
  C:ACA8H         LINE#         65
  C:ACACH         LINE#         66
  C:ACACH         LINE#         67
  C:ACB1H         LINE#         68
  C:ACB4H         LINE#         69
  C:ACB5H         LINE#         71
  C:ACB5H         LINE#         72
  C:ACB7H         LINE#         73
  C:ACB7H         LINE#         74
BL51 BANKED LINKER/LOCATER V5.12                                                      02/19/2014  22:52:51  PAGE 101


  C:ACBFH         LINE#         75
  C:ACC4H         LINE#         76
  C:ACC8H         LINE#         77
  C:ACCCH         LINE#         78
  C:ACD4H         LINE#         79
  C:ACD7H         LINE#         80
  C:ACD8H         LINE#         81
  C:ACD8H         LINE#         82
  C:ACDCH         LINE#         83
  C:ACE3H         LINE#         85
  C:ACE7H         LINE#         86
  C:ACE7H         LINE#         87
  C:ACEBH         LINE#         88
  C:ACF2H         LINE#         90
  C:ACF6H         LINE#         91
  C:ACF6H         LINE#         92
  C:ACF8H         LINE#         93
  C:ACF8H         LINE#         94
  C:AD04H         LINE#         95
  C:AD09H         LINE#         96
  C:AD0FH         LINE#         97
  C:AD0FH         LINE#         98
  C:AD11H         LINE#         99
  C:AD11H         LINE#         100
  C:AD15H         LINE#         101
  C:AD15H         LINE#         102
  -------         ENDPROC       _READSERIALPROCESS
  -------         PROC          SOFT_RESET_TO_ISP_MONITOR
  C:0003H         LINE#         105
  C:0003H         LINE#         106
  C:0003H         LINE#         107
  C:0006H         LINE#         108
  -------         ENDPROC       SOFT_RESET_TO_ISP_MONITOR
  -------         PROC          UART_INTERRUPT_RECEIVE
  -------         DO            
  D:0003H         SYMBOL        k
  -------         ENDDO         
  C:AFEAH         LINE#         111
  C:B001H         LINE#         114
  C:B004H         LINE#         115
  C:B004H         LINE#         116
  C:B006H         LINE#         117
  C:B008H         LINE#         118
  C:B011H         LINE#         119
  C:B011H         LINE#         120
  C:B016H         LINE#         121
  C:B01AH         LINE#         122
  C:B01AH         LINE#         123
  C:B021H         LINE#         124
  C:B024H         LINE#         125
  C:B024H         LINE#         126
  C:B026H         LINE#         128
  C:B026H         LINE#         129
  C:B02EH         LINE#         130
  C:B02EH         LINE#         131
  C:B031H         LINE#         132
  C:B031H         LINE#         133
BL51 BANKED LINKER/LOCATER V5.12                                                      02/19/2014  22:52:51  PAGE 102


  C:B035H         LINE#         134
  C:B035H         LINE#         135
  C:B03AH         LINE#         136
  C:B03CH         LINE#         138
  C:B03CH         LINE#         139
  C:B03EH         LINE#         140
  C:B043H         LINE#         141
  C:B043H         LINE#         142
  C:B046H         LINE#         143
  C:B04BH         LINE#         144
  C:B04DH         LINE#         146
  C:B051H         LINE#         147
  C:B051H         LINE#         148
  C:B051H         LINE#         149
  -------         ENDPROC       UART_INTERRUPT_RECEIVE
  -------         PROC          _SERIALSEND
  D:0006H         SYMBOL        Data
  D:0005H         SYMBOL        Len
  C:000EH         LINE#         152
  C:000EH         LINE#         153
  C:000EH         LINE#         154
  C:0011H         LINE#         155
  C:0011H         LINE#         156
  C:0013H         LINE#         157
  C:0014H         LINE#         158
  C:0014H         LINE#         159
  C:0018H         LINE#         160
  C:001FH         LINE#         161
  -------         ENDPROC       _SERIALSEND
  -------         ENDMOD        SERIAL

  -------         MODULE        ?C?COPY
  C:AC11H         PUBLIC        ?C?COPY
  -------         ENDMOD        ?C?COPY

  -------         MODULE        ?C?CLDPTR
  C:AC37H         PUBLIC        ?C?CLDPTR
  -------         ENDMOD        ?C?CLDPTR

  -------         MODULE        ?C?IMUL
  C:AC50H         PUBLIC        ?C?IMUL
  -------         ENDMOD        ?C?IMUL

  -------         MODULE        ?C?OFFXADD
  C:AC62H         PUBLIC        ?C?OFFXADD
  -------         ENDMOD        ?C?OFFXADD

*** WARNING L16: UNCALLED SEGMENT, IGNORED FOR OVERLAY PROCESS
    SEGMENT: ?PR?DISPLAY_RED?S6D0154

*** WARNING L16: UNCALLED SEGMENT, IGNORED FOR OVERLAY PROCESS
    SEGMENT: ?PR?DISPLAY_GREEN?S6D0154

*** WARNING L16: UNCALLED SEGMENT, IGNORED FOR OVERLAY PROCESS
    SEGMENT: ?PR?DISPLAY_BLUE?S6D0154

*** WARNING L16: UNCALLED SEGMENT, IGNORED FOR OVERLAY PROCESS
BL51 BANKED LINKER/LOCATER V5.12                                                      02/19/2014  22:52:51  PAGE 103


    SEGMENT: ?PR?DISPLAY_BLACK?S6D0154

*** WARNING L16: UNCALLED SEGMENT, IGNORED FOR OVERLAY PROCESS
    SEGMENT: ?PR?DISPLAY_LODING?S6D0154

*** WARNING L16: UNCALLED SEGMENT, IGNORED FOR OVERLAY PROCESS
    SEGMENT: ?PR?DISPLAY_RUNNING1?S6D0154

*** WARNING L16: UNCALLED SEGMENT, IGNORED FOR OVERLAY PROCESS
    SEGMENT: ?PR?DISPLAY_RUNNING2?S6D0154

*** WARNING L16: UNCALLED SEGMENT, IGNORED FOR OVERLAY PROCESS
    SEGMENT: ?PR?DISPLAY_RUNNING3?S6D0154

*** WARNING L16: UNCALLED SEGMENT, IGNORED FOR OVERLAY PROCESS
    SEGMENT: ?PR?_SERIALSEND?SERIAL

Program Size: data=9.0 xdata=198 code=45968
LINK/LOCATE RUN COMPLETE.  9 WARNING(S),  0 ERROR(S)
