BL51 BANKED LINKER/LOCATER V5.12                                                        02/19/2014  15:20:30  PAGE 1


BL51 BANKED LINKER/LOCATER V5.12, INVOKED BY:
C:\KEIL\C51\BIN\BL51.EXE .\Obj\STARTUP.obj, .\Obj\main.obj, .\Obj\s6d0154.obj, .\Obj\serial.obj TO .\Obj\DisplayTerminal
>> TFT PRINT (.\Lst\DisplayTerminalTFT.m51) RAMSIZE (256)


MEMORY MODEL: COMPACT


INPUT MODULES INCLUDED:
  .\Obj\STARTUP.obj (?C_STARTUP)
  .\Obj\main.obj (MAIN)
  .\Obj\s6d0154.obj (S6D0154)
  .\Obj\serial.obj (SERIAL)
  C:\KEIL\C51\LIB\C51C.LIB (?C_INIT)
  C:\KEIL\C51\LIB\C51C.LIB (?C?COPY)
  C:\KEIL\C51\LIB\C51C.LIB (?C?CLDPTR)
  C:\KEIL\C51\LIB\C51C.LIB (?C?IMUL)
  C:\KEIL\C51\LIB\C51C.LIB (?C?OFFXADD)


LINK MAP OF MODULE:  .\Obj\DisplayTerminalTFT (?C_STARTUP)


            TYPE    BASE      LENGTH    RELOCATION   SEGMENT NAME
            -----------------------------------------------------

            * * * * * * *   D A T A   M E M O R Y   * * * * * * *
            REG     0000H     0008H     ABSOLUTE     "REG BANK 0"
            IDATA   0008H     0001H     UNIT         ?STACK

            * * * * * * *  X D A T A   M E M O R Y  * * * * * * *
            XDATA   0000H     0004H     INPAGE       ?PD?DISPLAY_RED?S6D0154
            XDATA   0004H     0002H     INPAGE       ?PD?DISPLAY_GREEN?S6D0154
            XDATA   0006H     0002H     INPAGE       ?PD?DISPLAY_BLUE?S6D0154
            XDATA   0008H     0004H     INPAGE       ?PD?DISPLAY_BLACK?S6D0154
            XDATA   000CH     0010H     INPAGE       ?PD?S6D0154
            XDATA   001CH     0038H     INPAGE       ?PD?SERIAL
            XDATA   0054H     003AH     INPAGE       _PDATA_GROUP_

            * * * * * * *   C O D E   M E M O R Y   * * * * * * *
            CODE    0000H     0003H     ABSOLUTE     
            CODE    0003H     0004H     UNIT         ?PR?SOFT_RESET_TO_ISP_MONITOR?SERIAL
                    0007H     0004H                  *** GAP ***
            CODE    000BH     0003H     ABSOLUTE     
            CODE    000EH     0015H     UNIT         ?PR?MAIN?MAIN
            CODE    0023H     0003H     ABSOLUTE     
            CODE    0026H     94FCH     UNIT         ?CO?S6D0154
            CODE    9522H     0792H     UNIT         ?PR?DISPLAY_RUNNING_REFRESH?S6D0154
            CODE    9CB4H     04EBH     UNIT         ?PR?DISPLAY_RUNNING?S6D0154
            CODE    A19FH     0225H     UNIT         ?PR?LCD_INIT?S6D0154
            CODE    A3C4H     01B0H     UNIT         ?PR?_CHINESECHAR?S6D0154
            CODE    A574H     018CH     UNIT         ?PR?DISPLAY_RUNNING3?S6D0154
            CODE    A700H     018BH     UNIT         ?PR?DISPLAY_RUNNING1?S6D0154
            CODE    A88BH     018BH     UNIT         ?PR?DISPLAY_RUNNING2?S6D0154
            CODE    AA16H     0141H     UNIT         ?PR?_LCD_SHOWCHAR?S6D0154
            CODE    AB57H     012DH     UNIT         ?C?LIB_CODE
            CODE    AC84H     009FH     UNIT         ?PR?DISPLAY_LODING?S6D0154
            CODE    AD23H     009CH     UNIT         ?PR?DISPLAY_BLACK?S6D0154
BL51 BANKED LINKER/LOCATER V5.12                                                      02/19/2014  15:20:30  PAGE 2


            CODE    ADBFH     008CH     UNIT         ?C_C51STARTUP
            CODE    AE4BH     007CH     UNIT         ?PR?_CHINESESTRING?S6D0154
            CODE    AEC7H     007BH     UNIT         ?PR?_LCD_SHOWSTRING?S6D0154
            CODE    AF42H     0072H     UNIT         ?PR?_ADDRESS_SET?S6D0154
            CODE    AFB4H     006BH     UNIT         ?PR?UART_INTERRUPT_RECEIVE?SERIAL
            CODE    B01FH     0050H     UNIT         ?C_INITSEG
            CODE    B06FH     004FH     UNIT         ?PR?DISPLAY_BLUE?S6D0154
            CODE    B0BEH     0044H     UNIT         ?PR?DISPLAY_RED?S6D0154
            CODE    B102H     003AH     UNIT         ?PR?DISPLAY_LOADING_IMAGE?S6D0154
            CODE    B13CH     003AH     UNIT         ?PR?DISPLAY_RUNNING_IMAGE?S6D0154
            CODE    B176H     0039H     UNIT         ?PR?DISPLAY_GREEN?S6D0154
            CODE    B1AFH     0033H     UNIT         ?PR?DISPLAY_WHITE?S6D0154
            CODE    B1E2H     0021H     UNIT         ?PR?_DELAYMS?SERIAL
            CODE    B203H     001FH     UNIT         ?PR?INITSYS?MAIN
            CODE    B222H     0019H     UNIT         ?PR?_WRITE_DATA?S6D0154
            CODE    B23BH     0018H     UNIT         ?PR?_WRITE_COMD?S6D0154
            CODE    B253H     0012H     UNIT         ?PR?_SERIALSEND?SERIAL
            CODE    B265H     000EH     UNIT         ?PR?_LCD_WRITE_DATA?S6D0154
            CODE    B273H     000BH     UNIT         ?PR?TIME0?MAIN
            CODE    B27EH     000BH     UNIT         ?PR?_LCD_WRIT_BUS?S6D0154
            CODE    B289H     0009H     UNIT         ?PR?_LCD_WRITE_COM?S6D0154



OVERLAY MAP OF MODULE:   .\Obj\DisplayTerminalTFT (?C_STARTUP)


SEGMENT                                        PDATA_GROUP
  +--> CALLED SEGMENT                        START    LENGTH
------------------------------------------------------------
?C_C51STARTUP                                -----    -----
  +--> ?PR?MAIN?MAIN
  +--> ?C_INITSEG

?PR?MAIN?MAIN                                -----    -----
  +--> ?PR?INITSYS?MAIN
  +--> ?PR?LCD_INIT?S6D0154
  +--> ?PR?DISPLAY_RUNNING?S6D0154
  +--> ?PR?DISPLAY_RUNNING_REFRESH?S6D0154
  +--> ?PR?_DELAYMS?SERIAL

?PR?LCD_INIT?S6D0154                         -----    -----
  +--> ?PR?_DELAYMS?SERIAL
  +--> ?PR?_LCD_WRITE_COM?S6D0154
  +--> ?PR?_LCD_WRITE_DATA?S6D0154

?PR?_LCD_WRITE_COM?S6D0154                   -----    -----
  +--> ?PR?_LCD_WRIT_BUS?S6D0154

?PR?_LCD_WRITE_DATA?S6D0154                  -----    -----
  +--> ?PR?_LCD_WRIT_BUS?S6D0154

?PR?DISPLAY_RUNNING?S6D0154                  -----    -----
  +--> ?PR?DISPLAY_WHITE?S6D0154
  +--> ?PR?DISPLAY_RUNNING_IMAGE?S6D0154
  +--> ?CO?S6D0154
  +--> ?PR?_CHINESESTRING?S6D0154
BL51 BANKED LINKER/LOCATER V5.12                                                      02/19/2014  15:20:30  PAGE 3


  +--> ?PR?_LCD_SHOWSTRING?S6D0154

?PR?DISPLAY_WHITE?S6D0154                    0054H    0002H
  +--> ?PR?_ADDRESS_SET?S6D0154
  +--> ?PR?_WRITE_DATA?S6D0154

?PR?_ADDRESS_SET?S6D0154                     0086H    0008H
  +--> ?PR?_LCD_WRITE_COM?S6D0154
  +--> ?PR?_LCD_WRITE_DATA?S6D0154

?PR?DISPLAY_RUNNING_IMAGE?S6D0154            -----    -----
  +--> ?PR?_ADDRESS_SET?S6D0154
  +--> ?CO?S6D0154

?PR?_CHINESESTRING?S6D0154                   0054H    000DH
  +--> ?PR?_CHINESECHAR?S6D0154

?PR?_CHINESECHAR?S6D0154                     0061H    0025H
  +--> ?CO?S6D0154
  +--> ?PR?_ADDRESS_SET?S6D0154
  +--> ?PR?_LCD_WRITE_DATA?S6D0154

?PR?_LCD_SHOWSTRING?S6D0154                  0054H    000DH
  +--> ?PR?_LCD_SHOWCHAR?S6D0154

?PR?_LCD_SHOWCHAR?S6D0154                    0061H    0013H
  +--> ?PR?_ADDRESS_SET?S6D0154
  +--> ?CO?S6D0154
  +--> ?PR?_LCD_WRITE_DATA?S6D0154

?PR?DISPLAY_RUNNING_REFRESH?S6D0154          -----    -----
  +--> ?PR?_LCD_SHOWCHAR?S6D0154
  +--> ?CO?S6D0154
  +--> ?PR?_CHINESESTRING?S6D0154

*** NEW ROOT ***************************************************

?PR?UART_INTERRUPT_RECEIVE?SERIAL            -----    -----
  +--> ?PR?_DELAYMS?SERIAL
  +--> ?PR?SOFT_RESET_TO_ISP_MONITOR?SERIAL



SYMBOL TABLE OF MODULE:  .\Obj\DisplayTerminalTFT (?C_STARTUP)

  VALUE           TYPE          NAME
  ----------------------------------

  -------         MODULE        ?C_STARTUP
  C:ADBFH         SEGMENT       ?C_C51STARTUP
  I:0008H         SEGMENT       ?STACK
  C:0000H         PUBLIC        ?C_STARTUP
  D:00E0H         SYMBOL        ACC
  D:00F0H         SYMBOL        B
  D:0083H         SYMBOL        DPH
  D:0082H         SYMBOL        DPL
  N:0000H         SYMBOL        IBPSTACK
BL51 BANKED LINKER/LOCATER V5.12                                                      02/19/2014  15:20:30  PAGE 4


  N:0100H         SYMBOL        IBPSTACKTOP
  N:0080H         SYMBOL        IDATALEN
  C:ADC2H         SYMBOL        IDATALOOP
  N:0000H         SYMBOL        PBPSTACK
  N:0000H         SYMBOL        PBPSTACKTOP
  N:0000H         SYMBOL        PDATALEN
  N:0000H         SYMBOL        PDATASTART
  N:0000H         SYMBOL        PPAGE
  N:0000H         SYMBOL        PPAGEENABLE
  D:00A0H         SYMBOL        PPAGE_SFR
  D:0081H         SYMBOL        SP
  C:ADBFH         SYMBOL        STARTUP1
  N:0000H         SYMBOL        XBPSTACK
  N:0000H         SYMBOL        XBPSTACKTOP
  N:0000H         SYMBOL        XDATALEN
  N:0000H         SYMBOL        XDATASTART
  C:0000H         LINE#         92
  C:ADBFH         LINE#         99
  C:ADC1H         LINE#         100
  C:ADC2H         LINE#         101
  C:ADC3H         LINE#         102
  C:ADC5H         LINE#         151
  C:ADC8H         LINE#         155
  -------         ENDMOD        ?C_STARTUP

  -------         MODULE        MAIN
  C:0000H         SYMBOL        _ICE_DUMMY_
  D:0090H         PUBLIC        P1
  B:00A8H.7       PUBLIC        EA
  D:00A8H         PUBLIC        IE
  B:00A8H.4       PUBLIC        ES
  D:00B8H         PUBLIC        IP
  D:00D8H         PUBLIC        CCON
  C:000EH         PUBLIC        main
  D:0087H         PUBLIC        PCON
  D:0098H         PUBLIC        SCON
  D:0089H         PUBLIC        TMOD
  D:0088H         PUBLIC        TCON
  B:00A8H.1       PUBLIC        ET0
  B:00A8H.3       PUBLIC        ET1
  D:008CH         PUBLIC        TH0
  D:008DH         PUBLIC        TH1
  D:008AH         PUBLIC        TL0
  D:008BH         PUBLIC        TL1
  B:0088H.4       PUBLIC        TR0
  C:B203H         PUBLIC        InitSys
  B:0088H.6       PUBLIC        TR1
  C:B273H         PUBLIC        time0
  D:00D0H         PUBLIC        PSW
  -------         PROC          TIME0
  C:B273H         LINE#         22
  C:B273H         LINE#         24
  C:B275H         LINE#         25
  C:B278H         LINE#         26
  C:B27BH         LINE#         27
  C:B27DH         LINE#         28
  -------         ENDPROC       TIME0
BL51 BANKED LINKER/LOCATER V5.12                                                      02/19/2014  15:20:30  PAGE 5


  -------         PROC          INITSYS
  C:B203H         LINE#         31
  C:B203H         LINE#         32
  C:B203H         LINE#         33
  C:B205H         LINE#         34
  C:B208H         LINE#         35
  C:B20BH         LINE#         36
  C:B20EH         LINE#         37
  C:B211H         LINE#         38
  C:B214H         LINE#         39
  C:B217H         LINE#         40
  C:B219H         LINE#         41
  C:B21BH         LINE#         42
  C:B21DH         LINE#         43
  C:B21FH         LINE#         44
  C:B221H         LINE#         45
  -------         ENDPROC       INITSYS
  -------         PROC          MAIN
  C:000EH         LINE#         48
  C:000EH         LINE#         49
  C:000EH         LINE#         50
  C:0011H         LINE#         51
  C:0014H         LINE#         52
  C:0017H         LINE#         53
  C:0017H         LINE#         54
  C:0017H         LINE#         55
  C:001AH         LINE#         56
  C:0021H         LINE#         57
  -------         ENDPROC       MAIN
  -------         ENDMOD        MAIN

  -------         MODULE        S6D0154
  C:B222H         SEGMENT       ?PR?_WRITE_DATA?S6D0154
  C:B23BH         SEGMENT       ?PR?_WRITE_COMD?S6D0154
  C:B0BEH         SEGMENT       ?PR?DISPLAY_RED?S6D0154
  X:0000H         SEGMENT       ?PD?DISPLAY_RED?S6D0154
  C:B176H         SEGMENT       ?PR?DISPLAY_GREEN?S6D0154
  X:0004H         SEGMENT       ?PD?DISPLAY_GREEN?S6D0154
  C:B06FH         SEGMENT       ?PR?DISPLAY_BLUE?S6D0154
  X:0006H         SEGMENT       ?PD?DISPLAY_BLUE?S6D0154
  C:B1AFH         SEGMENT       ?PR?DISPLAY_WHITE?S6D0154
  X:0054H         SEGMENT       ?PD?DISPLAY_WHITE?S6D0154
  C:AD23H         SEGMENT       ?PR?DISPLAY_BLACK?S6D0154
  X:0008H         SEGMENT       ?PD?DISPLAY_BLACK?S6D0154
  C:AF42H         SEGMENT       ?PR?_ADDRESS_SET?S6D0154
  X:0086H         SEGMENT       ?PD?_ADDRESS_SET?S6D0154
  C:A3C4H         SEGMENT       ?PR?_CHINESECHAR?S6D0154
  X:0061H         SEGMENT       ?PD?_CHINESECHAR?S6D0154
  C:AE4BH         SEGMENT       ?PR?_CHINESESTRING?S6D0154
  X:0054H         SEGMENT       ?PD?_CHINESESTRING?S6D0154
  C:AA16H         SEGMENT       ?PR?_LCD_SHOWCHAR?S6D0154
  X:0061H         SEGMENT       ?PD?_LCD_SHOWCHAR?S6D0154
  C:AEC7H         SEGMENT       ?PR?_LCD_SHOWSTRING?S6D0154
  X:0054H         SEGMENT       ?PD?_LCD_SHOWSTRING?S6D0154
  C:AC84H         SEGMENT       ?PR?DISPLAY_LODING?S6D0154
  C:B102H         SEGMENT       ?PR?DISPLAY_LOADING_IMAGE?S6D0154
  C:9CB4H         SEGMENT       ?PR?DISPLAY_RUNNING?S6D0154
BL51 BANKED LINKER/LOCATER V5.12                                                      02/19/2014  15:20:30  PAGE 6


  C:9522H         SEGMENT       ?PR?DISPLAY_RUNNING_REFRESH?S6D0154
  C:A700H         SEGMENT       ?PR?DISPLAY_RUNNING1?S6D0154
  C:A88BH         SEGMENT       ?PR?DISPLAY_RUNNING2?S6D0154
  C:A574H         SEGMENT       ?PR?DISPLAY_RUNNING3?S6D0154
  C:B13CH         SEGMENT       ?PR?DISPLAY_RUNNING_IMAGE?S6D0154
  C:B27EH         SEGMENT       ?PR?_LCD_WRIT_BUS?S6D0154
  C:B289H         SEGMENT       ?PR?_LCD_WRITE_COM?S6D0154
  C:B265H         SEGMENT       ?PR?_LCD_WRITE_DATA?S6D0154
  C:A19FH         SEGMENT       ?PR?LCD_INIT?S6D0154
  C:0026H         SEGMENT       ?CO?S6D0154
  C:B01FH         SEGMENT       ?C_INITSEG
  X:000CH         SEGMENT       ?PD?S6D0154
  X:0086H         PUBLIC        ?_ADDRESS_SET?BYTE
  X:0061H         PUBLIC        ?_CHINESECHAR?BYTE
  X:0054H         PUBLIC        ?_CHINESESTRING?BYTE
  X:0061H         PUBLIC        ?_LCD_SHOWCHAR?BYTE
  X:0054H         PUBLIC        ?_LCD_SHOWSTRING?BYTE
  X:000CH         PUBLIC        COLORS
  C:AD23H         PUBLIC        DISPLAY_BLACK
  C:B06FH         PUBLIC        DISPLAY_BLUE
  C:B176H         PUBLIC        DISPLAY_GREEN
  C:B102H         PUBLIC        DISPLAY_LOADING_IMAGE
  C:AC84H         PUBLIC        DISPLAY_LODING
  C:B0BEH         PUBLIC        DISPLAY_RED
  C:9CB4H         PUBLIC        DISPLAY_RUNNING
  C:A700H         PUBLIC        DISPLAY_RUNNING1
  C:A88BH         PUBLIC        DISPLAY_RUNNING2
  C:A574H         PUBLIC        DISPLAY_RUNNING3
  C:B13CH         PUBLIC        DISPLAY_RUNNING_IMAGE
  C:9522H         PUBLIC        DISPLAY_RUNNING_REFRESH
  C:B1AFH         PUBLIC        DISPLAY_WHITE
  C:8319H         PUBLIC        FONT16X24
  C:82B9H         PUBLIC        HZ16
  C:7851H         PUBLIC        HZ24
  C:7641H         PUBLIC        HZ32
  C:A19FH         PUBLIC        LCD_INIT
  C:0201H         PUBLIC        RASPBERRYPILOGOBIG
  C:5ED1H         PUBLIC        RASPBERRYPILOGOSMALL
  C:AF56H         PUBLIC        _ADDRESS_SET
  C:A3CEH         PUBLIC        _CHINESECHAR
  C:AE55H         PUBLIC        _CHINESESTRING
  C:AA1DH         PUBLIC        _LCD_SHOWCHAR
  C:AED2H         PUBLIC        _LCD_SHOWSTRING
  C:B28DH         PUBLIC        _LCD_WRITE_COM
  C:B26EH         PUBLIC        _LCD_WRITE_DATA
  C:B27EH         PUBLIC        _LCD_WRIT_BUS
  C:B242H         PUBLIC        _WRITE_COMD
  C:B22AH         PUBLIC        _WRITE_DATA
  C:B0D2H         SYMBOL        ?C0003
  C:B0FFH         SYMBOL        ?C0004
  C:B0E9H         SYMBOL        ?C0005
  C:B0D5H         SYMBOL        ?C0006
  C:B181H         SYMBOL        ?C0010
  C:B1ACH         SYMBOL        ?C0011
  C:B196H         SYMBOL        ?C0012
  C:B184H         SYMBOL        ?C0013
  C:B08DH         SYMBOL        ?C0017
BL51 BANKED LINKER/LOCATER V5.12                                                      02/19/2014  15:20:30  PAGE 7


  C:B0BBH         SYMBOL        ?C0018
  C:B0A5H         SYMBOL        ?C0019
  C:B090H         SYMBOL        ?C0020
  C:B1B8H         SYMBOL        ?C0024
  C:B1DFH         SYMBOL        ?C0025
  C:B1C9H         SYMBOL        ?C0026
  C:B1BBH         SYMBOL        ?C0027
  C:AD29H         SYMBOL        ?C0031
  C:AD37H         SYMBOL        ?C0032
  C:AD3AH         SYMBOL        ?C0034
  C:ADABH         SYMBOL        ?C0035
  C:AD9CH         SYMBOL        ?C0036
  C:AD40H         SYMBOL        ?C0037
  C:AD59H         SYMBOL        ?C0038
  C:AD5FH         SYMBOL        ?C0040
  C:AD7DH         SYMBOL        ?C0041
  C:AD83H         SYMBOL        ?C0043
  C:ADAEH         SYMBOL        ?C0046
  C:ADBCH         SYMBOL        ?C0047
  C:A427H         SYMBOL        ?C0051
  C:A465H         SYMBOL        ?C0052
  C:A44AH         SYMBOL        ?C0053
  C:A4C9H         SYMBOL        ?C0056
  C:A571H         SYMBOL        ?C0057
  C:A563H         SYMBOL        ?C0058
  C:A515H         SYMBOL        ?C0059
  C:A50DH         SYMBOL        ?C0060
  C:A51DH         SYMBOL        ?C0062
  C:A523H         SYMBOL        ?C0063
  C:A556H         SYMBOL        ?C0065
  C:A551H         SYMBOL        ?C0066
  C:AE68H         SYMBOL        ?C0069
  C:AEC6H         SYMBOL        ?C0071
  C:AA41H         SYMBOL        ?C0072
  C:AA41H         SYMBOL        ?C0073
  C:AA7BH         SYMBOL        ?C0075
  C:AB56H         SYMBOL        ?C0077
  C:AADBH         SYMBOL        ?C0078
  C:AB54H         SYMBOL        ?C0079
  C:AB4DH         SYMBOL        ?C0080
  C:AB18H         SYMBOL        ?C0081
  C:AB18H         SYMBOL        ?C0082
  C:AB1CH         SYMBOL        ?C0084
  C:AB30H         SYMBOL        ?C0087
  C:AB3CH         SYMBOL        ?C0088
  C:AEE5H         SYMBOL        ?C0089
  C:AF41H         SYMBOL        ?C0091
  C:B122H         SYMBOL        ?C0093
  C:B139H         SYMBOL        ?C0094
  C:B134H         SYMBOL        ?C0095
  C:B124H         SYMBOL        ?C0096
  C:96B0H         SYMBOL        ?C0101
  C:96DDH         SYMBOL        ?C0102
  C:970AH         SYMBOL        ?C0103
  C:973DH         SYMBOL        ?C0104
  C:B15CH         SYMBOL        ?C0109
  C:B173H         SYMBOL        ?C0110
BL51 BANKED LINKER/LOCATER V5.12                                                      02/19/2014  15:20:30  PAGE 8


  C:B16EH         SYMBOL        ?C0111
  C:B15EH         SYMBOL        ?C0112
  C:B0E3H         SYMBOL        ?C0120
  C:B190H         SYMBOL        ?C0121
  C:B09FH         SYMBOL        ?C0122
  C:B1C3H         SYMBOL        ?C0123
  C:AD31H         SYMBOL        ?C0124
  C:ADA1H         SYMBOL        ?C0125
  C:ADA9H         SYMBOL        ?C0126
  C:ADB6H         SYMBOL        ?C0127
  C:A503H         SYMBOL        ?C0128
  C:A543H         SYMBOL        ?C0129
  C:A548H         SYMBOL        ?C0130
  C:AACEH         SYMBOL        ?C0131
  C:AAEDH         SYMBOL        ?C0132
  C:A553H         SYMBOL        ?C0133
  C:A517H         SYMBOL        ?C0134
  C:AB39H         SYMBOL        ?C0135
  C:96D3H         SYMBOL        ?C0136
  C:972DH         SYMBOL        ?C0137
  X:0008H         SYMBOL        ?DISPLAY_BLACK?BYTE
  X:0006H         SYMBOL        ?DISPLAY_BLUE?BYTE
  X:0004H         SYMBOL        ?DISPLAY_GREEN?BYTE
  X:0000H         SYMBOL        ?DISPLAY_RED?BYTE
  X:0054H         SYMBOL        ?DISPLAY_WHITE?BYTE
  C:0026H         SYMBOL        ?SC_0
  C:0031H         SYMBOL        ?SC_11
  C:0095H         SYMBOL        ?SC_111
  C:00A9H         SYMBOL        ?SC_131
  C:0034H         SYMBOL        ?SC_14
  C:00BDH         SYMBOL        ?SC_151
  C:00D1H         SYMBOL        ?SC_171
  C:0039H         SYMBOL        ?SC_19
  C:00E5H         SYMBOL        ?SC_191
  C:0028H         SYMBOL        ?SC_2
  C:00F5H         SYMBOL        ?SC_207
  C:003BH         SYMBOL        ?SC_21
  C:0105H         SYMBOL        ?SC_223
  C:0115H         SYMBOL        ?SC_239
  C:003EH         SYMBOL        ?SC_24
  C:0129H         SYMBOL        ?SC_259
  C:0041H         SYMBOL        ?SC_27
  C:013DH         SYMBOL        ?SC_279
  C:0151H         SYMBOL        ?SC_299
  C:0044H         SYMBOL        ?SC_30
  C:0165H         SYMBOL        ?SC_319
  C:0047H         SYMBOL        ?SC_33
  C:0179H         SYMBOL        ?SC_339
  C:0189H         SYMBOL        ?SC_355
  C:004AH         SYMBOL        ?SC_36
  C:019AH         SYMBOL        ?SC_372
  C:004CH         SYMBOL        ?SC_38
  C:01ABH         SYMBOL        ?SC_389
  C:002AH         SYMBOL        ?SC_4
  C:004FH         SYMBOL        ?SC_41
  C:01C0H         SYMBOL        ?SC_410
  C:01D5H         SYMBOL        ?SC_431
BL51 BANKED LINKER/LOCATER V5.12                                                      02/19/2014  15:20:30  PAGE 9


  C:0052H         SYMBOL        ?SC_44
  C:01EAH         SYMBOL        ?SC_452
  C:0055H         SYMBOL        ?SC_47
  C:01FFH         SYMBOL        ?SC_473
  C:0058H         SYMBOL        ?SC_50
  C:002CH         SYMBOL        ?SC_6
  C:0068H         SYMBOL        ?SC_66
  C:0071H         SYMBOL        ?SC_75
  C:002FH         SYMBOL        ?SC_9
  C:0081H         SYMBOL        ?SC_91
  B:00D0H.6       SYMBOL        AC
  D:00E0H         SYMBOL        ACC
  D:00BCH         SYMBOL        ADC_CONTR
  D:00BDH         SYMBOL        ADC_RES
  D:00BEH         SYMBOL        ADC_RESL
  D:008EH         SYMBOL        AUXR
  D:00A2H         SYMBOL        AUXR1
  D:00F0H         SYMBOL        B
  X:0069H         SYMBOL        BK_COLOR?1086
  X:005CH         SYMBOL        BK_COLOR?1198
  X:0069H         SYMBOL        BK_COLOR?864
  X:005CH         SYMBOL        BK_COLOR?980
  D:009CH         SYMBOL        BRT
  D:00A1H         SYMBOL        BUS_SPEED
  X:006DH         SYMBOL        BYTES?1089
  X:006BH         SYMBOL        C?865
  D:00FAH         SYMBOL        CCAP0H
  D:00EAH         SYMBOL        CCAP0L
  D:00FBH         SYMBOL        CCAP1H
  D:00EBH         SYMBOL        CCAP1L
  D:00DAH         SYMBOL        CCAPM0
  D:00DBH         SYMBOL        CCAPM1
  B:00D8H.0       SYMBOL        CCF0
  B:00D8H.1       SYMBOL        CCF1
  D:00D8H         SYMBOL        CCON
  B:00D8H.7       SYMBOL        CF
  D:00F9H         SYMBOL        CH
  X:006BH         SYMBOL        CH?1087
  X:0072H         SYMBOL        CHAR_H?1093
  X:0070H         SYMBOL        CHAR_W?1092
  D:00E9H         SYMBOL        CL
  D:0097H         SYMBOL        CLK_DIV
  D:00D9H         SYMBOL        CMOD
  B:00D8H.6       SYMBOL        CR
  B:00D0H.7       SYMBOL        CY
  D:0083H         SYMBOL        DPH
  D:0082H         SYMBOL        DPL
  X:006CH         SYMBOL        E?866
  B:00A8H.7       SYMBOL        EA
  B:00A8H.5       SYMBOL        EADC
  X:0072H         SYMBOL        ED?869
  B:00A8H.6       SYMBOL        ELVD
  B:00A8H.4       SYMBOL        ES
  B:00A8H.1       SYMBOL        ET0
  B:00A8H.3       SYMBOL        ET1
  B:00A8H.0       SYMBOL        EX0
  B:00A8H.2       SYMBOL        EX1
BL51 BANKED LINKER/LOCATER V5.12                                                      02/19/2014  15:20:30  PAGE 10


  B:00D0H.5       SYMBOL        F0
  X:007DH         SYMBOL        FONTTABLE?875
  X:0067H         SYMBOL        FOR_COLOR?1085
  X:005AH         SYMBOL        FOR_COLOR?1197
  X:0067H         SYMBOL        FOR_COLOR?863
  X:005AH         SYMBOL        FOR_COLOR?979
  X:0000H         SYMBOL        I?244
  X:0004H         SYMBOL        I?347
  X:0006H         SYMBOL        I?449
  X:0054H         SYMBOL        I?551
  X:006EH         SYMBOL        I?867
  D:00C3H         SYMBOL        IAP_ADDRH
  D:00C4H         SYMBOL        IAP_ADDRL
  D:00C5H         SYMBOL        IAP_CMD
  D:00C7H         SYMBOL        IAP_CONTR
  D:00C2H         SYMBOL        IAP_DATA
  D:00C6H         SYMBOL        IAP_TRIG
  D:00A8H         SYMBOL        IE
  B:0088H.1       SYMBOL        IE0
  B:0088H.3       SYMBOL        IE1
  D:00AFH         SYMBOL        IE2
  D:00B8H         SYMBOL        IP
  D:00B5H         SYMBOL        IP2
  D:00B7H         SYMBOL        IPH
  D:00B6H         SYMBOL        IPH2
  B:0088H.0       SYMBOL        IT0
  B:0088H.2       SYMBOL        IT1
  X:0008H         SYMBOL        J?654
  X:0070H         SYMBOL        J?868
  X:0002H         SYMBOL        K?246
  X:000AH         SYMBOL        K?655
  C:AEC7H         SYMBOL        L?0138
  C:AEC8H         SYMBOL        L?0139
  C:AECBH         SYMBOL        L?0140
  C:AA16H         SYMBOL        L?0141
  C:AE4BH         SYMBOL        L?0142
  C:AE4FH         SYMBOL        L?0143
  C:AE51H         SYMBOL        L?0144
  C:AF42H         SYMBOL        L?0145
  C:AF42H         SYMBOL        L?0146
  C:AF46H         SYMBOL        L?0147
  C:B265H         SYMBOL        L?0148
  C:B267H         SYMBOL        L?0149
  C:B222H         SYMBOL        L?0150
  C:B222H         SYMBOL        L?0151
  C:B226H         SYMBOL        L?0152
  C:A3C4H         SYMBOL        L?0153
  C:A3C8H         SYMBOL        L?0154
  C:B289H         SYMBOL        L?0155
  C:B289H         SYMBOL        L?0156
  C:B23BH         SYMBOL        L?0157
  C:B23DH         SYMBOL        L?0158
  B:0090H.0       SYMBOL        LCD_CS
  B:0090H.1       SYMBOL        LCD_DC
  B:0090H.3       SYMBOL        LCD_RD
  B:0090H.4       SYMBOL        LCD_RST
  B:0090H.2       SYMBOL        LCD_WR
BL51 BANKED LINKER/LOCATER V5.12                                                      02/19/2014  15:20:30  PAGE 11


  X:0078H         SYMBOL        NBYTES?872
  X:0074H         SYMBOL        NCOLS?870
  X:0076H         SYMBOL        NROWS?871
  B:00D0H.2       SYMBOL        OV
  B:00D0H.0       SYMBOL        P
  D:0080H         SYMBOL        P0
  D:0094H         SYMBOL        P0M0
  D:0093H         SYMBOL        P0M1
  D:0090H         SYMBOL        P1
  D:009DH         SYMBOL        P1ASF
  D:0092H         SYMBOL        P1M0
  D:0091H         SYMBOL        P1M1
  D:00A0H         SYMBOL        P2
  D:0096H         SYMBOL        P2M0
  D:0095H         SYMBOL        P2M1
  D:00B0H         SYMBOL        P3
  D:00B2H         SYMBOL        P3M0
  D:00B1H         SYMBOL        P3M1
  D:00C0H         SYMBOL        P4
  D:00B4H         SYMBOL        P4M0
  D:00B3H         SYMBOL        P4M1
  D:00BBH         SYMBOL        P4SW
  D:00C8H         SYMBOL        P5
  D:00CAH         SYMBOL        P5M0
  D:00C9H         SYMBOL        P5M1
  X:005EH         SYMBOL        P?1199
  X:005EH         SYMBOL        P?981
  B:00B8H.5       SYMBOL        PADC
  D:00F2H         SYMBOL        PCA_PWM0
  D:00F3H         SYMBOL        PCA_PWM1
  X:007AH         SYMBOL        PCHAR?874
  D:0087H         SYMBOL        PCON
  B:00B8H.6       SYMBOL        PLVD
  X:006EH         SYMBOL        POS?1090
  B:00B8H.7       SYMBOL        PPCA
  B:00B8H.4       SYMBOL        PS
  D:00D0H         SYMBOL        PSW
  B:00B8H.1       SYMBOL        PT0
  B:00B8H.3       SYMBOL        PT1
  B:00B8H.0       SYMBOL        PX0
  B:00B8H.2       SYMBOL        PX1
  B:0098H.2       SYMBOL        RB8
  B:0098H.4       SYMBOL        REN
  B:0098H.0       SYMBOL        RI
  B:00D0H.3       SYMBOL        RS0
  B:00D0H.4       SYMBOL        RS1
  D:009BH         SYMBOL        S2BUF
  D:009AH         SYMBOL        S2CON
  N:0000H         SYMBOL        S6D0154
  D:00A9H         SYMBOL        SADDR
  D:00B9H         SYMBOL        SADEN
  D:0099H         SYMBOL        SBUF
  D:0098H         SYMBOL        SCON
  X:0065H         SYMBOL        SIZE?1084
  X:0058H         SYMBOL        SIZE?1196
  X:0065H         SYMBOL        SIZE?862
  X:0058H         SYMBOL        SIZE?978
BL51 BANKED LINKER/LOCATER V5.12                                                      02/19/2014  15:20:30  PAGE 12


  B:0098H.7       SYMBOL        SM0
  B:0098H.6       SYMBOL        SM1
  B:0098H.5       SYMBOL        SM2
  D:0081H         SYMBOL        SP
  D:00CEH         SYMBOL        SPCTL
  D:00CFH         SYMBOL        SPDAT
  D:00CDH         SYMBOL        SPSTAT
  X:006FH         SYMBOL        T?1091
  B:0098H.3       SYMBOL        TB8
  D:0088H         SYMBOL        TCON
  X:006CH         SYMBOL        TEMP?1088
  B:0088H.5       SYMBOL        TF0
  B:0088H.7       SYMBOL        TF1
  D:008CH         SYMBOL        TH0
  D:008DH         SYMBOL        TH1
  B:0098H.1       SYMBOL        TI
  D:008AH         SYMBOL        TL0
  D:008BH         SYMBOL        TL1
  D:0089H         SYMBOL        TMOD
  B:0088H.4       SYMBOL        TR0
  B:0088H.6       SYMBOL        TR1
  D:008FH         SYMBOL        WAKE_CLKO
  D:00C1H         SYMBOL        WDT_CONTR
  X:0086H         SYMBOL        X1?756
  X:008AH         SYMBOL        X2?758
  X:0061H         SYMBOL        X?1082
  X:0054H         SYMBOL        X?1194
  X:0061H         SYMBOL        X?860
  X:0054H         SYMBOL        X?976
  X:0088H         SYMBOL        Y1?757
  X:008CH         SYMBOL        Y2?759
  X:0063H         SYMBOL        Y?1083
  X:0056H         SYMBOL        Y?1195
  X:0063H         SYMBOL        Y?861
  X:0056H         SYMBOL        Y?977
  C:9519H         SYMBOL        _?IX1000
  C:B222H         LINE#         36226
  C:B224H         LINE#         36227
  C:B226H         LINE#         36229
  C:B228H         LINE#         36230
  C:B22AH         LINE#         36240
  C:B22CH         LINE#         36243
  C:B22EH         LINE#         36246
  C:B230H         LINE#         36249
  C:B232H         LINE#         36252
  C:B234H         LINE#         36255
  C:B236H         LINE#         36258
  C:B238H         LINE#         36261
  C:B23AH         LINE#         36264
  C:B23BH         LINE#         36274
  C:B23DH         LINE#         36276
  C:B23FH         LINE#         36277
  C:B240H         LINE#         36278
  C:B241H         LINE#         36279
  C:B242H         LINE#         36289
  C:B244H         LINE#         36292
  C:B246H         LINE#         36295
BL51 BANKED LINKER/LOCATER V5.12                                                      02/19/2014  15:20:30  PAGE 13


  C:B248H         LINE#         36298
  C:B24AH         LINE#         36301
  C:B24CH         LINE#         36304
  C:B24EH         LINE#         36307
  C:B250H         LINE#         36310
  C:B252H         LINE#         36313
  C:B0BEH         LINE#         36328
  C:B0BFH         LINE#         36329
  C:B0C1H         LINE#         36330
  C:B0C2H         LINE#         36331
  C:B0C3H         LINE#         36332
  C:B0C4H         LINE#         36335
  C:B0C6H         LINE#         36338
  C:B0C7H         LINE#         36339
  C:B0CAH         LINE#         36342
  C:B0CDH         LINE#         36345
  C:B0CFH         LINE#         36346
  C:B0D0H         LINE#         36347
  C:B0D1H         LINE#         36348
  C:B0D2H         LINE#         36355
  C:B0D3H         LINE#         36356
  C:B0D4H         LINE#         36357
  C:B0D5H         LINE#         36363
  C:B0D6H         LINE#         36364
  C:B0D7H         LINE#         36365
  C:B0D8H         LINE#         36366
  C:B0DAH         LINE#         36367
  C:B0DBH         LINE#         36368
  C:B0DEH         LINE#         36371
  C:B0DFH         LINE#         36372
  C:B0E2H         LINE#         36373
  C:B0E3H         LINE#         36375
  C:B0E4H         LINE#         36376
  C:B0E6H         LINE#         36377
  C:B0E7H         LINE#         36378
  C:B0E9H         LINE#         36382
  C:B0EBH         LINE#         36383
  C:B0ECH         LINE#         36384
  C:B0EEH         LINE#         36385
  C:B0EFH         LINE#         36386
  C:B0F0H         LINE#         36387
  C:B0F1H         LINE#         36388
  C:B0F3H         LINE#         36389
  C:B0F4H         LINE#         36390
  C:B0F5H         LINE#         36391
  C:B0F6H         LINE#         36392
  C:B0F7H         LINE#         36393
  C:B0F9H         LINE#         36394
  C:B0FAH         LINE#         36395
  C:B0FBH         LINE#         36396
  C:B0FDH         LINE#         36397
  C:B0FFH         LINE#         36401
  C:B101H         LINE#         36404
  C:B176H         LINE#         36422
  C:B179H         LINE#         36425
  C:B17CH         LINE#         36428
  C:B17EH         LINE#         36429
BL51 BANKED LINKER/LOCATER V5.12                                                      02/19/2014  15:20:30  PAGE 14


  C:B17FH         LINE#         36430
  C:B180H         LINE#         36431
  C:B181H         LINE#         36438
  C:B182H         LINE#         36439
  C:B183H         LINE#         36440
  C:B184H         LINE#         36446
  C:B186H         LINE#         36447
  C:B188H         LINE#         36448
  C:B18BH         LINE#         36451
  C:B18CH         LINE#         36452
  C:B18FH         LINE#         36453
  C:B190H         LINE#         36455
  C:B191H         LINE#         36456
  C:B193H         LINE#         36457
  C:B194H         LINE#         36458
  C:B196H         LINE#         36462
  C:B198H         LINE#         36463
  C:B199H         LINE#         36464
  C:B19BH         LINE#         36465
  C:B19CH         LINE#         36466
  C:B19DH         LINE#         36467
  C:B19EH         LINE#         36468
  C:B1A0H         LINE#         36469
  C:B1A1H         LINE#         36470
  C:B1A2H         LINE#         36471
  C:B1A3H         LINE#         36472
  C:B1A4H         LINE#         36473
  C:B1A6H         LINE#         36474
  C:B1A7H         LINE#         36475
  C:B1A8H         LINE#         36476
  C:B1AAH         LINE#         36477
  C:B1ACH         LINE#         36481
  C:B1AEH         LINE#         36484
  C:B06FH         LINE#         36500
  C:B071H         LINE#         36503
  C:B073H         LINE#         36504
  C:B076H         LINE#         36507
  C:B077H         LINE#         36508
  C:B07AH         LINE#         36511
  C:B07CH         LINE#         36512
  C:B07FH         LINE#         36515
  C:B080H         LINE#         36516
  C:B083H         LINE#         36519
  C:B085H         LINE#         36520
  C:B088H         LINE#         36523
  C:B08AH         LINE#         36524
  C:B08BH         LINE#         36525
  C:B08CH         LINE#         36526
  C:B08DH         LINE#         36533
  C:B08EH         LINE#         36534
  C:B08FH         LINE#         36535
  C:B090H         LINE#         36541
  C:B092H         LINE#         36542
  C:B094H         LINE#         36543
  C:B095H         LINE#         36544
  C:B096H         LINE#         36545
  C:B097H         LINE#         36546
BL51 BANKED LINKER/LOCATER V5.12                                                      02/19/2014  15:20:30  PAGE 15


  C:B09AH         LINE#         36549
  C:B09BH         LINE#         36550
  C:B09EH         LINE#         36551
  C:B09FH         LINE#         36553
  C:B0A0H         LINE#         36554
  C:B0A2H         LINE#         36555
  C:B0A3H         LINE#         36556
  C:B0A5H         LINE#         36560
  C:B0A7H         LINE#         36561
  C:B0A8H         LINE#         36562
  C:B0AAH         LINE#         36563
  C:B0ABH         LINE#         36564
  C:B0ACH         LINE#         36565
  C:B0ADH         LINE#         36566
  C:B0AFH         LINE#         36567
  C:B0B0H         LINE#         36568
  C:B0B1H         LINE#         36569
  C:B0B2H         LINE#         36570
  C:B0B3H         LINE#         36571
  C:B0B5H         LINE#         36572
  C:B0B6H         LINE#         36573
  C:B0B7H         LINE#         36574
  C:B0B9H         LINE#         36575
  C:B0BBH         LINE#         36579
  C:B0BDH         LINE#         36582
  C:B1AFH         LINE#         36600
  C:B1B2H         LINE#         36603
  C:B1B3H         LINE#         36604
  C:B1B5H         LINE#         36605
  C:B1B6H         LINE#         36606
  C:B1B7H         LINE#         36607
  C:B1B8H         LINE#         36614
  C:B1B9H         LINE#         36615
  C:B1BAH         LINE#         36616
  C:B1BBH         LINE#         36622
  C:B1BEH         LINE#         36626
  C:B1BFH         LINE#         36627
  C:B1C2H         LINE#         36628
  C:B1C3H         LINE#         36630
  C:B1C4H         LINE#         36631
  C:B1C6H         LINE#         36632
  C:B1C7H         LINE#         36633
  C:B1C9H         LINE#         36637
  C:B1CBH         LINE#         36638
  C:B1CCH         LINE#         36639
  C:B1CEH         LINE#         36640
  C:B1CFH         LINE#         36641
  C:B1D0H         LINE#         36642
  C:B1D1H         LINE#         36643
  C:B1D3H         LINE#         36644
  C:B1D4H         LINE#         36645
  C:B1D5H         LINE#         36646
  C:B1D6H         LINE#         36647
  C:B1D7H         LINE#         36648
  C:B1D9H         LINE#         36649
  C:B1DAH         LINE#         36650
  C:B1DBH         LINE#         36651
BL51 BANKED LINKER/LOCATER V5.12                                                      02/19/2014  15:20:30  PAGE 16


  C:B1DDH         LINE#         36652
  C:B1DFH         LINE#         36656
  C:B1E1H         LINE#         36659
  C:AD23H         LINE#         36677
  C:AD26H         LINE#         36681
  C:AD27H         LINE#         36682
  C:AD28H         LINE#         36683
  C:AD29H         LINE#         36689
  C:AD2CH         LINE#         36692
  C:AD2DH         LINE#         36693
  C:AD30H         LINE#         36694
  C:AD31H         LINE#         36696
  C:AD32H         LINE#         36697
  C:AD34H         LINE#         36698
  C:AD35H         LINE#         36699
  C:AD37H         LINE#         36703
  C:AD38H         LINE#         36704
  C:AD39H         LINE#         36705
  C:AD3AH         LINE#         36711
  C:AD3BH         LINE#         36712
  C:AD3DH         LINE#         36713
  C:AD3EH         LINE#         36714
  C:AD3FH         LINE#         36715
  C:AD40H         LINE#         36721
  C:AD43H         LINE#         36724
  C:AD45H         LINE#         36725
  C:AD46H         LINE#         36726
  C:AD48H         LINE#         36727
  C:AD49H         LINE#         36728
  C:AD4AH         LINE#         36729
  C:AD4BH         LINE#         36730
  C:AD4DH         LINE#         36731
  C:AD4EH         LINE#         36732
  C:AD4FH         LINE#         36733
  C:AD50H         LINE#         36734
  C:AD51H         LINE#         36735
  C:AD53H         LINE#         36736
  C:AD54H         LINE#         36737
  C:AD55H         LINE#         36738
  C:AD57H         LINE#         36739
  C:AD59H         LINE#         36743
  C:AD5AH         LINE#         36744
  C:AD5CH         LINE#         36745
  C:AD5DH         LINE#         36746
  C:AD5EH         LINE#         36747
  C:AD5FH         LINE#         36753
  C:AD60H         LINE#         36754
  C:AD61H         LINE#         36755
  C:AD62H         LINE#         36756
  C:AD63H         LINE#         36757
  C:AD64H         LINE#         36758
  C:AD67H         LINE#         36761
  C:AD69H         LINE#         36762
  C:AD6AH         LINE#         36763
  C:AD6CH         LINE#         36764
  C:AD6DH         LINE#         36765
  C:AD6EH         LINE#         36766
BL51 BANKED LINKER/LOCATER V5.12                                                      02/19/2014  15:20:30  PAGE 17


  C:AD6FH         LINE#         36767
  C:AD71H         LINE#         36768
  C:AD72H         LINE#         36769
  C:AD73H         LINE#         36770
  C:AD74H         LINE#         36771
  C:AD75H         LINE#         36772
  C:AD77H         LINE#         36773
  C:AD78H         LINE#         36774
  C:AD79H         LINE#         36775
  C:AD7BH         LINE#         36776
  C:AD7DH         LINE#         36780
  C:AD7EH         LINE#         36781
  C:AD80H         LINE#         36782
  C:AD81H         LINE#         36783
  C:AD82H         LINE#         36784
  C:AD83H         LINE#         36790
  C:AD86H         LINE#         36793
  C:AD88H         LINE#         36794
  C:AD89H         LINE#         36795
  C:AD8BH         LINE#         36796
  C:AD8CH         LINE#         36797
  C:AD8DH         LINE#         36798
  C:AD8EH         LINE#         36799
  C:AD90H         LINE#         36800
  C:AD91H         LINE#         36801
  C:AD92H         LINE#         36802
  C:AD93H         LINE#         36803
  C:AD94H         LINE#         36804
  C:AD96H         LINE#         36805
  C:AD97H         LINE#         36806
  C:AD98H         LINE#         36807
  C:AD9AH         LINE#         36808
  C:AD9CH         LINE#         36812
  C:AD9DH         LINE#         36813
  C:ADA0H         LINE#         36814
  C:ADA1H         LINE#         36816
  C:ADA2H         LINE#         36817
  C:ADA4H         LINE#         36818
  C:ADA6H         LINE#         36819
  C:ADA7H         LINE#         36820
  C:ADA9H         LINE#         36822
  C:ADABH         LINE#         36826
  C:ADACH         LINE#         36827
  C:ADADH         LINE#         36828
  C:ADAEH         LINE#         36834
  C:ADB1H         LINE#         36837
  C:ADB2H         LINE#         36838
  C:ADB5H         LINE#         36839
  C:ADB6H         LINE#         36841
  C:ADB7H         LINE#         36842
  C:ADB9H         LINE#         36843
  C:ADBAH         LINE#         36844
  C:ADBCH         LINE#         36848
  C:ADBEH         LINE#         36851
  C:AF42H         LINE#         36862
  C:AF44H         LINE#         36863
  C:AF46H         LINE#         36865
BL51 BANKED LINKER/LOCATER V5.12                                                      02/19/2014  15:20:30  PAGE 18


  C:AF48H         LINE#         36866
  C:AF49H         LINE#         36867
  C:AF4AH         LINE#         36868
  C:AF4CH         LINE#         36869
  C:AF4DH         LINE#         36870
  C:AF4FH         LINE#         36871
  C:AF51H         LINE#         36872
  C:AF52H         LINE#         36873
  C:AF53H         LINE#         36874
  C:AF54H         LINE#         36875
  C:AF55H         LINE#         36876
  C:AF56H         LINE#         36880
  C:AF58H         LINE#         36881
  C:AF59H         LINE#         36882
  C:AF5AH         LINE#         36883
  C:AF5BH         LINE#         36884
  C:AF5CH         LINE#         36885
  C:AF5DH         LINE#         36886
  C:AF5EH         LINE#         36887
  C:AF5FH         LINE#         36888
  C:AF60H         LINE#         36889
  C:AF61H         LINE#         36890
  C:AF62H         LINE#         36891
  C:AF63H         LINE#         36892
  C:AF64H         LINE#         36893
  C:AF65H         LINE#         36894
  C:AF66H         LINE#         36895
  C:AF67H         LINE#         36896
  C:AF68H         LINE#         36897
  C:AF69H         LINE#         36902
  C:AF6BH         LINE#         36903
  C:AF6CH         LINE#         36904
  C:AF6DH         LINE#         36905
  C:AF70H         LINE#         36906
  C:AF73H         LINE#         36909
  C:AF75H         LINE#         36910
  C:AF76H         LINE#         36911
  C:AF77H         LINE#         36912
  C:AF7AH         LINE#         36913
  C:AF7CH         LINE#         36914
  C:AF7FH         LINE#         36917
  C:AF81H         LINE#         36918
  C:AF82H         LINE#         36919
  C:AF83H         LINE#         36920
  C:AF86H         LINE#         36921
  C:AF89H         LINE#         36924
  C:AF8BH         LINE#         36925
  C:AF8CH         LINE#         36926
  C:AF8DH         LINE#         36927
  C:AF90H         LINE#         36928
  C:AF92H         LINE#         36929
  C:AF95H         LINE#         36932
  C:AF97H         LINE#         36933
  C:AF98H         LINE#         36934
  C:AF99H         LINE#         36935
  C:AF9CH         LINE#         36936
  C:AF9EH         LINE#         36937
BL51 BANKED LINKER/LOCATER V5.12                                                      02/19/2014  15:20:30  PAGE 19


  C:AFA1H         LINE#         36940
  C:AFA3H         LINE#         36941
  C:AFA4H         LINE#         36942
  C:AFA5H         LINE#         36943
  C:AFA8H         LINE#         36944
  C:AFAAH         LINE#         36945
  C:AFADH         LINE#         36948
  C:AFAFH         LINE#         36949
  C:AFB0H         LINE#         36950
  C:AFB1H         LINE#         36951
  C:A3C4H         LINE#         36962
  C:A3C6H         LINE#         36963
  C:A3C8H         LINE#         36965
  C:A3CAH         LINE#         36966
  C:A3CCH         LINE#         36967
  C:A3CEH         LINE#         36971
  C:A3D0H         LINE#         36972
  C:A3D1H         LINE#         36973
  C:A3D2H         LINE#         36974
  C:A3D3H         LINE#         36975
  C:A3D4H         LINE#         36976
  C:A3D5H         LINE#         36977
  C:A3D6H         LINE#         36978
  C:A3D7H         LINE#         36979
  C:A3D8H         LINE#         36980
  C:A3D9H         LINE#         36981
  C:A3DAH         LINE#         36982
  C:A3DBH         LINE#         36983
  C:A3DCH         LINE#         36984
  C:A3DDH         LINE#         36985
  C:A3DEH         LINE#         36986
  C:A3DFH         LINE#         36987
  C:A3E0H         LINE#         36988
  C:A3E1H         LINE#         37000
  C:A3E3H         LINE#         37001
  C:A3E5H         LINE#         37002
  C:A3E7H         LINE#         37003
  C:A3E9H         LINE#         37004
  C:A3EBH         LINE#         37005
  C:A3EDH         LINE#         37006
  C:A3EFH         LINE#         37007
  C:A3F1H         LINE#         37008
  C:A3F4H         LINE#         37011
  C:A3F6H         LINE#         37012
  C:A3F7H         LINE#         37013
  C:A3F8H         LINE#         37014
  C:A3F9H         LINE#         37015
  C:A3FAH         LINE#         37016
  C:A3FBH         LINE#         37017
  C:A3FEH         LINE#         37018
  C:A3FFH         LINE#         37019
  C:A401H         LINE#         37020
  C:A402H         LINE#         37021
  C:A403H         LINE#         37022
  C:A404H         LINE#         37023
  C:A405H         LINE#         37024
  C:A406H         LINE#         37025
BL51 BANKED LINKER/LOCATER V5.12                                                      02/19/2014  15:20:30  PAGE 20


  C:A407H         LINE#         37026
  C:A408H         LINE#         37027
  C:A409H         LINE#         37028
  C:A40AH         LINE#         37032
  C:A40CH         LINE#         37035
  C:A40DH         LINE#         37036
  C:A40EH         LINE#         37037
  C:A410H         LINE#         37042
  C:A412H         LINE#         37043
  C:A413H         LINE#         37044
  C:A414H         LINE#         37045
  C:A416H         LINE#         37046
  C:A417H         LINE#         37049
  C:A418H         LINE#         37050
  C:A419H         LINE#         37051
  C:A41AH         LINE#         37052
  C:A41BH         LINE#         37053
  C:A41DH         LINE#         37054
  C:A41EH         LINE#         37057
  C:A41FH         LINE#         37058
  C:A420H         LINE#         37059
  C:A421H         LINE#         37060
  C:A422H         LINE#         37061
  C:A424H         LINE#         37062
  C:A425H         LINE#         37065
  C:A427H         LINE#         37072
  C:A429H         LINE#         37073
  C:A42AH         LINE#         37074
  C:A42BH         LINE#         37075
  C:A42CH         LINE#         37076
  C:A42DH         LINE#         37077
  C:A42EH         LINE#         37078
  C:A430H         LINE#         37079
  C:A431H         LINE#         37080
  C:A433H         LINE#         37085
  C:A435H         LINE#         37086
  C:A436H         LINE#         37087
  C:A437H         LINE#         37088
  C:A439H         LINE#         37089
  C:A43AH         LINE#         37092
  C:A43BH         LINE#         37093
  C:A43CH         LINE#         37094
  C:A43DH         LINE#         37095
  C:A43EH         LINE#         37096
  C:A440H         LINE#         37097
  C:A441H         LINE#         37100
  C:A442H         LINE#         37101
  C:A443H         LINE#         37102
  C:A444H         LINE#         37103
  C:A445H         LINE#         37104
  C:A447H         LINE#         37105
  C:A448H         LINE#         37108
  C:A44AH         LINE#         37115
  C:A44BH         LINE#         37116
  C:A44DH         LINE#         37117
  C:A44EH         LINE#         37118
  C:A450H         LINE#         37123
BL51 BANKED LINKER/LOCATER V5.12                                                      02/19/2014  15:20:30  PAGE 21


  C:A452H         LINE#         37124
  C:A453H         LINE#         37125
  C:A454H         LINE#         37126
  C:A456H         LINE#         37127
  C:A457H         LINE#         37130
  C:A458H         LINE#         37131
  C:A459H         LINE#         37132
  C:A45AH         LINE#         37133
  C:A45BH         LINE#         37134
  C:A45DH         LINE#         37135
  C:A45EH         LINE#         37138
  C:A45FH         LINE#         37139
  C:A460H         LINE#         37140
  C:A461H         LINE#         37141
  C:A462H         LINE#         37142
  C:A464H         LINE#         37143
  C:A465H         LINE#         37153
  C:A467H         LINE#         37154
  C:A468H         LINE#         37155
  C:A469H         LINE#         37156
  C:A46AH         LINE#         37157
  C:A46CH         LINE#         37158
  C:A46DH         LINE#         37159
  C:A46EH         LINE#         37160
  C:A470H         LINE#         37161
  C:A471H         LINE#         37162
  C:A472H         LINE#         37163
  C:A474H         LINE#         37164
  C:A475H         LINE#         37165
  C:A477H         LINE#         37166
  C:A478H         LINE#         37167
  C:A479H         LINE#         37168
  C:A47AH         LINE#         37169
  C:A47BH         LINE#         37170
  C:A47CH         LINE#         37171
  C:A47FH         LINE#         37172
  C:A480H         LINE#         37173
  C:A481H         LINE#         37174
  C:A482H         LINE#         37175
  C:A483H         LINE#         37176
  C:A484H         LINE#         37177
  C:A485H         LINE#         37178
  C:A487H         LINE#         37179
  C:A488H         LINE#         37180
  C:A489H         LINE#         37181
  C:A48AH         LINE#         37182
  C:A48BH         LINE#         37183
  C:A48CH         LINE#         37184
  C:A48DH         LINE#         37185
  C:A48EH         LINE#         37186
  C:A48FH         LINE#         37189
  C:A491H         LINE#         37190
  C:A492H         LINE#         37191
  C:A493H         LINE#         37192
  C:A494H         LINE#         37193
  C:A495H         LINE#         37194
  C:A496H         LINE#         37195
BL51 BANKED LINKER/LOCATER V5.12                                                      02/19/2014  15:20:30  PAGE 22


  C:A498H         LINE#         37196
  C:A499H         LINE#         37197
  C:A49AH         LINE#         37198
  C:A49BH         LINE#         37199
  C:A49CH         LINE#         37200
  C:A49DH         LINE#         37201
  C:A49FH         LINE#         37202
  C:A4A0H         LINE#         37203
  C:A4A1H         LINE#         37204
  C:A4A2H         LINE#         37205
  C:A4A3H         LINE#         37206
  C:A4A4H         LINE#         37207
  C:A4A5H         LINE#         37208
  C:A4A6H         LINE#         37209
  C:A4A8H         LINE#         37210
  C:A4A9H         LINE#         37211
  C:A4AAH         LINE#         37212
  C:A4ABH         LINE#         37213
  C:A4ACH         LINE#         37214
  C:A4ADH         LINE#         37215
  C:A4AFH         LINE#         37216
  C:A4B0H         LINE#         37217
  C:A4B1H         LINE#         37218
  C:A4B3H         LINE#         37219
  C:A4B4H         LINE#         37220
  C:A4B5H         LINE#         37221
  C:A4B6H         LINE#         37222
  C:A4B7H         LINE#         37223
  C:A4B8H         LINE#         37224
  C:A4B9H         LINE#         37225
  C:A4BBH         LINE#         37226
  C:A4BCH         LINE#         37227
  C:A4BDH         LINE#         37228
  C:A4BEH         LINE#         37229
  C:A4BFH         LINE#         37230
  C:A4C0H         LINE#         37231
  C:A4C3H         LINE#         37234
  C:A4C4H         LINE#         37235
  C:A4C6H         LINE#         37236
  C:A4C7H         LINE#         37237
  C:A4C8H         LINE#         37238
  C:A4C9H         LINE#         37240
  C:A4CBH         LINE#         37241
  C:A4CCH         LINE#         37242
  C:A4CDH         LINE#         37243
  C:A4CEH         LINE#         37244
  C:A4CFH         LINE#         37245
  C:A4D0H         LINE#         37246
  C:A4D2H         LINE#         37247
  C:A4D3H         LINE#         37248
  C:A4D4H         LINE#         37249
  C:A4D5H         LINE#         37250
  C:A4D6H         LINE#         37251
  C:A4D7H         LINE#         37252
  C:A4D8H         LINE#         37253
  C:A4D9H         LINE#         37254
  C:A4DAH         LINE#         37255
BL51 BANKED LINKER/LOCATER V5.12                                                      02/19/2014  15:20:30  PAGE 23


  C:A4DBH         LINE#         37256
  C:A4DDH         LINE#         37257
  C:A4E0H         LINE#         37262
  C:A4E2H         LINE#         37263
  C:A4E3H         LINE#         37264
  C:A4E4H         LINE#         37265
  C:A4E5H         LINE#         37266
  C:A4E6H         LINE#         37267
  C:A4E7H         LINE#         37268
  C:A4E8H         LINE#         37269
  C:A4EAH         LINE#         37270
  C:A4EBH         LINE#         37271
  C:A4ECH         LINE#         37272
  C:A4EDH         LINE#         37273
  C:A4EEH         LINE#         37274
  C:A4F0H         LINE#         37275
  C:A4F1H         LINE#         37276
  C:A4F4H         LINE#         37277
  C:A4F5H         LINE#         37278
  C:A4F7H         LINE#         37279
  C:A4F8H         LINE#         37280
  C:A4F9H         LINE#         37281
  C:A4FAH         LINE#         37282
  C:A4FBH         LINE#         37283
  C:A4FCH         LINE#         37286
  C:A4FEH         LINE#         37287
  C:A4FFH         LINE#         37288
  C:A501H         LINE#         37289
  C:A502H         LINE#         37290
  C:A503H         LINE#         37292
  C:A505H         LINE#         37297
  C:A506H         LINE#         37298
  C:A508H         LINE#         37299
  C:A50BH         LINE#         37302
  C:A50DH         LINE#         37307
  C:A50EH         LINE#         37308
  C:A50FH         LINE#         37309
  C:A510H         LINE#         37310
  C:A512H         LINE#         37311
  C:A513H         LINE#         37314
  C:A515H         LINE#         37319
  C:A517H         LINE#         37321
  C:A518H         LINE#         37322
  C:A519H         LINE#         37323
  C:A51AH         LINE#         37324
  C:A51CH         LINE#         37325
  C:A51DH         LINE#         37329
  C:A51EH         LINE#         37330
  C:A520H         LINE#         37331
  C:A521H         LINE#         37332
  C:A522H         LINE#         37333
  C:A523H         LINE#         37335
  C:A525H         LINE#         37336
  C:A526H         LINE#         37337
  C:A527H         LINE#         37338
  C:A528H         LINE#         37339
  C:A529H         LINE#         37340
BL51 BANKED LINKER/LOCATER V5.12                                                      02/19/2014  15:20:30  PAGE 24


  C:A52AH         LINE#         37341
  C:A52CH         LINE#         37342
  C:A52DH         LINE#         37343
  C:A52EH         LINE#         37344
  C:A52FH         LINE#         37345
  C:A530H         LINE#         37346
  C:A531H         LINE#         37347
  C:A532H         LINE#         37348
  C:A533H         LINE#         37349
  C:A534H         LINE#         37350
  C:A535H         LINE#         37351
  C:A537H         LINE#         37356
  C:A539H         LINE#         37357
  C:A53AH         LINE#         37358
  C:A53BH         LINE#         37359
  C:A53CH         LINE#         37360
  C:A53DH         LINE#         37361
  C:A53EH         LINE#         37362
  C:A540H         LINE#         37363
  C:A541H         LINE#         37364
  C:A543H         LINE#         37366
  C:A544H         LINE#         37367
  C:A545H         LINE#         37368
  C:A546H         LINE#         37369
  C:A547H         LINE#         37370
  C:A548H         LINE#         37372
  C:A54AH         LINE#         37373
  C:A54DH         LINE#         37378
  C:A54FH         LINE#         37381
  C:A551H         LINE#         37388
  C:A553H         LINE#         37390
  C:A556H         LINE#         37396
  C:A558H         LINE#         37397
  C:A559H         LINE#         37398
  C:A55BH         LINE#         37399
  C:A55CH         LINE#         37400
  C:A55DH         LINE#         37401
  C:A55EH         LINE#         37402
  C:A560H         LINE#         37403
  C:A561H         LINE#         37404
  C:A563H         LINE#         37408
  C:A565H         LINE#         37409
  C:A566H         LINE#         37410
  C:A568H         LINE#         37411
  C:A569H         LINE#         37412
  C:A56AH         LINE#         37413
  C:A56BH         LINE#         37414
  C:A56DH         LINE#         37415
  C:A56EH         LINE#         37416
  C:A571H         LINE#         37420
  C:A573H         LINE#         37423
  C:AE4BH         LINE#         37433
  C:AE4DH         LINE#         37434
  C:AE4FH         LINE#         37436
  C:AE51H         LINE#         37438
  C:AE53H         LINE#         37439
  C:AE55H         LINE#         37443
BL51 BANKED LINKER/LOCATER V5.12                                                      02/19/2014  15:20:30  PAGE 25


  C:AE57H         LINE#         37444
  C:AE58H         LINE#         37445
  C:AE59H         LINE#         37446
  C:AE5AH         LINE#         37447
  C:AE5BH         LINE#         37448
  C:AE5CH         LINE#         37449
  C:AE5DH         LINE#         37450
  C:AE5EH         LINE#         37451
  C:AE5FH         LINE#         37452
  C:AE60H         LINE#         37453
  C:AE61H         LINE#         37454
  C:AE62H         LINE#         37455
  C:AE63H         LINE#         37456
  C:AE64H         LINE#         37457
  C:AE65H         LINE#         37458
  C:AE66H         LINE#         37459
  C:AE67H         LINE#         37460
  C:AE68H         LINE#         37466
  C:AE6AH         LINE#         37467
  C:AE6BH         LINE#         37468
  C:AE6CH         LINE#         37469
  C:AE6DH         LINE#         37470
  C:AE6EH         LINE#         37471
  C:AE6FH         LINE#         37472
  C:AE70H         LINE#         37473
  C:AE71H         LINE#         37474
  C:AE72H         LINE#         37475
  C:AE75H         LINE#         37476
  C:AE76H         LINE#         37477
  C:AE78H         LINE#         37482
  C:AE7AH         LINE#         37483
  C:AE7BH         LINE#         37484
  C:AE7CH         LINE#         37485
  C:AE7DH         LINE#         37486
  C:AE7EH         LINE#         37487
  C:AE7FH         LINE#         37488
  C:AE80H         LINE#         37489
  C:AE81H         LINE#         37490
  C:AE82H         LINE#         37491
  C:AE83H         LINE#         37492
  C:AE84H         LINE#         37493
  C:AE85H         LINE#         37494
  C:AE87H         LINE#         37495
  C:AE88H         LINE#         37496
  C:AE89H         LINE#         37497
  C:AE8AH         LINE#         37498
  C:AE8BH         LINE#         37499
  C:AE8DH         LINE#         37500
  C:AE8EH         LINE#         37501
  C:AE8FH         LINE#         37502
  C:AE90H         LINE#         37503
  C:AE91H         LINE#         37504
  C:AE92H         LINE#         37505
  C:AE94H         LINE#         37506
  C:AE95H         LINE#         37507
  C:AE96H         LINE#         37508
  C:AE97H         LINE#         37509
BL51 BANKED LINKER/LOCATER V5.12                                                      02/19/2014  15:20:30  PAGE 26


  C:AE98H         LINE#         37510
  C:AE9AH         LINE#         37511
  C:AE9BH         LINE#         37512
  C:AE9CH         LINE#         37513
  C:AE9DH         LINE#         37514
  C:AE9EH         LINE#         37515
  C:AE9FH         LINE#         37516
  C:AEA0H         LINE#         37517
  C:AEA2H         LINE#         37518
  C:AEA3H         LINE#         37519
  C:AEA4H         LINE#         37520
  C:AEA6H         LINE#         37521
  C:AEA7H         LINE#         37522
  C:AEA8H         LINE#         37523
  C:AEA9H         LINE#         37524
  C:AEAAH         LINE#         37525
  C:AEABH         LINE#         37526
  C:AEAEH         LINE#         37529
  C:AEB0H         LINE#         37530
  C:AEB1H         LINE#         37531
  C:AEB3H         LINE#         37532
  C:AEB4H         LINE#         37533
  C:AEB5H         LINE#         37534
  C:AEB6H         LINE#         37535
  C:AEB8H         LINE#         37536
  C:AEB9H         LINE#         37539
  C:AEBBH         LINE#         37540
  C:AEBCH         LINE#         37541
  C:AEBEH         LINE#         37542
  C:AEBFH         LINE#         37543
  C:AEC0H         LINE#         37544
  C:AEC1H         LINE#         37545
  C:AEC3H         LINE#         37546
  C:AEC4H         LINE#         37549
  C:AEC6H         LINE#         37553
  C:AA16H         LINE#         37563
  C:AA17H         LINE#         37564
  C:AA18H         LINE#         37565
  C:AA19H         LINE#         37566
  C:AA1BH         LINE#         37567
  C:AA1CH         LINE#         37568
  C:AA1DH         LINE#         37572
  C:AA1FH         LINE#         37573
  C:AA20H         LINE#         37574
  C:AA21H         LINE#         37575
  C:AA22H         LINE#         37576
  C:AA23H         LINE#         37577
  C:AA24H         LINE#         37579
  C:AA26H         LINE#         37580
  C:AA28H         LINE#         37581
  C:AA29H         LINE#         37582
  C:AA2AH         LINE#         37583
  C:AA2BH         LINE#         37584
  C:AA2CH         LINE#         37585
  C:AA2DH         LINE#         37586
  C:AA2EH         LINE#         37594
  C:AA30H         LINE#         37597
BL51 BANKED LINKER/LOCATER V5.12                                                      02/19/2014  15:20:30  PAGE 27


  C:AA31H         LINE#         37598
  C:AA33H         LINE#         37603
  C:AA35H         LINE#         37604
  C:AA36H         LINE#         37605
  C:AA37H         LINE#         37606
  C:AA39H         LINE#         37607
  C:AA3AH         LINE#         37610
  C:AA3BH         LINE#         37611
  C:AA3CH         LINE#         37612
  C:AA3DH         LINE#         37613
  C:AA3EH         LINE#         37614
  C:AA40H         LINE#         37615
  C:AA41H         LINE#         37629
  C:AA43H         LINE#         37630
  C:AA44H         LINE#         37631
  C:AA45H         LINE#         37632
  C:AA46H         LINE#         37633
  C:AA47H         LINE#         37634
  C:AA48H         LINE#         37635
  C:AA49H         LINE#         37636
  C:AA4BH         LINE#         37637
  C:AA4CH         LINE#         37638
  C:AA4DH         LINE#         37639
  C:AA4EH         LINE#         37640
  C:AA4FH         LINE#         37641
  C:AA50H         LINE#         37642
  C:AA51H         LINE#         37643
  C:AA53H         LINE#         37644
  C:AA54H         LINE#         37645
  C:AA56H         LINE#         37646
  C:AA57H         LINE#         37647
  C:AA59H         LINE#         37648
  C:AA5CH         LINE#         37649
  C:AA5DH         LINE#         37650
  C:AA5EH         LINE#         37651
  C:AA5FH         LINE#         37652
  C:AA60H         LINE#         37653
  C:AA61H         LINE#         37654
  C:AA62H         LINE#         37655
  C:AA63H         LINE#         37656
  C:AA65H         LINE#         37657
  C:AA66H         LINE#         37658
  C:AA67H         LINE#         37659
  C:AA69H         LINE#         37660
  C:AA6AH         LINE#         37661
  C:AA6BH         LINE#         37662
  C:AA6DH         LINE#         37663
  C:AA6EH         LINE#         37664
  C:AA6FH         LINE#         37665
  C:AA70H         LINE#         37666
  C:AA71H         LINE#         37667
  C:AA72H         LINE#         37668
  C:AA73H         LINE#         37669
  C:AA74H         LINE#         37670
  C:AA75H         LINE#         37671
  C:AA76H         LINE#         37672
  C:AA78H         LINE#         37673
BL51 BANKED LINKER/LOCATER V5.12                                                      02/19/2014  15:20:30  PAGE 28


  C:AA7BH         LINE#         37678
  C:AA7DH         LINE#         37679
  C:AA7FH         LINE#         37680
  C:AA81H         LINE#         37681
  C:AA83H         LINE#         37682
  C:AA85H         LINE#         37683
  C:AA86H         LINE#         37684
  C:AA87H         LINE#         37685
  C:AA88H         LINE#         37686
  C:AA89H         LINE#         37687
  C:AA8AH         LINE#         37688
  C:AA8BH         LINE#         37689
  C:AA8CH         LINE#         37690
  C:AA8EH         LINE#         37691
  C:AA8FH         LINE#         37692
  C:AA90H         LINE#         37693
  C:AA92H         LINE#         37694
  C:AA93H         LINE#         37695
  C:AA95H         LINE#         37696
  C:AA96H         LINE#         37697
  C:AA97H         LINE#         37698
  C:AA98H         LINE#         37699
  C:AA99H         LINE#         37700
  C:AA9AH         LINE#         37701
  C:AA9CH         LINE#         37702
  C:AA9DH         LINE#         37703
  C:AA9EH         LINE#         37704
  C:AA9FH         LINE#         37705
  C:AAA0H         LINE#         37706
  C:AAA1H         LINE#         37707
  C:AAA2H         LINE#         37708
  C:AAA3H         LINE#         37709
  C:AAA5H         LINE#         37710
  C:AAA7H         LINE#         37711
  C:AAA8H         LINE#         37712
  C:AAA9H         LINE#         37713
  C:AAABH         LINE#         37714
  C:AAACH         LINE#         37715
  C:AAADH         LINE#         37716
  C:AAAFH         LINE#         37717
  C:AAB1H         LINE#         37718
  C:AAB4H         LINE#         37721
  C:AAB6H         LINE#         37722
  C:AAB7H         LINE#         37723
  C:AAB9H         LINE#         37724
  C:AABAH         LINE#         37727
  C:AABCH         LINE#         37728
  C:AABDH         LINE#         37729
  C:AABEH         LINE#         37730
  C:AABFH         LINE#         37731
  C:AAC0H         LINE#         37732
  C:AAC1H         LINE#         37733
  C:AAC3H         LINE#         37734
  C:AAC4H         LINE#         37735
  C:AAC5H         LINE#         37736
  C:AAC6H         LINE#         37737
  C:AAC7H         LINE#         37738
BL51 BANKED LINKER/LOCATER V5.12                                                      02/19/2014  15:20:30  PAGE 29


  C:AAC8H         LINE#         37739
  C:AACBH         LINE#         37740
  C:AACCH         LINE#         37741
  C:AACEH         LINE#         37743
  C:AACFH         LINE#         37744
  C:AAD0H         LINE#         37745
  C:AAD1H         LINE#         37746
  C:AAD2H         LINE#         37747
  C:AAD3H         LINE#         37748
  C:AAD5H         LINE#         37749
  C:AAD7H         LINE#         37750
  C:AAD8H         LINE#         37753
  C:AAD9H         LINE#         37754
  C:AADAH         LINE#         37755
  C:AADBH         LINE#         37757
  C:AADDH         LINE#         37758
  C:AADEH         LINE#         37759
  C:AADFH         LINE#         37760
  C:AAE0H         LINE#         37761
  C:AAE1H         LINE#         37762
  C:AAE2H         LINE#         37763
  C:AAE3H         LINE#         37764
  C:AAE4H         LINE#         37765
  C:AAE6H         LINE#         37770
  C:AAE8H         LINE#         37771
  C:AAE9H         LINE#         37772
  C:AAEBH         LINE#         37773
  C:AAECH         LINE#         37774
  C:AAEDH         LINE#         37776
  C:AAEFH         LINE#         37781
  C:AAF1H         LINE#         37782
  C:AAF2H         LINE#         37783
  C:AAF3H         LINE#         37784
  C:AAF4H         LINE#         37785
  C:AAF6H         LINE#         37786
  C:AAF7H         LINE#         37787
  C:AAFAH         LINE#         37788
  C:AAFDH         LINE#         37789
  C:AAFEH         LINE#         37790
  C:AB01H         LINE#         37791
  C:AB02H         LINE#         37792
  C:AB05H         LINE#         37793
  C:AB06H         LINE#         37794
  C:AB08H         LINE#         37795
  C:AB0AH         LINE#         37796
  C:AB0CH         LINE#         37797
  C:AB0DH         LINE#         37798
  C:AB0FH         LINE#         37799
  C:AB10H         LINE#         37800
  C:AB12H         LINE#         37801
  C:AB14H         LINE#         37802
  C:AB15H         LINE#         37803
  C:AB16H         LINE#         37804
  C:AB17H         LINE#         37805
  C:AB18H         LINE#         37818
  C:AB19H         LINE#         37819
  C:AB1BH         LINE#         37820
BL51 BANKED LINKER/LOCATER V5.12                                                      02/19/2014  15:20:30  PAGE 30


  C:AB1CH         LINE#         37826
  C:AB1EH         LINE#         37827
  C:AB1FH         LINE#         37828
  C:AB22H         LINE#         37831
  C:AB24H         LINE#         37832
  C:AB25H         LINE#         37833
  C:AB26H         LINE#         37834
  C:AB27H         LINE#         37835
  C:AB28H         LINE#         37836
  C:AB29H         LINE#         37837
  C:AB2AH         LINE#         37838
  C:AB2BH         LINE#         37839
  C:AB2CH         LINE#         37840
  C:AB2EH         LINE#         37841
  C:AB30H         LINE#         37846
  C:AB32H         LINE#         37847
  C:AB33H         LINE#         37848
  C:AB34H         LINE#         37849
  C:AB35H         LINE#         37850
  C:AB36H         LINE#         37851
  C:AB37H         LINE#         37852
  C:AB38H         LINE#         37853
  C:AB39H         LINE#         37855
  C:AB3CH         LINE#         37859
  C:AB3EH         LINE#         37860
  C:AB3FH         LINE#         37861
  C:AB41H         LINE#         37862
  C:AB42H         LINE#         37865
  C:AB44H         LINE#         37866
  C:AB45H         LINE#         37867
  C:AB46H         LINE#         37868
  C:AB47H         LINE#         37869
  C:AB48H         LINE#         37870
  C:AB49H         LINE#         37871
  C:AB4BH         LINE#         37872
  C:AB4DH         LINE#         37876
  C:AB4FH         LINE#         37877
  C:AB50H         LINE#         37878
  C:AB51H         LINE#         37879
  C:AB52H         LINE#         37880
  C:AB54H         LINE#         37884
  C:AB56H         LINE#         37888
  C:AEC7H         LINE#         37899
  C:AEC8H         LINE#         37901
  C:AEC9H         LINE#         37902
  C:AECBH         LINE#         37904
  C:AECCH         LINE#         37905
  C:AECDH         LINE#         37906
  C:AECEH         LINE#         37907
  C:AED0H         LINE#         37908
  C:AED1H         LINE#         37909
  C:AED2H         LINE#         37913
  C:AED4H         LINE#         37914
  C:AED5H         LINE#         37915
  C:AED6H         LINE#         37916
  C:AED7H         LINE#         37917
  C:AED8H         LINE#         37918
BL51 BANKED LINKER/LOCATER V5.12                                                      02/19/2014  15:20:30  PAGE 31


  C:AED9H         LINE#         37919
  C:AEDAH         LINE#         37920
  C:AEDBH         LINE#         37921
  C:AEDCH         LINE#         37922
  C:AEDDH         LINE#         37923
  C:AEDEH         LINE#         37924
  C:AEDFH         LINE#         37925
  C:AEE0H         LINE#         37926
  C:AEE1H         LINE#         37927
  C:AEE2H         LINE#         37928
  C:AEE3H         LINE#         37929
  C:AEE4H         LINE#         37930
  C:AEE5H         LINE#         37936
  C:AEE7H         LINE#         37937
  C:AEE8H         LINE#         37938
  C:AEE9H         LINE#         37939
  C:AEEAH         LINE#         37940
  C:AEEBH         LINE#         37941
  C:AEECH         LINE#         37942
  C:AEEDH         LINE#         37943
  C:AEEEH         LINE#         37944
  C:AEEFH         LINE#         37945
  C:AEF2H         LINE#         37946
  C:AEF3H         LINE#         37947
  C:AEF5H         LINE#         37952
  C:AEF7H         LINE#         37953
  C:AEF8H         LINE#         37954
  C:AEF9H         LINE#         37955
  C:AEFAH         LINE#         37956
  C:AEFBH         LINE#         37957
  C:AEFCH         LINE#         37958
  C:AEFDH         LINE#         37959
  C:AEFEH         LINE#         37960
  C:AEFFH         LINE#         37961
  C:AF00H         LINE#         37962
  C:AF01H         LINE#         37963
  C:AF02H         LINE#         37964
  C:AF04H         LINE#         37965
  C:AF05H         LINE#         37966
  C:AF06H         LINE#         37967
  C:AF07H         LINE#         37968
  C:AF08H         LINE#         37969
  C:AF0AH         LINE#         37970
  C:AF0BH         LINE#         37971
  C:AF0CH         LINE#         37972
  C:AF0DH         LINE#         37973
  C:AF0EH         LINE#         37974
  C:AF0FH         LINE#         37975
  C:AF11H         LINE#         37976
  C:AF12H         LINE#         37977
  C:AF13H         LINE#         37978
  C:AF14H         LINE#         37979
  C:AF15H         LINE#         37980
  C:AF17H         LINE#         37981
  C:AF18H         LINE#         37982
  C:AF19H         LINE#         37983
  C:AF1AH         LINE#         37984
BL51 BANKED LINKER/LOCATER V5.12                                                      02/19/2014  15:20:30  PAGE 32


  C:AF1BH         LINE#         37985
  C:AF1CH         LINE#         37986
  C:AF1DH         LINE#         37987
  C:AF1EH         LINE#         37988
  C:AF1FH         LINE#         37989
  C:AF21H         LINE#         37990
  C:AF22H         LINE#         37991
  C:AF23H         LINE#         37992
  C:AF24H         LINE#         37993
  C:AF25H         LINE#         37994
  C:AF26H         LINE#         37995
  C:AF29H         LINE#         37998
  C:AF2BH         LINE#         37999
  C:AF2CH         LINE#         38000
  C:AF2EH         LINE#         38001
  C:AF2FH         LINE#         38002
  C:AF30H         LINE#         38003
  C:AF31H         LINE#         38004
  C:AF33H         LINE#         38005
  C:AF34H         LINE#         38008
  C:AF36H         LINE#         38009
  C:AF37H         LINE#         38010
  C:AF39H         LINE#         38011
  C:AF3AH         LINE#         38012
  C:AF3BH         LINE#         38013
  C:AF3CH         LINE#         38014
  C:AF3EH         LINE#         38015
  C:AF3FH         LINE#         38018
  C:AF41H         LINE#         38022
  C:AC84H         LINE#         38037
  C:AC87H         LINE#         38040
  C:AC8AH         LINE#         38043
  C:AC8CH         LINE#         38044
  C:AC8DH         LINE#         38045
  C:AC8EH         LINE#         38046
  C:AC8FH         LINE#         38047
  C:AC90H         LINE#         38048
  C:AC92H         LINE#         38049
  C:AC93H         LINE#         38050
  C:AC94H         LINE#         38051
  C:AC95H         LINE#         38052
  C:AC96H         LINE#         38053
  C:AC97H         LINE#         38054
  C:AC99H         LINE#         38055
  C:AC9AH         LINE#         38056
  C:AC9BH         LINE#         38057
  C:AC9CH         LINE#         38058
  C:AC9DH         LINE#         38059
  C:AC9FH         LINE#         38060
  C:ACA0H         LINE#         38061
  C:ACA1H         LINE#         38062
  C:ACA2H         LINE#         38063
  C:ACA3H         LINE#         38064
  C:ACA4H         LINE#         38065
  C:ACA5H         LINE#         38066
  C:ACA7H         LINE#         38067
  C:ACA8H         LINE#         38068
BL51 BANKED LINKER/LOCATER V5.12                                                      02/19/2014  15:20:30  PAGE 33


  C:ACAAH         LINE#         38069
  C:ACADH         LINE#         38072
  C:ACAFH         LINE#         38073
  C:ACB0H         LINE#         38074
  C:ACB1H         LINE#         38075
  C:ACB2H         LINE#         38076
  C:ACB3H         LINE#         38077
  C:ACB5H         LINE#         38078
  C:ACB6H         LINE#         38079
  C:ACB7H         LINE#         38080
  C:ACB8H         LINE#         38081
  C:ACB9H         LINE#         38082
  C:ACBAH         LINE#         38083
  C:ACBCH         LINE#         38084
  C:ACBDH         LINE#         38085
  C:ACBEH         LINE#         38086
  C:ACBFH         LINE#         38087
  C:ACC0H         LINE#         38088
  C:ACC2H         LINE#         38089
  C:ACC3H         LINE#         38090
  C:ACC4H         LINE#         38091
  C:ACC5H         LINE#         38092
  C:ACC6H         LINE#         38093
  C:ACC7H         LINE#         38094
  C:ACC8H         LINE#         38095
  C:ACCAH         LINE#         38096
  C:ACCBH         LINE#         38097
  C:ACCCH         LINE#         38098
  C:ACCEH         LINE#         38099
  C:ACD0H         LINE#         38100
  C:ACD3H         LINE#         38103
  C:ACD5H         LINE#         38104
  C:ACD6H         LINE#         38105
  C:ACD7H         LINE#         38106
  C:ACD8H         LINE#         38107
  C:ACD9H         LINE#         38108
  C:ACDBH         LINE#         38109
  C:ACDCH         LINE#         38110
  C:ACDDH         LINE#         38111
  C:ACDEH         LINE#         38112
  C:ACDFH         LINE#         38113
  C:ACE0H         LINE#         38114
  C:ACE2H         LINE#         38115
  C:ACE3H         LINE#         38116
  C:ACE4H         LINE#         38117
  C:ACE5H         LINE#         38118
  C:ACE6H         LINE#         38119
  C:ACE8H         LINE#         38120
  C:ACE9H         LINE#         38121
  C:ACEAH         LINE#         38122
  C:ACEBH         LINE#         38123
  C:ACECH         LINE#         38124
  C:ACEDH         LINE#         38125
  C:ACEEH         LINE#         38126
  C:ACF0H         LINE#         38127
  C:ACF1H         LINE#         38128
  C:ACF3H         LINE#         38129
BL51 BANKED LINKER/LOCATER V5.12                                                      02/19/2014  15:20:30  PAGE 34


  C:ACF6H         LINE#         38132
  C:ACF8H         LINE#         38133
  C:ACF9H         LINE#         38134
  C:ACFAH         LINE#         38135
  C:ACFBH         LINE#         38136
  C:ACFCH         LINE#         38137
  C:ACFEH         LINE#         38138
  C:ACFFH         LINE#         38139
  C:AD00H         LINE#         38140
  C:AD01H         LINE#         38141
  C:AD02H         LINE#         38142
[...]
  C:A6DFH         LINE#         41913
  C:A6E0H         LINE#         41914
  C:A6E1H         LINE#         41915
  C:A6E3H         LINE#         41916
  C:A6E4H         LINE#         41917
  C:A6E5H         LINE#         41918
  C:A6E6H         LINE#         41919
  C:A6E7H         LINE#         41920
  C:A6E8H         LINE#         41921
  C:A6E9H         LINE#         41922
  C:A6EBH         LINE#         41923
  C:A6ECH         LINE#         41924
  C:A6EDH         LINE#         41925
  C:A6EFH         LINE#         41926
  C:A6F0H         LINE#         41927
  C:A6F1H         LINE#         41928
  C:A6F3H         LINE#         41929
  C:A6F4H         LINE#         41930
  C:A6F5H         LINE#         41931
  C:A6F6H         LINE#         41932
  C:A6F7H         LINE#         41933
  C:A6F9H         LINE#         41934
  C:A6FAH         LINE#         41935
  C:A6FCH         LINE#         41936
  C:A6FDH         LINE#         41937
  C:B13CH         LINE#         41954
  C:B13EH         LINE#         41957
BL51 BANKED LINKER/LOCATER V5.12                                                      02/19/2014  15:20:30  PAGE 94


  C:B140H         LINE#         41958
  C:B141H         LINE#         41959
  C:B142H         LINE#         41960
  C:B143H         LINE#         41961
  C:B145H         LINE#         41962
  C:B146H         LINE#         41963
  C:B148H         LINE#         41964
  C:B14AH         LINE#         41965
  C:B14CH         LINE#         41966
  C:B14EH         LINE#         41967
  C:B150H         LINE#         41968
  C:B152H         LINE#         41969
  C:B155H         LINE#         41972
  C:B157H         LINE#         41976
  C:B15AH         LINE#         41982
  C:B15BH         LINE#         41983
  C:B15CH         LINE#         41991
  C:B15EH         LINE#         41997
  C:B160H         LINE#         42000
  C:B161H         LINE#         42002
  C:B162H         LINE#         42004
  C:B164H         LINE#         42006
  C:B165H         LINE#         42008
  C:B166H         LINE#         42010
  C:B167H         LINE#         42012
  C:B169H         LINE#         42014
  C:B16AH         LINE#         42018
  C:B16CH         LINE#         42021
  C:B16EH         LINE#         42025
  C:B16FH         LINE#         42026
  C:B170H         LINE#         42027
  C:B173H         LINE#         42031
  C:B175H         LINE#         42034
  C:B27EH         LINE#         42051
  C:B280H         LINE#         42054
  C:B282H         LINE#         42055
  C:B284H         LINE#         42058
  C:B286H         LINE#         42061
  C:B288H         LINE#         42064
  C:B289H         LINE#         42075
  C:B28BH         LINE#         42076
  C:B28CH         LINE#         42077
  C:B28DH         LINE#         42087
  C:B28FH         LINE#         42090
  C:B265H         LINE#         42101
  C:B267H         LINE#         42103
  C:B268H         LINE#         42104
  C:B269H         LINE#         42105
  C:B26AH         LINE#         42106
  C:B26BH         LINE#         42107
  C:B26CH         LINE#         42108
  C:B26DH         LINE#         42109
  C:B26EH         LINE#         42119
  C:B270H         LINE#         42122
  C:A19FH         LINE#         42138
  C:A1A1H         LINE#         42141
  C:A1A3H         LINE#         42142
BL51 BANKED LINKER/LOCATER V5.12                                                      02/19/2014  15:20:30  PAGE 95


  C:A1A5H         LINE#         42143
  C:A1A8H         LINE#         42146
  C:A1AAH         LINE#         42149
  C:A1ACH         LINE#         42152
  C:A1AEH         LINE#         42153
  C:A1AFH         LINE#         42154
  C:A1B0H         LINE#         42155
  C:A1B3H         LINE#         42156
  C:A1B4H         LINE#         42157
  C:A1B5H         LINE#         42158
  C:A1B8H         LINE#         42161
  C:A1BAH         LINE#         42162
  C:A1BBH         LINE#         42163
  C:A1BEH         LINE#         42166
  C:A1C1H         LINE#         42167
  C:A1C3H         LINE#         42168
  C:A1C4H         LINE#         42169
  C:A1C7H         LINE#         42172
  C:A1C9H         LINE#         42173
  C:A1CAH         LINE#         42174
  C:A1CDH         LINE#         42175
  C:A1CFH         LINE#         42176
  C:A1D2H         LINE#         42179
  C:A1D3H         LINE#         42180
  C:A1D4H         LINE#         42181
  C:A1D7H         LINE#         42182
  C:A1D9H         LINE#         42183
  C:A1DAH         LINE#         42184
  C:A1DDH         LINE#         42187
  C:A1DFH         LINE#         42188
  C:A1E0H         LINE#         42189
  C:A1E3H         LINE#         42190
  C:A1E5H         LINE#         42191
  C:A1E7H         LINE#         42192
  C:A1EAH         LINE#         42195
  C:A1ECH         LINE#         42196
  C:A1EDH         LINE#         42197
  C:A1F0H         LINE#         42198
  C:A1F1H         LINE#         42199
  C:A1F3H         LINE#         42200
  C:A1F6H         LINE#         42203
  C:A1F8H         LINE#         42204
  C:A1F9H         LINE#         42205
  C:A1FCH         LINE#         42206
  C:A1FEH         LINE#         42207
  C:A200H         LINE#         42208
  C:A203H         LINE#         42211
  C:A205H         LINE#         42212
  C:A207H         LINE#         42213
  C:A20AH         LINE#         42216
  C:A20DH         LINE#         42217
  C:A20FH         LINE#         42218
  C:A211H         LINE#         42219
  C:A214H         LINE#         42222
  C:A216H         LINE#         42223
  C:A218H         LINE#         42224
  C:A21BH         LINE#         42227
BL51 BANKED LINKER/LOCATER V5.12                                                      02/19/2014  15:20:30  PAGE 96


  C:A21EH         LINE#         42228
  C:A220H         LINE#         42229
  C:A222H         LINE#         42230
  C:A225H         LINE#         42233
  C:A227H         LINE#         42234
  C:A229H         LINE#         42235
  C:A22CH         LINE#         42238
  C:A22FH         LINE#         42239
  C:A231H         LINE#         42240
  C:A233H         LINE#         42241
  C:A236H         LINE#         42244
  C:A238H         LINE#         42245
  C:A23AH         LINE#         42246
  C:A23DH         LINE#         42249
  C:A240H         LINE#         42250
  C:A242H         LINE#         42251
  C:A244H         LINE#         42252
  C:A247H         LINE#         42255
  C:A249H         LINE#         42256
  C:A24BH         LINE#         42257
  C:A24EH         LINE#         42260
  C:A250H         LINE#         42261
  C:A251H         LINE#         42262
  C:A252H         LINE#         42263
  C:A255H         LINE#         42264
  C:A257H         LINE#         42265
  C:A259H         LINE#         42266
  C:A25CH         LINE#         42269
  C:A25EH         LINE#         42270
  C:A25FH         LINE#         42271
  C:A262H         LINE#         42272
  C:A263H         LINE#         42273
  C:A265H         LINE#         42274
  C:A268H         LINE#         42277
  C:A26AH         LINE#         42278
  C:A26BH         LINE#         42279
  C:A26EH         LINE#         42280
  C:A270H         LINE#         42281
  C:A272H         LINE#         42282
  C:A275H         LINE#         42285
  C:A277H         LINE#         42286
  C:A278H         LINE#         42287
  C:A27BH         LINE#         42288
  C:A27DH         LINE#         42289
  C:A280H         LINE#         42292
  C:A282H         LINE#         42293
  C:A283H         LINE#         42294
  C:A286H         LINE#         42295
  C:A288H         LINE#         42296
  C:A28AH         LINE#         42297
  C:A28DH         LINE#         42300
  C:A28FH         LINE#         42301
  C:A290H         LINE#         42302
  C:A293H         LINE#         42303
  C:A294H         LINE#         42304
  C:A295H         LINE#         42305
  C:A298H         LINE#         42308
BL51 BANKED LINKER/LOCATER V5.12                                                      02/19/2014  15:20:30  PAGE 97


  C:A29AH         LINE#         42309
  C:A29BH         LINE#         42310
  C:A29EH         LINE#         42311
  C:A2A0H         LINE#         42312
  C:A2A1H         LINE#         42313
  C:A2A4H         LINE#         42316
  C:A2A6H         LINE#         42317
  C:A2A7H         LINE#         42318
  C:A2AAH         LINE#         42319
  C:A2ABH         LINE#         42320
  C:A2ACH         LINE#         42321
  C:A2AFH         LINE#         42324
  C:A2B1H         LINE#         42325
  C:A2B2H         LINE#         42326
  C:A2B5H         LINE#         42327
  C:A2B7H         LINE#         42328
  C:A2B9H         LINE#         42329
  C:A2BCH         LINE#         42332
  C:A2BEH         LINE#         42333
  C:A2BFH         LINE#         42334
  C:A2C2H         LINE#         42335
  C:A2C3H         LINE#         42336
  C:A2C4H         LINE#         42337
  C:A2C7H         LINE#         42340
  C:A2C9H         LINE#         42341
  C:A2CAH         LINE#         42342
  C:A2CDH         LINE#         42343
  C:A2CFH         LINE#         42344
  C:A2D0H         LINE#         42345
  C:A2D3H         LINE#         42348
  C:A2D5H         LINE#         42349
  C:A2D6H         LINE#         42350
  C:A2D9H         LINE#         42351
  C:A2DAH         LINE#         42352
  C:A2DBH         LINE#         42353
  C:A2DEH         LINE#         42356
  C:A2E0H         LINE#         42357
  C:A2E1H         LINE#         42358
  C:A2E4H         LINE#         42359
  C:A2E6H         LINE#         42360
  C:A2E8H         LINE#         42361
  C:A2EBH         LINE#         42364
  C:A2EDH         LINE#         42365
  C:A2EEH         LINE#         42366
  C:A2F1H         LINE#         42367
  C:A2F2H         LINE#         42368
  C:A2F3H         LINE#         42369
  C:A2F6H         LINE#         42372
  C:A2F8H         LINE#         42373
  C:A2F9H         LINE#         42374
  C:A2FCH         LINE#         42375
  C:A2FEH         LINE#         42376
  C:A300H         LINE#         42377
  C:A303H         LINE#         42380
  C:A305H         LINE#         42381
  C:A306H         LINE#         42382
  C:A309H         LINE#         42383
BL51 BANKED LINKER/LOCATER V5.12                                                      02/19/2014  15:20:30  PAGE 98


  C:A30BH         LINE#         42384
  C:A30DH         LINE#         42385
  C:A310H         LINE#         42388
  C:A312H         LINE#         42389
  C:A313H         LINE#         42390
  C:A316H         LINE#         42391
  C:A318H         LINE#         42392
  C:A31AH         LINE#         42393
  C:A31DH         LINE#         42396
  C:A31FH         LINE#         42397
  C:A320H         LINE#         42398
  C:A323H         LINE#         42399
  C:A325H         LINE#         42400
  C:A327H         LINE#         42401
  C:A32AH         LINE#         42404
  C:A32CH         LINE#         42405
  C:A32DH         LINE#         42406
  C:A330H         LINE#         42407
  C:A332H         LINE#         42408
  C:A334H         LINE#         42409
  C:A337H         LINE#         42412
  C:A339H         LINE#         42413
  C:A33AH         LINE#         42414
  C:A33DH         LINE#         42415
  C:A33FH         LINE#         42416
  C:A341H         LINE#         42417
  C:A344H         LINE#         42420
  C:A346H         LINE#         42421
  C:A347H         LINE#         42422
  C:A34AH         LINE#         42423
  C:A34CH         LINE#         42424
  C:A34EH         LINE#         42425
  C:A351H         LINE#         42428
  C:A353H         LINE#         42429
  C:A354H         LINE#         42430
  C:A357H         LINE#         42431
  C:A358H         LINE#         42432
  C:A35AH         LINE#         42433
  C:A35DH         LINE#         42436
  C:A35FH         LINE#         42437
  C:A360H         LINE#         42438
  C:A363H         LINE#         42439
  C:A365H         LINE#         42440
  C:A367H         LINE#         42441
  C:A36AH         LINE#         42444
  C:A36CH         LINE#         42445
  C:A36DH         LINE#         42446
  C:A370H         LINE#         42447
  C:A372H         LINE#         42448
  C:A374H         LINE#         42449
  C:A377H         LINE#         42452
  C:A379H         LINE#         42453
  C:A37AH         LINE#         42454
  C:A37DH         LINE#         42455
  C:A37EH         LINE#         42456
  C:A37FH         LINE#         42457
  C:A382H         LINE#         42460
BL51 BANKED LINKER/LOCATER V5.12                                                      02/19/2014  15:20:30  PAGE 99


  C:A384H         LINE#         42461
  C:A385H         LINE#         42462
  C:A388H         LINE#         42463
  C:A389H         LINE#         42464
  C:A38AH         LINE#         42465
  C:A38DH         LINE#         42468
  C:A38FH         LINE#         42469
  C:A390H         LINE#         42470
  C:A393H         LINE#         42471
  C:A395H         LINE#         42472
  C:A397H         LINE#         42473
  C:A39AH         LINE#         42476
  C:A39CH         LINE#         42477
  C:A39EH         LINE#         42478
  C:A3A1H         LINE#         42481
  C:A3A3H         LINE#         42482
  C:A3A4H         LINE#         42483
  C:A3A5H         LINE#         42484
  C:A3A8H         LINE#         42485
  C:A3AAH         LINE#         42486
  C:A3ABH         LINE#         42487
  C:A3AEH         LINE#         42490
  C:A3B0H         LINE#         42491
  C:A3B1H         LINE#         42492
  C:A3B4H         LINE#         42495
  C:A3B6H         LINE#         42496
  C:A3B7H         LINE#         42497
  C:A3B8H         LINE#         42498
  C:A3BBH         LINE#         42499
  C:A3BDH         LINE#         42500
  C:A3BEH         LINE#         42501
  C:A3C1H         LINE#         42504
  C:A3C3H         LINE#         42507
  -------         ENDMOD        S6D0154

  -------         MODULE        SERIAL
  C:0000H         SYMBOL        _ICE_DUMMY_
  X:001CH         PUBLIC        get_i
  D:00A8H         PUBLIC        IE
  D:00B8H         PUBLIC        IP
  C:AFB4H         PUBLIC        UART_Interrupt_Receive
  B:0098H.0       PUBLIC        RI
  B:0098H.1       PUBLIC        TI
  D:00D8H         PUBLIC        CCON
  C:0003H         PUBLIC        soft_reset_to_ISP_Monitor
  D:0099H         PUBLIC        SBUF
  D:0098H         PUBLIC        SCON
  D:0088H         PUBLIC        TCON
  D:00C7H         PUBLIC        IAP_CONTR
  X:001DH         PUBLIC        DataToSend
  C:B253H         PUBLIC        _SerialSend
  C:B1E2H         PUBLIC        _delayms
  X:001FH         PUBLIC        DisplayData
  X:0053H         PUBLIC        LenToSend
  D:00D0H         PUBLIC        PSW
  -------         PROC          _DELAYMS
  D:0006H         SYMBOL        tt
BL51 BANKED LINKER/LOCATER V5.12                                                      02/19/2014  15:20:30  PAGE 100


  -------         DO            
  D:0004H         SYMBOL        i
  D:0005H         SYMBOL        j
  -------         ENDDO         
  C:B1E2H         LINE#         27
  C:B1E2H         LINE#         28
  C:B1E2H         LINE#         31
  C:B1EBH         LINE#         32
  C:B1EBH         LINE#         33
  C:B1F0H         LINE#         34
  C:B1F8H         LINE#         35
  C:B1F8H         LINE#         36
  C:B1FAH         LINE#         37
  C:B1FAH         LINE#         38
  C:B1FFH         LINE#         39
  C:B202H         LINE#         40
  C:B202H         LINE#         41
  -------         ENDPROC       _DELAYMS
  -------         PROC          SOFT_RESET_TO_ISP_MONITOR
  C:0003H         LINE#         44
  C:0003H         LINE#         45
  C:0003H         LINE#         46
  C:0006H         LINE#         47
  -------         ENDPROC       SOFT_RESET_TO_ISP_MONITOR
  -------         PROC          UART_INTERRUPT_RECEIVE
  -------         DO            
  D:0007H         SYMBOL        k
  -------         ENDDO         
  C:AFB4H         LINE#         50
  C:AFC5H         LINE#         53
  C:AFC8H         LINE#         54
  C:AFC8H         LINE#         55
  C:AFCAH         LINE#         56
  C:AFCCH         LINE#         57
  C:AFD5H         LINE#         58
  C:AFD5H         LINE#         59
  C:AFDAH         LINE#         60
  C:AFDFH         LINE#         61
  C:AFDFH         LINE#         62
  C:AFE5H         LINE#         63
  C:AFE8H         LINE#         64
  C:AFE8H         LINE#         65
  C:AFEAH         LINE#         67
  C:AFEAH         LINE#         68
  C:AFF2H         LINE#         69
  C:AFF2H         LINE#         70
  C:AFF5H         LINE#         71
  C:AFF5H         LINE#         72
  C:AFF9H         LINE#         73
  C:AFF9H         LINE#         74
  C:AFFBH         LINE#         76
  C:AFFBH         LINE#         77
  C:AFFDH         LINE#         78
  C:B002H         LINE#         79
  C:B002H         LINE#         80
  C:B005H         LINE#         81
  C:B00AH         LINE#         82
BL51 BANKED LINKER/LOCATER V5.12                                                      02/19/2014  15:20:30  PAGE 101


  C:B00CH         LINE#         84
  C:B010H         LINE#         85
  C:B010H         LINE#         86
  C:B010H         LINE#         87
  -------         ENDPROC       UART_INTERRUPT_RECEIVE
  -------         PROC          _SERIALSEND
  D:0006H         SYMBOL        Data
  D:0005H         SYMBOL        Len
  C:B253H         LINE#         90
  C:B253H         LINE#         91
  C:B253H         LINE#         92
  C:B256H         LINE#         93
  C:B256H         LINE#         94
  C:B258H         LINE#         95
  C:B259H         LINE#         96
  C:B259H         LINE#         97
  C:B25DH         LINE#         98
  C:B264H         LINE#         99
  -------         ENDPROC       _SERIALSEND
  -------         ENDMOD        SERIAL

  -------         MODULE        ?C?COPY
  C:AC27H         PUBLIC        ?C?COPY
  -------         ENDMOD        ?C?COPY

  -------         MODULE        ?C?CLDPTR
  C:AC4DH         PUBLIC        ?C?CLDPTR
  -------         ENDMOD        ?C?CLDPTR

  -------         MODULE        ?C?IMUL
  C:AC66H         PUBLIC        ?C?IMUL
  -------         ENDMOD        ?C?IMUL

  -------         MODULE        ?C?OFFXADD
  C:AC78H         PUBLIC        ?C?OFFXADD
  -------         ENDMOD        ?C?OFFXADD

*** WARNING L16: UNCALLED SEGMENT, IGNORED FOR OVERLAY PROCESS
    SEGMENT: ?PR?DISPLAY_RED?S6D0154

*** WARNING L16: UNCALLED SEGMENT, IGNORED FOR OVERLAY PROCESS
    SEGMENT: ?PR?DISPLAY_GREEN?S6D0154

*** WARNING L16: UNCALLED SEGMENT, IGNORED FOR OVERLAY PROCESS
    SEGMENT: ?PR?DISPLAY_BLUE?S6D0154

*** WARNING L16: UNCALLED SEGMENT, IGNORED FOR OVERLAY PROCESS
    SEGMENT: ?PR?DISPLAY_BLACK?S6D0154

*** WARNING L16: UNCALLED SEGMENT, IGNORED FOR OVERLAY PROCESS
    SEGMENT: ?PR?DISPLAY_LODING?S6D0154

*** WARNING L16: UNCALLED SEGMENT, IGNORED FOR OVERLAY PROCESS
    SEGMENT: ?PR?DISPLAY_RUNNING1?S6D0154

*** WARNING L16: UNCALLED SEGMENT, IGNORED FOR OVERLAY PROCESS
    SEGMENT: ?PR?DISPLAY_RUNNING2?S6D0154
BL51 BANKED LINKER/LOCATER V5.12                                                      02/19/2014  15:20:30  PAGE 102



*** WARNING L16: UNCALLED SEGMENT, IGNORED FOR OVERLAY PROCESS
    SEGMENT: ?PR?DISPLAY_RUNNING3?S6D0154

*** WARNING L16: UNCALLED SEGMENT, IGNORED FOR OVERLAY PROCESS
    SEGMENT: ?PR?_SERIALSEND?SERIAL

Program Size: data=9.0 xdata=142 code=45710
LINK/LOCATE RUN COMPLETE.  9 WARNING(S),  0 ERROR(S)
