BL51 BANKED LINKER/LOCATER V5.12                                                        02/15/2014  14:32:30  PAGE 1


BL51 BANKED LINKER/LOCATER V5.12, INVOKED BY:
C:\KEIL\C51\BIN\BL51.EXE .\Obj\STARTUP.obj, .\Obj\main.obj, .\Obj\s6d0154.obj, .\Obj\serial.obj, .\Obj\FAT3216.obj, .\Ob
>> j\SD_MMC.obj, .\Obj\showimg51.obj TO .\Obj\DisplayTerminalTFT PRINT (.\Lst\DisplayTerminalTFT.m51) RAMSIZE (256)


MEMORY MODEL: SMALL


INPUT MODULES INCLUDED:
  .\Obj\STARTUP.obj (?C_STARTUP)
  .\Obj\main.obj (MAIN)
  .\Obj\s6d0154.obj (S6D0154)
  .\Obj\serial.obj (SERIAL)
  .\Obj\FAT3216.obj (FAT3216)
  .\Obj\SD_MMC.obj (SD_MMC)
  .\Obj\showimg51.obj (SHOWIMG51)
  C:\KEIL\C51\LIB\C51S.LIB (?C_INIT)
  C:\KEIL\C51\LIB\C51S.LIB (?C?COPY)
  C:\KEIL\C51\LIB\C51S.LIB (?C?CLDPTR)
  C:\KEIL\C51\LIB\C51S.LIB (?C?IMUL)
  C:\KEIL\C51\LIB\C51S.LIB (?C?UIDIV)
  C:\KEIL\C51\LIB\C51S.LIB (?C?SIDIV)
  C:\KEIL\C51\LIB\C51S.LIB (?C?ULSHR)
  C:\KEIL\C51\LIB\C51S.LIB (?C?LSHL)
  C:\KEIL\C51\LIB\C51S.LIB (?C?OFFXADD)


LINK MAP OF MODULE:  .\Obj\DisplayTerminalTFT (?C_STARTUP)


            TYPE    BASE      LENGTH    RELOCATION   SEGMENT NAME
            -----------------------------------------------------

            * * * * * * *   D A T A   M E M O R Y   * * * * * * *
            REG     0000H     0008H     ABSOLUTE     "REG BANK 0"
            DATA    0008H     002DH     UNIT         _DATA_GROUP_
            DATA    0035H     001AH     UNIT         ?DT?FAT3216
            DATA    004FH     0010H     UNIT         ?DT?S6D0154
            DATA    005FH     0004H     UNIT         ?DT?SERIAL
            DATA    0063H     0002H     UNIT         ?DT?MAIN
            DATA    0065H     0002H     UNIT         ?DT?DISPLAY_RED?S6D0154
            DATA    0067H     0002H     UNIT         ?DT?DISPLAY_BLACK?S6D0154
            DATA    0069H     0002H     UNIT         ?DT?_PANT?S6D0154
            IDATA   006BH     0010H     UNIT         ?ID?MAIN
            IDATA   007BH     0010H     UNIT         ?ID?FAT3216
            IDATA   008BH     0001H     UNIT         ?STACK

            * * * * * * *  X D A T A   M E M O R Y  * * * * * * *
            XDATA   0000H     0200H     UNIT         ?XD?FAT3216

            * * * * * * *   C O D E   M E M O R Y   * * * * * * *
            CODE    0000H     0003H     ABSOLUTE     
            CODE    0003H     0008H     UNIT         ?PR?_SKIP_NWORDS?SD_MMC
            CODE    000BH     0003H     ABSOLUTE     
            CODE    000EH     0015H     UNIT         ?PR?_LCD_WRITE_COM?S6D0154
            CODE    0023H     0003H     ABSOLUTE     
            CODE    0026H     9600H     UNIT         ?CO?SHOWIMG51
            CODE    9626H     23D1H     UNIT         ?CO?S6D0154
BL51 BANKED LINKER/LOCATER V5.12                                                      02/15/2014  14:32:30  PAGE 2


            CODE    B9F7H     04CAH     UNIT         ?PR?VIEWTFT?MAIN
            CODE    BEC1H     0306H     UNIT         ?PR?_SCAN_FILE?FAT3216
            CODE    C1C7H     024DH     UNIT         ?PR?GET_DISK_INFO?FAT3216
            CODE    C414H     01DEH     UNIT         ?C?LIB_CODE
            CODE    C5F2H     01BEH     UNIT         ?PR?SD_INIT?SD_MMC
            CODE    C7B0H     01B9H     UNIT         ?PR?LCD_INIT?S6D0154
            CODE    C969H     01B2H     UNIT         ?PR?SHOW_TFIMAGE?SHOWIMG51
            CODE    CB1BH     0152H     UNIT         ?PR?_CHINESECHAR?S6D0154
            CODE    CC6DH     0147H     UNIT         ?PR?READFILE?FAT3216
            CODE    CDB4H     00DEH     UNIT         ?PR?MAIN?MAIN
            CODE    CE92H     00CBH     UNIT         ?PR?_LCD_SHOWCHAR?S6D0154
            CODE    CF5DH     00B7H     UNIT         ?PR?_HEXTOASCL?FAT3216
            CODE    D014H     008CH     UNIT         ?C_C51STARTUP
            CODE    D0A0H     007BH     UNIT         ?PR?UART_INTERRUPT_RECEIVE?SERIAL
            CODE    D11BH     0078H     UNIT         ?PR?_ADDRESS_SET?S6D0154
            CODE    D193H     0074H     UNIT         ?PR?DISPLAY_BLACK?S6D0154
            CODE    D207H     0056H     UNIT         ?PR?_ERROR?SD_MMC
            CODE    D25DH     0051H     UNIT         ?CO?MAIN
            CODE    D2AEH     0048H     UNIT         ?PR?_LCD_SHOWSTRING?S6D0154
            CODE    D2F6H     0044H     UNIT         ?PR?_SD_WRITE_BYTE?SD_MMC
            CODE    D33AH     0042H     UNIT         ?PR?_SET_BLOCK_SIZE?SD_MMC
            CODE    D37CH     003BH     UNIT         ?PR?DISPLAY_BLUE?S6D0154
            CODE    D3B7H     0039H     UNIT         ?PR?_HEXTOASC?MAIN
            CODE    D3F0H     0039H     UNIT         ?PR?DISPLAY_RED?S6D0154
            CODE    D429H     0034H     UNIT         ?CO?FAT3216
            CODE    D45DH     0034H     UNIT         ?PR?SHOW_ROMIMAGE?SHOWIMG51
            CODE    D491H     0033H     UNIT         ?PR?_SD_WRITE_BYTE_LOW_SPEED?SD_MMC
            CODE    D4C4H     0032H     UNIT         ?PR?SD_SEND_READ_CMD?SD_MMC
            CODE    D4F6H     002EH     UNIT         ?PR?_TESTDELAY?MAIN
            CODE    D524H     002BH     UNIT         ?C_INITSEG
            CODE    D54FH     0027H     UNIT         ?PR?DISPLAY_GREEN?S6D0154
            CODE    D576H     0022H     UNIT         ?PR?_PANT?S6D0154
            CODE    D598H     0021H     UNIT         ?PR?DISPLAY_WHITE?S6D0154
            CODE    D5B9H     0020H     UNIT         ?PR?_DELAYMS?S6D0154
            CODE    D5D9H     001FH     UNIT         ?PR?INITSYS?MAIN
            CODE    D5F8H     001CH     UNIT         ?PR?_DELAY?MAIN
            CODE    D614H     001AH     UNIT         ?PR?WAIT_START_TOKEN?SD_MMC
            CODE    D62EH     001AH     UNIT         ?CO?SD_MMC
            CODE    D648H     0019H     UNIT         ?PR?_WRITE_DATA?S6D0154
            CODE    D661H     0019H     UNIT         ?PR?_READ_NBYTES?SD_MMC
            CODE    D67AH     0018H     UNIT         ?PR?_WRITE_COMD?S6D0154
            CODE    D692H     0017H     UNIT         ?PR?TIME0?MAIN
            CODE    D6A9H     0014H     UNIT         ?PR?SD_READ_BYTE_LOW_SPEED?SD_MMC
            CODE    D6BDH     0013H     UNIT         ?PR?SD_READ_BYTE?SD_MMC
            CODE    D6D0H     000EH     UNIT         ?PR?_HALFTOASC?FAT3216
            CODE    D6DEH     000EH     UNIT         ?PR?SD_READ_BLOCK_COMPLETE?SD_MMC
            CODE    D6ECH     000DH     UNIT         ?PR?_SERIALSEND?SERIAL
            CODE    D6F9H     000CH     UNIT         ?PR?_DELAYUS?SD_MMC
            CODE    D705H     000AH     UNIT         ?PR?_LCD_WRITE_DATA?S6D0154
            CODE    D70FH     0009H     UNIT         ?PR?_LCD_WRIT_BUS?S6D0154
            CODE    D718H     0004H     UNIT         ?PR?SOFT_RESET_TO_ISP_MONITOR?SERIAL



OVERLAY MAP OF MODULE:   .\Obj\DisplayTerminalTFT (?C_STARTUP)


BL51 BANKED LINKER/LOCATER V5.12                                                      02/15/2014  14:32:30  PAGE 3


SEGMENT                                        DATA_GROUP 
  +--> CALLED SEGMENT                        START    LENGTH
------------------------------------------------------------
?C_C51STARTUP                                -----    -----
  +--> ?PR?MAIN?MAIN
  +--> ?C_INITSEG

?PR?MAIN?MAIN                                0008H    0002H
  +--> ?PR?LCD_INIT?S6D0154
  +--> ?PR?INITSYS?MAIN
  +--> ?PR?SD_INIT?SD_MMC
  +--> ?PR?VIEWTFT?MAIN
  +--> ?PR?_DELAY?MAIN
  +--> ?PR?GET_DISK_INFO?FAT3216
  +--> ?PR?_SCAN_FILE?FAT3216
  +--> ?PR?READFILE?FAT3216
  +--> ?PR?_LCD_SHOWSTRING?S6D0154
  +--> ?PR?SHOW_TFIMAGE?SHOWIMG51
  +--> ?PR?_HEXTOASC?MAIN

?PR?LCD_INIT?S6D0154                         -----    -----
  +--> ?PR?_DELAYMS?S6D0154
  +--> ?PR?_LCD_WRITE_DATA?S6D0154
  +--> ?PR?_LCD_WRITE_COM?S6D0154

?PR?_LCD_WRITE_DATA?S6D0154                  -----    -----
  +--> ?PR?_LCD_WRITE_COM?S6D0154
  +--> ?PR?_LCD_WRIT_BUS?S6D0154

?PR?_LCD_WRITE_COM?S6D0154                   -----    -----
  +--> ?PR?_DELAYMS?S6D0154
  +--> ?PR?_LCD_WRIT_BUS?S6D0154

?PR?SD_INIT?SD_MMC                           000AH    0006H
  +--> ?PR?_SD_WRITE_BYTE_LOW_SPEED?SD_MMC
  +--> ?CO?SD_MMC
  +--> ?PR?_LCD_SHOWSTRING?S6D0154
  +--> ?PR?SD_READ_BYTE_LOW_SPEED?SD_MMC
  +--> ?PR?_HALFTOASC?FAT3216
  +--> ?PR?_LCD_SHOWCHAR?S6D0154
  +--> ?PR?_ERROR?SD_MMC
  +--> ?PR?_DELAY?MAIN

?PR?_SD_WRITE_BYTE_LOW_SPEED?SD_MMC          -----    -----
  +--> ?PR?_DELAYUS?SD_MMC

?PR?_LCD_SHOWSTRING?S6D0154                  0010H    000BH
  +--> ?PR?_LCD_SHOWCHAR?S6D0154

?PR?_LCD_SHOWCHAR?S6D0154                    001BH    000DH
  +--> ?PR?_ADDRESS_SET?S6D0154
  +--> ?CO?S6D0154
  +--> ?PR?_LCD_WRITE_DATA?S6D0154

?PR?_ADDRESS_SET?S6D0154                     002DH    0008H
  +--> ?PR?_LCD_WRITE_COM?S6D0154
  +--> ?PR?_LCD_WRITE_DATA?S6D0154
BL51 BANKED LINKER/LOCATER V5.12                                                      02/15/2014  14:32:30  PAGE 4



?PR?SD_READ_BYTE_LOW_SPEED?SD_MMC            -----    -----
  +--> ?PR?_DELAYUS?SD_MMC

?PR?_ERROR?SD_MMC                            0010H    0001H
  +--> ?PR?SD_READ_BYTE?SD_MMC
  +--> ?PR?_HALFTOASC?FAT3216
  +--> ?PR?_LCD_SHOWCHAR?S6D0154
  +--> ?PR?_DELAY?MAIN

?PR?VIEWTFT?MAIN                             -----    -----
  +--> ?PR?_CHINESECHAR?S6D0154
  +--> ?CO?MAIN
  +--> ?PR?_LCD_SHOWSTRING?S6D0154

?PR?_CHINESECHAR?S6D0154                     000AH    0023H
  +--> ?CO?S6D0154
  +--> ?PR?_ADDRESS_SET?S6D0154
  +--> ?PR?_LCD_WRITE_DATA?S6D0154

?PR?GET_DISK_INFO?FAT3216                    000AH    0003H
  +--> ?PR?SD_SEND_READ_CMD?SD_MMC
  +--> ?PR?WAIT_START_TOKEN?SD_MMC
  +--> ?PR?SD_READ_BYTE?SD_MMC
  +--> ?PR?_SKIP_NWORDS?SD_MMC
  +--> ?PR?_READ_NBYTES?SD_MMC
  +--> ?PR?_ERROR?SD_MMC
  +--> ?PR?SD_READ_BLOCK_COMPLETE?SD_MMC
  +--> ?PR?_HEXTOASCL?FAT3216
  +--> ?PR?_LCD_SHOWSTRING?S6D0154
  +--> ?CO?FAT3216

?PR?SD_SEND_READ_CMD?SD_MMC                  000EH    0001H
  +--> ?PR?_SD_WRITE_BYTE?SD_MMC
  +--> ?PR?SD_READ_BYTE?SD_MMC
  +--> ?PR?_ERROR?SD_MMC

?PR?WAIT_START_TOKEN?SD_MMC                  -----    -----
  +--> ?PR?SD_READ_BYTE?SD_MMC
  +--> ?PR?_ERROR?SD_MMC

?PR?_SKIP_NWORDS?SD_MMC                      -----    -----
  +--> ?PR?SD_READ_BYTE?SD_MMC

?PR?_READ_NBYTES?SD_MMC                      -----    -----
  +--> ?PR?SD_READ_BYTE?SD_MMC

?PR?SD_READ_BLOCK_COMPLETE?SD_MMC            -----    -----
  +--> ?PR?SD_READ_BYTE?SD_MMC

?PR?_HEXTOASCL?FAT3216                       000EH    0008H

?PR?_SCAN_FILE?FAT3216                       000AH    0004H
  +--> ?CO?FAT3216
  +--> ?PR?_LCD_SHOWSTRING?S6D0154
  +--> ?PR?_HALFTOASC?FAT3216
  +--> ?PR?_LCD_SHOWCHAR?S6D0154
BL51 BANKED LINKER/LOCATER V5.12                                                      02/15/2014  14:32:30  PAGE 5


  +--> ?PR?SD_SEND_READ_CMD?SD_MMC
  +--> ?PR?_HEXTOASCL?FAT3216
  +--> ?PR?WAIT_START_TOKEN?SD_MMC
  +--> ?PR?SD_READ_BYTE?SD_MMC
  +--> ?PR?_READ_NBYTES?SD_MMC
  +--> ?PR?_SKIP_NWORDS?SD_MMC
  +--> ?PR?SD_READ_BLOCK_COMPLETE?SD_MMC
  +--> ?PR?_SET_BLOCK_SIZE?SD_MMC

?PR?_SET_BLOCK_SIZE?SD_MMC                   000EH    0001H
  +--> ?PR?_SD_WRITE_BYTE?SD_MMC
  +--> ?PR?SD_READ_BYTE?SD_MMC
  +--> ?PR?_ERROR?SD_MMC

?PR?READFILE?FAT3216                         000AH    0004H
  +--> ?PR?SD_SEND_READ_CMD?SD_MMC
  +--> ?PR?WAIT_START_TOKEN?SD_MMC
  +--> ?PR?SD_READ_BYTE?SD_MMC
  +--> ?PR?SD_READ_BLOCK_COMPLETE?SD_MMC
  +--> ?CO?FAT3216
  +--> ?PR?_LCD_SHOWSTRING?S6D0154
  +--> ?PR?_SET_BLOCK_SIZE?SD_MMC

?PR?SHOW_TFIMAGE?SHOWIMG51                   000AH    0002H
  +--> ?PR?_ADDRESS_SET?S6D0154
  +--> ?PR?SD_SEND_READ_CMD?SD_MMC
  +--> ?PR?WAIT_START_TOKEN?SD_MMC
  +--> ?PR?SD_READ_BLOCK_COMPLETE?SD_MMC
  +--> ?PR?_SET_BLOCK_SIZE?SD_MMC
  +--> ?PR?SD_READ_BYTE?SD_MMC

?PR?_HEXTOASC?MAIN                           000AH    0002H

*** NEW ROOT ***************************************************

?PR?UART_INTERRUPT_RECEIVE?SERIAL            -----    -----
  +--> ?PR?_DELAY?MAIN
  +--> ?PR?SOFT_RESET_TO_ISP_MONITOR?SERIAL



SYMBOL TABLE OF MODULE:  .\Obj\DisplayTerminalTFT (?C_STARTUP)

  VALUE           TYPE          NAME
  ----------------------------------

  -------         MODULE        ?C_STARTUP
  C:D014H         SEGMENT       ?C_C51STARTUP
  I:008BH         SEGMENT       ?STACK
  C:0000H         PUBLIC        ?C_STARTUP
  D:00E0H         SYMBOL        ACC
  D:00F0H         SYMBOL        B
  D:0083H         SYMBOL        DPH
  D:0082H         SYMBOL        DPL
  N:0000H         SYMBOL        IBPSTACK
  N:0100H         SYMBOL        IBPSTACKTOP
  N:0080H         SYMBOL        IDATALEN
BL51 BANKED LINKER/LOCATER V5.12                                                      02/15/2014  14:32:30  PAGE 6


  C:D017H         SYMBOL        IDATALOOP
  N:0000H         SYMBOL        PBPSTACK
  N:0000H         SYMBOL        PBPSTACKTOP
  N:0000H         SYMBOL        PDATALEN
  N:0000H         SYMBOL        PDATASTART
  N:0000H         SYMBOL        PPAGE
  N:0000H         SYMBOL        PPAGEENABLE
  D:00A0H         SYMBOL        PPAGE_SFR
  D:0081H         SYMBOL        SP
  C:D014H         SYMBOL        STARTUP1
  N:0000H         SYMBOL        XBPSTACK
  N:0000H         SYMBOL        XBPSTACKTOP
  N:0000H         SYMBOL        XDATALEN
  N:0000H         SYMBOL        XDATASTART
  C:0000H         LINE#         92
  C:D014H         LINE#         99
  C:D016H         LINE#         100
  C:D017H         LINE#         101
  C:D018H         LINE#         102
  C:D01AH         LINE#         151
  C:D01DH         LINE#         155
  -------         ENDMOD        ?C_STARTUP

  -------         MODULE        MAIN
  C:0000H         SYMBOL        _ICE_DUMMY_
  D:0090H         PUBLIC        P1
  D:0063H         PUBLIC        etx0
  C:D3B7H         PUBLIC        _HEXtoASC
  D:00C0H         PUBLIC        P4
  B:00A8H.7       PUBLIC        EA
  C:B9F7H         PUBLIC        ViewTFT
  D:00A8H         PUBLIC        IE
  B:00A8H.4       PUBLIC        ES
  D:00B8H         PUBLIC        IP
  D:00D8H         PUBLIC        CCON
  C:CDB4H         PUBLIC        main
  D:0087H         PUBLIC        PCON
  D:0098H         PUBLIC        SCON
  D:0089H         PUBLIC        TMOD
  D:0088H         PUBLIC        TCON
  B:00A8H.1       PUBLIC        ET0
  B:0090H.0       PUBLIC        LCD_CS
  B:00A8H.3       PUBLIC        ET1
  D:008CH         PUBLIC        TH0
  D:008DH         PUBLIC        TH1
  D:008AH         PUBLIC        TL0
  C:D5F8H         PUBLIC        _Delay
  D:008BH         PUBLIC        TL1
  B:0088H.4       PUBLIC        TR0
  C:D5D9H         PUBLIC        InitSys
  B:0088H.6       PUBLIC        TR1
  I:006BH         PUBLIC        Display
  C:D692H         PUBLIC        time0
  C:D4F6H         PUBLIC        _TestDelay
  D:00D0H         PUBLIC        PSW
  -------         PROC          TIME0
  C:D692H         LINE#         10
BL51 BANKED LINKER/LOCATER V5.12                                                      02/15/2014  14:32:30  PAGE 7


  C:D694H         LINE#         13
  C:D696H         LINE#         14
  C:D699H         LINE#         15
  C:D69CH         LINE#         16
  C:D69EH         LINE#         19
  C:D6A6H         LINE#         21
  -------         ENDPROC       TIME0
  -------         PROC          INITSYS
  C:D5D9H         LINE#         40
  C:D5D9H         LINE#         41
  C:D5D9H         LINE#         43
  C:D5DBH         LINE#         44
  C:D5DEH         LINE#         45
  C:D5E1H         LINE#         47
  C:D5E4H         LINE#         48
  C:D5E7H         LINE#         52
  C:D5EAH         LINE#         54
  C:D5EDH         LINE#         56
  C:D5EFH         LINE#         58
  C:D5F1H         LINE#         59
  C:D5F3H         LINE#         61
  C:D5F5H         LINE#         64
  C:D5F7H         LINE#         65
  -------         ENDPROC       INITSYS
  -------         PROC          _DELAY
  D:0006H         SYMBOL        count
  -------         DO            
  D:0004H         SYMBOL        i
  D:0005H         SYMBOL        j
  -------         ENDDO         
  C:D5F8H         LINE#         37
  C:D5F8H         LINE#         38
  C:D5F8H         LINE#         40
  C:D602H         LINE#         41
  C:D60AH         LINE#         42
  C:D610H         LINE#         43
  -------         ENDPROC       _DELAY
  -------         PROC          VIEWTFT
  C:B9F7H         LINE#         47
  C:B9F7H         LINE#         48
  C:B9F7H         LINE#         49
  C:B9F9H         LINE#         51
  C:BA17H         LINE#         52
  C:BA35H         LINE#         53
  C:BA53H         LINE#         54
  C:BA71H         LINE#         56
  C:BA8EH         LINE#         57
  C:BAACH         LINE#         59
  C:BACAH         LINE#         60
  C:BAE8H         LINE#         61
  C:BB06H         LINE#         62
  C:BB24H         LINE#         63
  C:BB42H         LINE#         64
  C:BB60H         LINE#         65
  C:BB7EH         LINE#         67
  C:BB9BH         LINE#         68
  C:BBB9H         LINE#         69
BL51 BANKED LINKER/LOCATER V5.12                                                      02/15/2014  14:32:30  PAGE 8


  C:BBD7H         LINE#         70
  C:BBF5H         LINE#         72
  C:BC13H         LINE#         73
  C:BC31H         LINE#         74
  C:BC4FH         LINE#         75
  C:BC6DH         LINE#         76
  C:BC8BH         LINE#         78
  C:BCA8H         LINE#         79
  C:BCC6H         LINE#         80
  C:BCE4H         LINE#         81
  C:BD02H         LINE#         83
  C:BD20H         LINE#         84
  C:BD3EH         LINE#         85
  C:BD5CH         LINE#         86
  C:BD7AH         LINE#         87
  C:BD98H         LINE#         89
  C:BDB5H         LINE#         90
  C:BDD3H         LINE#         91
  C:BDF1H         LINE#         92
  C:BE0FH         LINE#         94
  C:BE2DH         LINE#         101
  C:BE4AH         LINE#         104
  C:BE67H         LINE#         105
  C:BE84H         LINE#         106
  C:BEA1H         LINE#         107
  C:BEBEH         LINE#         109
  C:BEC0H         LINE#         110
  -------         ENDPROC       VIEWTFT
  -------         PROC          _TESTDELAY
  D:0007H         SYMBOL        timer
  C:D4F6H         LINE#         112
  C:D4F6H         LINE#         113
  C:D4F6H         LINE#         116
  C:D4FBH         LINE#         117
  C:D4FEH         LINE#         118
  C:D501H         LINE#         119
  C:D504H         LINE#         120
  C:D504H         LINE#         121
  C:D506H         LINE#         122
  C:D50CH         LINE#         123
  C:D50EH         LINE#         124
  C:D510H         LINE#         126
  C:D510H         LINE#         127
  C:D512H         LINE#         128
  C:D519H         LINE#         129
  C:D51BH         LINE#         130
  C:D51BH         LINE#         132
  -------         ENDPROC       _TESTDELAY
  -------         PROC          _HEXTOASC
  D:000AH         SYMBOL        HEX
  D:0003H         SYMBOL        index
  -------         DO            
  D:0002H         SYMBOL        i
  -------         ENDDO         
  C:D3B7H         LINE#         138
  C:D3BDH         LINE#         139
  C:D3BDH         LINE#         141
BL51 BANKED LINKER/LOCATER V5.12                                                      02/15/2014  14:32:30  PAGE 9


  C:D3C1H         LINE#         142
  C:D3C6H         LINE#         143
  C:D3C8H         LINE#         144
  C:D3C8H         LINE#         145
  C:D3C9H         LINE#         146
  C:D3DEH         LINE#         147
  C:D3EDH         LINE#         148
  C:D3EFH         LINE#         164
  -------         ENDPROC       _HEXTOASC
  -------         PROC          MAIN
  -------         DO            
  D:0008H         SYMBOL        res
  D:0009H         SYMBOL        count
  -------         ENDDO         
  C:CDB4H         LINE#         169
  C:CDB4H         LINE#         170
  C:CDB4H         LINE#         174
  C:CDB7H         LINE#         175
  C:CDBAH         LINE#         177
  C:CDBFH         LINE#         187
  C:CDC2H         LINE#         188
  C:CDC9H         LINE#         190
  C:CDD2H         LINE#         192
  C:CDD9H         LINE#         193
  C:CDD9H         LINE#         194
  C:CDD9H         LINE#         197
  C:CDE5H         LINE#         199
  C:CDECH         LINE#         200
  C:CDF5H         LINE#         201
  C:CDF9H         LINE#         202
  C:CDF9H         LINE#         203
  C:CDFBH         LINE#         204
  C:CE17H         LINE#         205
  C:CE19H         LINE#         206
  C:CE19H         LINE#         207
  C:CE20H         LINE#         208
  C:CE23H         LINE#         210
  C:CE23H         LINE#         211
  C:CE30H         LINE#         212
  C:CE34H         LINE#         213
  C:CE34H         LINE#         214
  C:CE3BH         LINE#         215
  C:CE40H         LINE#         216
  C:CE43H         LINE#         217
  C:CE46H         LINE#         218
  C:CE48H         LINE#         219
  C:CE4BH         LINE#         220
  C:CE4DH         LINE#         221
  C:CE56H         LINE#         222
  C:CE5AH         LINE#         223
  C:CE5DH         LINE#         224
  C:CE60H         LINE#         225
  C:CE62H         LINE#         226
  C:CE69H         LINE#         227
  C:CE86H         LINE#         228
  C:CE86H         LINE#         229
  C:CE88H         LINE#         230
BL51 BANKED LINKER/LOCATER V5.12                                                      02/15/2014  14:32:30  PAGE 10


  C:CE8CH         LINE#         231
  C:CE8FH         LINE#         232
  -------         ENDPROC       MAIN
  -------         ENDMOD        MAIN

  -------         MODULE        S6D0154
  C:D5B9H         SEGMENT       ?PR?_DELAYMS?S6D0154
  C:D648H         SEGMENT       ?PR?_WRITE_DATA?S6D0154
  C:D67AH         SEGMENT       ?PR?_WRITE_COMD?S6D0154
  C:D3F0H         SEGMENT       ?PR?DISPLAY_RED?S6D0154
  D:0065H         SEGMENT       ?DT?DISPLAY_RED?S6D0154
  C:D54FH         SEGMENT       ?PR?DISPLAY_GREEN?S6D0154
  C:D37CH         SEGMENT       ?PR?DISPLAY_BLUE?S6D0154
  C:D598H         SEGMENT       ?PR?DISPLAY_WHITE?S6D0154
  C:D193H         SEGMENT       ?PR?DISPLAY_BLACK?S6D0154
  D:0067H         SEGMENT       ?DT?DISPLAY_BLACK?S6D0154
  C:D70FH         SEGMENT       ?PR?_LCD_WRIT_BUS?S6D0154
  C:000EH         SEGMENT       ?PR?_LCD_WRITE_COM?S6D0154
  C:D705H         SEGMENT       ?PR?_LCD_WRITE_DATA?S6D0154
  C:D576H         SEGMENT       ?PR?_PANT?S6D0154
  D:0069H         SEGMENT       ?DT?_PANT?S6D0154
  C:D11BH         SEGMENT       ?PR?_ADDRESS_SET?S6D0154
  D:002DH         SEGMENT       ?DT?_ADDRESS_SET?S6D0154
  C:CB1BH         SEGMENT       ?PR?_CHINESECHAR?S6D0154
  D:000AH         SEGMENT       ?DT?_CHINESECHAR?S6D0154
  C:CE92H         SEGMENT       ?PR?_LCD_SHOWCHAR?S6D0154
  D:001BH         SEGMENT       ?DT?_LCD_SHOWCHAR?S6D0154
  C:D2AEH         SEGMENT       ?PR?_LCD_SHOWSTRING?S6D0154
  D:0010H         SEGMENT       ?DT?_LCD_SHOWSTRING?S6D0154
  C:C7B0H         SEGMENT       ?PR?LCD_INIT?S6D0154
  C:D524H         SEGMENT       ?C_INITSEG
  C:9626H         SEGMENT       ?CO?S6D0154
  D:004FH         SEGMENT       ?DT?S6D0154
  D:002DH         PUBLIC        ?_ADDRESS_SET?BYTE
  D:000AH         PUBLIC        ?_CHINESECHAR?BYTE
  D:001BH         PUBLIC        ?_LCD_SHOWCHAR?BYTE
  D:0010H         PUBLIC        ?_LCD_SHOWSTRING?BYTE
  D:004FH         PUBLIC        COLORS
  C:D193H         PUBLIC        DISPLAY_BLACK
  C:D37CH         PUBLIC        DISPLAY_BLUE
  C:D54FH         PUBLIC        DISPLAY_GREEN
  C:D3F0H         PUBLIC        DISPLAY_RED
  C:D598H         PUBLIC        DISPLAY_WHITE
  C:A7EEH         PUBLIC        FONT16X24
  C:A1EEH         PUBLIC        FONT8X16
  C:A12EH         PUBLIC        HZ16
  C:982EH         PUBLIC        HZ24
  C:9626H         PUBLIC        HZ32
  C:C7B0H         PUBLIC        LCD_INIT
  C:D12CH         PUBLIC        _ADDRESS_SET
  C:CB1BH         PUBLIC        _CHINESECHAR
  C:D5B9H         PUBLIC        _DELAYMS
  C:CE92H         PUBLIC        _LCD_SHOWCHAR
  C:D2AEH         PUBLIC        _LCD_SHOWSTRING
  C:001EH         PUBLIC        _LCD_WRITE_COM
  C:D70AH         PUBLIC        _LCD_WRITE_DATA
  C:D70FH         PUBLIC        _LCD_WRIT_BUS
BL51 BANKED LINKER/LOCATER V5.12                                                      02/15/2014  14:32:30  PAGE 11


  C:D576H         PUBLIC        _PANT
  C:D681H         PUBLIC        _WRITE_COMD
  C:D650H         PUBLIC        _WRITE_DATA
  C:D5B9H         SYMBOL        ?C0001
  C:D5C9H         SYMBOL        ?C0003
  C:D5D5H         SYMBOL        ?C0005
  C:D5D1H         SYMBOL        ?C0006
  C:D5D8H         SYMBOL        ?C0009
  C:D408H         SYMBOL        ?C0012
  C:D41DH         SYMBOL        ?C0014
  C:D40BH         SYMBOL        ?C0015
  C:D428H         SYMBOL        ?C0018
  C:D557H         SYMBOL        ?C0019
  C:D56AH         SYMBOL        ?C0021
  C:D55AH         SYMBOL        ?C0022
  C:D575H         SYMBOL        ?C0025
  C:D395H         SYMBOL        ?C0026
  C:D3ABH         SYMBOL        ?C0028
  C:D398H         SYMBOL        ?C0029
  C:D3B6H         SYMBOL        ?C0032
  C:D59EH         SYMBOL        ?C0033
  C:D5ADH         SYMBOL        ?C0035
  C:D5A1H         SYMBOL        ?C0036
  C:D5B8H         SYMBOL        ?C0039
  C:D199H         SYMBOL        ?C0040
  C:D1A7H         SYMBOL        ?C0041
  C:D1AAH         SYMBOL        ?C0043
  C:D1F5H         SYMBOL        ?C0044
  C:D1EAH         SYMBOL        ?C0045
  C:D1ADH         SYMBOL        ?C0046
  C:D1B9H         SYMBOL        ?C0047
  C:D1BEH         SYMBOL        ?C0049
  C:D1D9H         SYMBOL        ?C0050
  C:D1DEH         SYMBOL        ?C0052
  C:D1F8H         SYMBOL        ?C0055
  C:D206H         SYMBOL        ?C0058
  C:D587H         SYMBOL        ?C0062
  C:D595H         SYMBOL        ?C0063
  C:D593H         SYMBOL        ?C0064
  C:D589H         SYMBOL        ?C0065
  C:CB62H         SYMBOL        ?C0070
  C:CB92H         SYMBOL        ?C0071
  C:CB7BH         SYMBOL        ?C0072
  C:CBD9H         SYMBOL        ?C0075
  C:CC61H         SYMBOL        ?C0077
  C:CC1DH         SYMBOL        ?C0078
  C:CC15H         SYMBOL        ?C0079
  C:CC23H         SYMBOL        ?C0081
  C:CC26H         SYMBOL        ?C0082
  C:CC5AH         SYMBOL        ?C0084
  C:CC52H         SYMBOL        ?C0085
  C:CC6CH         SYMBOL        ?C0087
  C:CECBH         SYMBOL        ?C0088
  C:CF5CH         SYMBOL        ?C0090
  C:CF10H         SYMBOL        ?C0091
  C:CF59H         SYMBOL        ?C0093
  C:CF3EH         SYMBOL        ?C0094
BL51 BANKED LINKER/LOCATER V5.12                                                      02/15/2014  14:32:30  PAGE 12


  C:CF49H         SYMBOL        ?C0097
  C:CF51H         SYMBOL        ?C0098
  C:D2BAH         SYMBOL        ?C0099
  C:D2F5H         SYMBOL        ?C0101
  C:D5C7H         SYMBOL        ?C0103
  C:D422H         SYMBOL        ?C0104
  C:D56FH         SYMBOL        ?C0105
  C:D3B0H         SYMBOL        ?C0106
  C:D5B2H         SYMBOL        ?C0107
  C:D1A1H         SYMBOL        ?C0108
  C:D1CEH         SYMBOL        ?C0109
  C:D1EFH         SYMBOL        ?C0110
  C:D200H         SYMBOL        ?C0111
  C:CBF3H         SYMBOL        ?C0112
  C:CC40H         SYMBOL        ?C0113
  C:CC46H         SYMBOL        ?C0114
  C:CC5FH         SYMBOL        ?C0115
  C:CC69H         SYMBOL        ?C0116
  C:CF06H         SYMBOL        ?C0117
  C:CC20H         SYMBOL        ?C0118
  C:CC57H         SYMBOL        ?C0119
  C:CF4EH         SYMBOL        ?C0120
  D:0067H         SYMBOL        ?DISPLAY_BLACK?BYTE
  D:0065H         SYMBOL        ?DISPLAY_RED?BYTE
  D:0069H         SYMBOL        ?_PANT?BYTE
  B:00D0H.6       SYMBOL        AC
  D:00E0H         SYMBOL        ACC
  D:00BCH         SYMBOL        ADC_CONTR
  D:00BDH         SYMBOL        ADC_RES
  D:00BEH         SYMBOL        ADC_RESL
  D:008EH         SYMBOL        AUXR
  D:00A2H         SYMBOL        AUXR1
  D:00F0H         SYMBOL        B
  D:0012H         SYMBOL        BK_COLOR?1377
  D:0021H         SYMBOL        BK_COLOR?1492
  D:0016H         SYMBOL        BK_COLOR?15103
  D:009CH         SYMBOL        BRT
  D:00A1H         SYMBOL        BUS_SPEED
  D:0014H         SYMBOL        C?1378
  D:00FAH         SYMBOL        CCAP0H
  D:00EAH         SYMBOL        CCAP0L
  D:00FBH         SYMBOL        CCAP1H
  D:00EBH         SYMBOL        CCAP1L
  D:00DAH         SYMBOL        CCAPM0
  D:00DBH         SYMBOL        CCAPM1
  B:00D8H.0       SYMBOL        CCF0
  B:00D8H.1       SYMBOL        CCF1
  D:00D8H         SYMBOL        CCON
  B:00D8H.7       SYMBOL        CF
  D:00F9H         SYMBOL        CH
  D:0023H         SYMBOL        CH?1493
  D:0026H         SYMBOL        CHAR_H?1499
  D:0024H         SYMBOL        CHAR_W?1498
  D:00E9H         SYMBOL        CL
  D:0097H         SYMBOL        CLK_DIV
  D:00D9H         SYMBOL        CMOD
  B:00D8H.6       SYMBOL        CR
BL51 BANKED LINKER/LOCATER V5.12                                                      02/15/2014  14:32:30  PAGE 13


  B:00D0H.7       SYMBOL        CY
  D:0083H         SYMBOL        DPH
  D:0082H         SYMBOL        DPL
  D:0015H         SYMBOL        E?1379
  B:00A8H.7       SYMBOL        EA
  B:00A8H.5       SYMBOL        EADC
  D:0019H         SYMBOL        ED?1382
  B:00A8H.6       SYMBOL        ELVD
  B:00A8H.4       SYMBOL        ES
  B:00A8H.1       SYMBOL        ET0
  B:00A8H.3       SYMBOL        ET1
  B:00A8H.0       SYMBOL        EX0
  B:00A8H.2       SYMBOL        EX1
  B:00D0H.5       SYMBOL        F0
  D:0024H         SYMBOL        FONTTABLE?1388
  D:0010H         SYMBOL        FOR_COLOR?1376
  D:001FH         SYMBOL        FOR_COLOR?1491
  D:0014H         SYMBOL        FOR_COLOR?15102
  D:0017H         SYMBOL        I?1380
  D:00C3H         SYMBOL        IAP_ADDRH
  D:00C4H         SYMBOL        IAP_ADDRL
  D:00C5H         SYMBOL        IAP_CMD
  D:00C7H         SYMBOL        IAP_CONTR
  D:00C2H         SYMBOL        IAP_DATA
  D:00C6H         SYMBOL        IAP_TRIG
  D:00A8H         SYMBOL        IE
  B:0088H.1       SYMBOL        IE0
  B:0088H.3       SYMBOL        IE1
  D:00AFH         SYMBOL        IE2
  D:00B8H         SYMBOL        IP
  D:00B5H         SYMBOL        IP2
  D:00B7H         SYMBOL        IPH
  D:00B6H         SYMBOL        IPH2
  B:0088H.0       SYMBOL        IT0
  B:0088H.2       SYMBOL        IT1
  D:0067H         SYMBOL        J?757
  D:0065H         SYMBOL        K?349
  C:D11BH         SYMBOL        L?0121
  C:D11BH         SYMBOL        L?0122
  C:D128H         SYMBOL        L?0123
  C:000EH         SYMBOL        L?0124
  C:0010H         SYMBOL        L?0125
  C:0017H         SYMBOL        L?0126
  C:D648H         SYMBOL        L?0127
  C:D648H         SYMBOL        L?0128
  C:D64CH         SYMBOL        L?0129
  C:D705H         SYMBOL        L?0130
  C:D705H         SYMBOL        L?0131
  C:D706H         SYMBOL        L?0132
  C:D67AH         SYMBOL        L?0133
  C:D67CH         SYMBOL        L?0134
  B:0090H.0       SYMBOL        LCD_CS
  B:0090H.1       SYMBOL        LCD_DC
  B:0090H.3       SYMBOL        LCD_RD
  B:0090H.4       SYMBOL        LCD_RST
  B:0090H.2       SYMBOL        LCD_WR
  D:001FH         SYMBOL        NBYTES?1385
BL51 BANKED LINKER/LOCATER V5.12                                                      02/15/2014  14:32:30  PAGE 14


  D:001BH         SYMBOL        NCOLS?1383
  D:001DH         SYMBOL        NROWS?1384
  B:00D0H.2       SYMBOL        OV
  B:00D0H.0       SYMBOL        P
  D:0080H         SYMBOL        P0
  D:0094H         SYMBOL        P0M0
  D:0093H         SYMBOL        P0M1
  D:0090H         SYMBOL        P1
  D:009DH         SYMBOL        P1ASF
  D:0092H         SYMBOL        P1M0
  D:0091H         SYMBOL        P1M1
  D:00A0H         SYMBOL        P2
  D:0096H         SYMBOL        P2M0
  D:0095H         SYMBOL        P2M1
  D:00B0H         SYMBOL        P3
  D:00B2H         SYMBOL        P3M0
  D:00B1H         SYMBOL        P3M1
  D:00C0H         SYMBOL        P4
  D:00B4H         SYMBOL        P4M0
  D:00B3H         SYMBOL        P4M1
  D:00BBH         SYMBOL        P4SW
  D:00C8H         SYMBOL        P5
  D:00CAH         SYMBOL        P5M0
  D:00C9H         SYMBOL        P5M1
  D:0018H         SYMBOL        P?15104
  B:00B8H.5       SYMBOL        PADC
  D:00F2H         SYMBOL        PCA_PWM0
  D:00F3H         SYMBOL        PCA_PWM1
  D:0021H         SYMBOL        PCHAR?1387
  D:0087H         SYMBOL        PCON
  B:00B8H.6       SYMBOL        PLVD
  B:00B8H.7       SYMBOL        PPCA
  B:00B8H.4       SYMBOL        PS
  D:00D0H         SYMBOL        PSW
  B:00B8H.1       SYMBOL        PT0
  B:00B8H.3       SYMBOL        PT1
  B:00B8H.0       SYMBOL        PX0
  B:00B8H.2       SYMBOL        PX1
  B:0098H.2       SYMBOL        RB8
  B:0098H.4       SYMBOL        REN
  B:0098H.0       SYMBOL        RI
  B:00D0H.3       SYMBOL        RS0
  B:00D0H.4       SYMBOL        RS1
  D:009BH         SYMBOL        S2BUF
  D:009AH         SYMBOL        S2CON
  N:0000H         SYMBOL        S6D0154
  D:00A9H         SYMBOL        SADDR
  D:00B9H         SYMBOL        SADEN
  D:0099H         SYMBOL        SBUF
  D:0098H         SYMBOL        SCON
  D:000EH         SYMBOL        SIZE?1375
  B:0098H.7       SYMBOL        SM0
  B:0098H.6       SYMBOL        SM1
  B:0098H.5       SYMBOL        SM2
  D:0081H         SYMBOL        SP
  D:00CEH         SYMBOL        SPCTL
  D:00CFH         SYMBOL        SPDAT
BL51 BANKED LINKER/LOCATER V5.12                                                      02/15/2014  14:32:30  PAGE 15


  D:00CDH         SYMBOL        SPSTAT
  B:0098H.3       SYMBOL        TB8
  D:0088H         SYMBOL        TCON
  B:0088H.5       SYMBOL        TF0
  B:0088H.7       SYMBOL        TF1
  D:008CH         SYMBOL        TH0
  D:008DH         SYMBOL        TH1
  B:0098H.1       SYMBOL        TI
  D:008AH         SYMBOL        TL0
  D:008BH         SYMBOL        TL1
  D:0089H         SYMBOL        TMOD
  B:0088H.4       SYMBOL        TR0
  B:0088H.6       SYMBOL        TR1
  D:0069H         SYMBOL        VH?1165
  D:006AH         SYMBOL        VL?1166
  D:008FH         SYMBOL        WAKE_CLKO
  D:00C1H         SYMBOL        WDT_CONTR
  D:002DH         SYMBOL        X1?1269
  D:0031H         SYMBOL        X2?1271
  D:000AH         SYMBOL        X?1373
  D:001BH         SYMBOL        X?1489
  D:0010H         SYMBOL        X?15100
  D:002FH         SYMBOL        Y1?1270
  D:0033H         SYMBOL        Y2?1272
  D:000CH         SYMBOL        Y?1374
  D:001DH         SYMBOL        Y?1490
  D:0012H         SYMBOL        Y?15101
  C:B9EEH         SYMBOL        _?IX1000
  C:D5B9H         LINE#         9262
  C:D5BAH         LINE#         9263
  C:D5BBH         LINE#         9264
  C:D5BDH         LINE#         9265
  C:D5BEH         LINE#         9266
  C:D5C0H         LINE#         9267
  C:D5C2H         LINE#         9272
  C:D5C3H         LINE#         9273
  C:D5C4H         LINE#         9274
  C:D5C6H         LINE#         9275
  C:D5C7H         LINE#         9279
  C:D5C8H         LINE#         9280
  C:D5C9H         LINE#         9282
  C:D5CAH         LINE#         9283
  C:D5CBH         LINE#         9284
  C:D5CDH         LINE#         9285
  C:D5CFH         LINE#         9291
  C:D5D0H         LINE#         9292
  C:D5D1H         LINE#         9298
  C:D5D2H         LINE#         9299
  C:D5D5H         LINE#         9303
  C:D5D6H         LINE#         9304
  C:D5D8H         LINE#         9310
  C:D648H         LINE#         9328
  C:D64AH         LINE#         9329
  C:D64CH         LINE#         9331
  C:D64EH         LINE#         9332
  C:D650H         LINE#         9342
  C:D652H         LINE#         9345
BL51 BANKED LINKER/LOCATER V5.12                                                      02/15/2014  14:32:30  PAGE 16


  C:D654H         LINE#         9348
  C:D656H         LINE#         9351
  C:D658H         LINE#         9354
  C:D65AH         LINE#         9357
  C:D65CH         LINE#         9360
  C:D65EH         LINE#         9363
  C:D660H         LINE#         9366
  C:D67AH         LINE#         9391
  C:D67CH         LINE#         9393
  C:D67EH         LINE#         9394
  C:D67FH         LINE#         9395
  C:D680H         LINE#         9396
  C:D681H         LINE#         9406
  C:D683H         LINE#         9409
  C:D685H         LINE#         9412
  C:D687H         LINE#         9415
  C:D689H         LINE#         9418
  C:D68BH         LINE#         9421
  C:D68DH         LINE#         9424
  C:D68FH         LINE#         9427
  C:D691H         LINE#         9430
  C:D3F0H         LINE#         9446
  C:D3F1H         LINE#         9447
  C:D3F3H         LINE#         9448
  C:D3F5H         LINE#         9452
  C:D3F7H         LINE#         9455
  C:D3FAH         LINE#         9456
  C:D3FDH         LINE#         9457
  C:D3FFH         LINE#         9458
  C:D400H         LINE#         9459
  C:D403H         LINE#         9463
  C:D406H         LINE#         9467
  C:D407H         LINE#         9468
  C:D408H         LINE#         9475
  C:D40BH         LINE#         9481
  C:D40CH         LINE#         9482
  C:D40DH         LINE#         9483
  C:D40EH         LINE#         9484
  C:D410H         LINE#         9485
  C:D411H         LINE#         9486
  C:D414H         LINE#         9489
  C:D415H         LINE#         9490
  C:D417H         LINE#         9491
  C:D419H         LINE#         9492
  C:D41BH         LINE#         9493
  C:D41DH         LINE#         9497
  C:D41EH         LINE#         9498
  C:D421H         LINE#         9499
  C:D422H         LINE#         9501
  C:D425H         LINE#         9502
  C:D428H         LINE#         9506
  C:D54FH         LINE#         9523
  C:D552H         LINE#         9527
  C:D555H         LINE#         9531
  C:D556H         LINE#         9532
  C:D557H         LINE#         9539
  C:D55AH         LINE#         9545
BL51 BANKED LINKER/LOCATER V5.12                                                      02/15/2014  14:32:30  PAGE 17


  C:D55CH         LINE#         9546
  C:D55EH         LINE#         9547
  C:D561H         LINE#         9551
  C:D562H         LINE#         9552
  C:D564H         LINE#         9553
  C:D566H         LINE#         9554
  C:D568H         LINE#         9555
  C:D56AH         LINE#         9559
  C:D56BH         LINE#         9560
  C:D56EH         LINE#         9561
  C:D56FH         LINE#         9563
  C:D572H         LINE#         9564
  C:D575H         LINE#         9568
  C:D37CH         LINE#         9583
  C:D37EH         LINE#         9584
  C:D381H         LINE#         9587
  C:D382H         LINE#         9588
  C:D385H         LINE#         9591
  C:D387H         LINE#         9592
  C:D38AH         LINE#         9595
  C:D38BH         LINE#         9596
  C:D38EH         LINE#         9600
  C:D390H         LINE#         9601
  C:D393H         LINE#         9605
  C:D394H         LINE#         9606
  C:D395H         LINE#         9613
  C:D398H         LINE#         9619
  C:D39AH         LINE#         9620
  C:D39CH         LINE#         9621
  C:D39DH         LINE#         9622
  C:D39EH         LINE#         9623
  C:D39FH         LINE#         9624
  C:D3A2H         LINE#         9628
  C:D3A3H         LINE#         9629
  C:D3A5H         LINE#         9630
  C:D3A7H         LINE#         9631
  C:D3A9H         LINE#         9632
  C:D3ABH         LINE#         9636
  C:D3ACH         LINE#         9637
  C:D3AFH         LINE#         9638
  C:D3B0H         LINE#         9640
  C:D3B3H         LINE#         9641
  C:D3B6H         LINE#         9645
  C:D598H         LINE#         9662
  C:D59BH         LINE#         9666
  C:D59CH         LINE#         9667
  C:D59DH         LINE#         9668
  C:D59EH         LINE#         9675
  C:D5A1H         LINE#         9681
  C:D5A4H         LINE#         9685
  C:D5A5H         LINE#         9686
  C:D5A7H         LINE#         9687
  C:D5A9H         LINE#         9688
  C:D5ABH         LINE#         9689
  C:D5ADH         LINE#         9693
  C:D5AEH         LINE#         9694
  C:D5B1H         LINE#         9695
BL51 BANKED LINKER/LOCATER V5.12                                                      02/15/2014  14:32:30  PAGE 18


  C:D5B2H         LINE#         9697
  C:D5B5H         LINE#         9698
  C:D5B8H         LINE#         9702
  C:D193H         LINE#         9719
  C:D196H         LINE#         9723
  C:D197H         LINE#         9724
  C:D198H         LINE#         9725
  C:D199H         LINE#         9731
  C:D19CH         LINE#         9735
  C:D19DH         LINE#         9736
  C:D1A0H         LINE#         9737
  C:D1A1H         LINE#         9739
  C:D1A2H         LINE#         9740
  C:D1A4H         LINE#         9741
  C:D1A5H         LINE#         9742
  C:D1A7H         LINE#         9747
  C:D1A8H         LINE#         9748
  C:D1A9H         LINE#         9749
  C:D1AAH         LINE#         9756
  C:D1ADH         LINE#         9762
  C:D1B0H         LINE#         9766
  C:D1B1H         LINE#         9767
  C:D1B3H         LINE#         9768
  C:D1B5H         LINE#         9769
  C:D1B7H         LINE#         9770
  C:D1B9H         LINE#         9774
  C:D1BAH         LINE#         9775
  C:D1BCH         LINE#         9776
  C:D1BEH         LINE#         9782
  C:D1BFH         LINE#         9783
  C:D1C0H         LINE#         9784
  C:D1C1H         LINE#         9785
  C:D1C2H         LINE#         9786
  C:D1C3H         LINE#         9787
  C:D1C6H         LINE#         9791
  C:D1C8H         LINE#         9792
  C:D1CAH         LINE#         9793
  C:D1CCH         LINE#         9794
  C:D1CEH         LINE#         9796
  C:D1CFH         LINE#         9797
  C:D1D1H         LINE#         9798
  C:D1D3H         LINE#         9799
  C:D1D5H         LINE#         9800
  C:D1D7H         LINE#         9801
  C:D1D9H         LINE#         9805
  C:D1DAH         LINE#         9806
  C:D1DCH         LINE#         9807
  C:D1DEH         LINE#         9813
  C:D1E1H         LINE#         9817
  C:D1E2H         LINE#         9818
  C:D1E4H         LINE#         9819
  C:D1E6H         LINE#         9820
  C:D1E8H         LINE#         9821
  C:D1EAH         LINE#         9825
  C:D1EBH         LINE#         9826
  C:D1EEH         LINE#         9827
  C:D1EFH         LINE#         9829
BL51 BANKED LINKER/LOCATER V5.12                                                      02/15/2014  14:32:30  PAGE 19


  C:D1F2H         LINE#         9830
  C:D1F5H         LINE#         9835
  C:D1F6H         LINE#         9836
  C:D1F7H         LINE#         9837
  C:D1F8H         LINE#         9843
  C:D1FBH         LINE#         9847
  C:D1FCH         LINE#         9848
  C:D1FFH         LINE#         9849
  C:D200H         LINE#         9851
  C:D201H         LINE#         9852
  C:D203H         LINE#         9853
  C:D204H         LINE#         9854
  C:D206H         LINE#         9858
  C:D70FH         LINE#         9913
  C:D711H         LINE#         9916
  C:D713H         LINE#         9919
  C:D715H         LINE#         9922
  C:D717H         LINE#         9925
  C:000EH         LINE#         9933
  C:0010H         LINE#         9935
  C:0013H         LINE#         9936
  C:0015H         LINE#         9937
  C:0017H         LINE#         9939
  C:001AH         LINE#         9940
  C:001CH         LINE#         9941
  C:001DH         LINE#         9942
  C:001EH         LINE#         9951
  C:0020H         LINE#         9954
  C:D705H         LINE#         9964
  C:D706H         LINE#         9966
  C:D709H         LINE#         9967
  C:D70AH         LINE#         9976
  C:D70CH         LINE#         9979
  C:D576H         LINE#         9992
  C:D578H         LINE#         9993
  C:D57AH         LINE#         10003
  C:D57DH         LINE#         10006
  C:D580H         LINE#         10009
  C:D583H         LINE#         10012
  C:D585H         LINE#         10016
  C:D587H         LINE#         10023
  C:D589H         LINE#         10029
  C:D58BH         LINE#         10032
  C:D58DH         LINE#         10035
  C:D58FH         LINE#         10038
  C:D591H         LINE#         10041
  C:D593H         LINE#         10045
  C:D595H         LINE#         10049
  C:D597H         LINE#         10052
  C:D11BH         LINE#         10061
  C:D11DH         LINE#         10062
  C:D120H         LINE#         10063
  C:D123H         LINE#         10064
  C:D125H         LINE#         10065
  C:D127H         LINE#         10066
  C:D128H         LINE#         10068
  C:D129H         LINE#         10069
BL51 BANKED LINKER/LOCATER V5.12                                                      02/15/2014  14:32:30  PAGE 20


  C:D12AH         LINE#         10070
  C:D12BH         LINE#         10071
  C:D12CH         LINE#         10075
  C:D12EH         LINE#         10076
  C:D130H         LINE#         10077
  C:D132H         LINE#         10078
  C:D134H         LINE#         10085
  C:D136H         LINE#         10086
  C:D137H         LINE#         10087
  C:D138H         LINE#         10088
  C:D13BH         LINE#         10089
  C:D13DH         LINE#         10090
  C:D13EH         LINE#         10091
  C:D140H         LINE#         10092
  C:D143H         LINE#         10095
  C:D145H         LINE#         10096
  C:D146H         LINE#         10097
  C:D147H         LINE#         10098
  C:D14AH         LINE#         10099
  C:D14CH         LINE#         10100
  C:D14DH         LINE#         10101
  C:D14FH         LINE#         10102
  C:D152H         LINE#         10106
  C:D154H         LINE#         10107
  C:D155H         LINE#         10108
  C:D156H         LINE#         10109
  C:D159H         LINE#         10110
  C:D15BH         LINE#         10111
  C:D15CH         LINE#         10112
  C:D15EH         LINE#         10113
  C:D161H         LINE#         10116
  C:D163H         LINE#         10117
  C:D164H         LINE#         10118
  C:D165H         LINE#         10119
  C:D168H         LINE#         10120
  C:D16AH         LINE#         10121
  C:D16BH         LINE#         10122
  C:D16DH         LINE#         10123
  C:D170H         LINE#         10126
  C:D172H         LINE#         10127
  C:D173H         LINE#         10128
  C:D174H         LINE#         10129
  C:D177H         LINE#         10130
  C:D179H         LINE#         10131
  C:D17BH         LINE#         10132
  C:D17EH         LINE#         10135
  C:D180H         LINE#         10136
  C:D181H         LINE#         10137
  C:D184H         LINE#         10138
  C:D186H         LINE#         10139
  C:D187H         LINE#         10140
  C:D189H         LINE#         10141
  C:D18CH         LINE#         10145
  C:D18EH         LINE#         10146
  C:D18FH         LINE#         10147
  C:D190H         LINE#         10148
  C:CB1BH         LINE#         10161
BL51 BANKED LINKER/LOCATER V5.12                                                      02/15/2014  14:32:30  PAGE 21


  C:CB1DH         LINE#         10162
  C:CB1FH         LINE#         10163
  C:CB21H         LINE#         10164
  C:CB23H         LINE#         10165
  C:CB25H         LINE#         10166
  C:CB27H         LINE#         10180
  C:CB29H         LINE#         10181
  C:CB2BH         LINE#         10182
  C:CB2DH         LINE#         10183
  C:CB2FH         LINE#         10184
  C:CB31H         LINE#         10185
  C:CB33H         LINE#         10186
  C:CB35H         LINE#         10187
  C:CB37H         LINE#         10188
  C:CB3AH         LINE#         10192
  C:CB3CH         LINE#         10193
  C:CB3FH         LINE#         10194
  C:CB40H         LINE#         10195
  C:CB42H         LINE#         10196
  C:CB43H         LINE#         10197
  C:CB45H         LINE#         10198
  C:CB46H         LINE#         10199
  C:CB47H         LINE#         10200
  C:CB48H         LINE#         10201
  C:CB49H         LINE#         10202
  C:CB4AH         LINE#         10203
  C:CB4BH         LINE#         10208
  C:CB4DH         LINE#         10209
  C:CB4FH         LINE#         10210
  C:CB51H         LINE#         10215
  C:CB53H         LINE#         10216
  C:CB56H         LINE#         10219
  C:CB58H         LINE#         10220
  C:CB5BH         LINE#         10223
  C:CB5DH         LINE#         10224
  C:CB60H         LINE#         10227
  C:CB62H         LINE#         10234
  C:CB64H         LINE#         10235
  C:CB66H         LINE#         10236
  C:CB68H         LINE#         10237
  C:CB6AH         LINE#         10242
  C:CB6CH         LINE#         10243
  C:CB6FH         LINE#         10246
  C:CB71H         LINE#         10247
  C:CB74H         LINE#         10250
  C:CB76H         LINE#         10251
  C:CB79H         LINE#         10254
  C:CB7BH         LINE#         10261
  C:CB7DH         LINE#         10262
  C:CB7FH         LINE#         10263
  C:CB81H         LINE#         10264
  C:CB83H         LINE#         10269
  C:CB85H         LINE#         10270
  C:CB88H         LINE#         10273
  C:CB8AH         LINE#         10274
  C:CB8DH         LINE#         10277
  C:CB8FH         LINE#         10278
BL51 BANKED LINKER/LOCATER V5.12                                                      02/15/2014  14:32:30  PAGE 22


  C:CB92H         LINE#         10288
  C:CB94H         LINE#         10289
  C:CB95H         LINE#         10290
  C:CB96H         LINE#         10291
  C:CB98H         LINE#         10292
  C:CB99H         LINE#         10293
  C:CB9AH         LINE#         10294
  C:CB9CH         LINE#         10295
  C:CB9DH         LINE#         10296
  C:CB9EH         LINE#         10297
  C:CBA0H         LINE#         10298
  C:CBA1H         LINE#         10299
  C:CBA3H         LINE#         10300
  C:CBA5H         LINE#         10301
  C:CBA8H         LINE#         10302
  C:CBA9H         LINE#         10303
  C:CBAAH         LINE#         10304
  C:CBABH         LINE#         10305
  C:CBACH         LINE#         10306
  C:CBADH         LINE#         10307
  C:CBAFH         LINE#         10308
  C:CBB1H         LINE#         10309
  C:CBB3H         LINE#         10313
  C:CBB5H         LINE#         10314
  C:CBB7H         LINE#         10315
  C:CBB8H         LINE#         10316
  C:CBBAH         LINE#         10317
  C:CBBCH         LINE#         10318
  C:CBBDH         LINE#         10319
  C:CBBFH         LINE#         10320
  C:CBC1H         LINE#         10321
  C:CBC3H         LINE#         10322
  C:CBC5H         LINE#         10323
  C:CBC7H         LINE#         10324
  C:CBC9H         LINE#         10325
  C:CBCBH         LINE#         10326
  C:CBCDH         LINE#         10327
  C:CBCFH         LINE#         10328
  C:CBD1H         LINE#         10329
  C:CBD4H         LINE#         10333
  C:CBD5H         LINE#         10334
  C:CBD7H         LINE#         10335
  C:CBD9H         LINE#         10337
  C:CBDAH         LINE#         10338
  C:CBDCH         LINE#         10339
  C:CBDEH         LINE#         10340
  C:CBE0H         LINE#         10341
  C:CBE2H         LINE#         10342
  C:CBE4H         LINE#         10343
  C:CBE7H         LINE#         10348
  C:CBE9H         LINE#         10349
  C:CBEBH         LINE#         10350
  C:CBEDH         LINE#         10351
  C:CBEFH         LINE#         10352
  C:CBF1H         LINE#         10353
  C:CBF3H         LINE#         10355
  C:CBF4H         LINE#         10356
BL51 BANKED LINKER/LOCATER V5.12                                                      02/15/2014  14:32:30  PAGE 23


  C:CBF5H         LINE#         10357
  C:CBF8H         LINE#         10358
  C:CBFBH         LINE#         10359
  C:CBFDH         LINE#         10362
  C:CBFFH         LINE#         10363
  C:CC01H         LINE#         10364
  C:CC03H         LINE#         10369
  C:CC05H         LINE#         10370
  C:CC07H         LINE#         10371
  C:CC08H         LINE#         10372
  C:CC0AH         LINE#         10373
  C:CC0DH         LINE#         10374
  C:CC0EH         LINE#         10375
  C:CC0FH         LINE#         10376
  C:CC11H         LINE#         10379
  C:CC13H         LINE#         10380
  C:CC15H         LINE#         10385
  C:CC18H         LINE#         10386
  C:CC1BH         LINE#         10389
  C:CC1DH         LINE#         10394
  C:CC20H         LINE#         10396
  C:CC23H         LINE#         10401
  C:CC24H         LINE#         10402
  C:CC25H         LINE#         10403
  C:CC26H         LINE#         10405
  C:CC27H         LINE#         10406
  C:CC28H         LINE#         10407
  C:CC2AH         LINE#         10408
  C:CC2CH         LINE#         10409
  C:CC2EH         LINE#         10410
  C:CC2FH         LINE#         10411
  C:CC30H         LINE#         10412
  C:CC32H         LINE#         10413
  C:CC33H         LINE#         10414
  C:CC35H         LINE#         10419
  C:CC37H         LINE#         10420
  C:CC39H         LINE#         10421
  C:CC3BH         LINE#         10422
  C:CC3DH         LINE#         10423
  C:CC3EH         LINE#         10424
  C:CC40H         LINE#         10426
  C:CC41H         LINE#         10427
  C:CC43H         LINE#         10428
  C:CC44H         LINE#         10429
  C:CC45H         LINE#         10430
  C:CC46H         LINE#         10432
  C:CC48H         LINE#         10433
  C:CC4BH         LINE#         10439
  C:CC4DH         LINE#         10440
  C:CC4EH         LINE#         10441
  C:CC50H         LINE#         10444
  C:CC52H         LINE#         10451
  C:CC54H         LINE#         10452
  C:CC55H         LINE#         10453
  C:CC57H         LINE#         10455
  C:CC5AH         LINE#         10461
  C:CC5BH         LINE#         10462
BL51 BANKED LINKER/LOCATER V5.12                                                      02/15/2014  14:32:30  PAGE 24


  C:CC5EH         LINE#         10463
  C:CC5FH         LINE#         10465
  C:CC61H         LINE#         10469
  C:CC63H         LINE#         10470
  C:CC65H         LINE#         10471
  C:CC67H         LINE#         10472
  C:CC69H         LINE#         10474
  C:CC6CH         LINE#         10478
  C:CE92H         LINE#         10490
  C:CE94H         LINE#         10491
  C:CE96H         LINE#         10505
  C:CE99H         LINE#         10506
  C:CE9CH         LINE#         10509
  C:CE9FH         LINE#         10510
  C:CEA2H         LINE#         10514
  C:CEA3H         LINE#         10515
  C:CEA5H         LINE#         10516
  C:CEA7H         LINE#         10517
  C:CEA8H         LINE#         10518
  C:CEA9H         LINE#         10519
  C:CEABH         LINE#         10520
  C:CEACH         LINE#         10521
  C:CEADH         LINE#         10522
  C:CEAEH         LINE#         10523
  C:CEAFH         LINE#         10524
  C:CEB0H         LINE#         10525
  C:CEB1H         LINE#         10526
  C:CEB3H         LINE#         10527
  C:CEB6H         LINE#         10528
  C:CEB7H         LINE#         10529
  C:CEB9H         LINE#         10530
  C:CEBBH         LINE#         10531
  C:CEBCH         LINE#         10532
  C:CEBEH         LINE#         10533
  C:CEC0H         LINE#         10534
  C:CEC1H         LINE#         10535
  C:CEC2H         LINE#         10536
  C:CEC3H         LINE#         10537
  C:CEC4H         LINE#         10538
  C:CEC5H         LINE#         10539
  C:CEC6H         LINE#         10540
  C:CEC8H         LINE#         10541
  C:CECBH         LINE#         10547
  C:CECDH         LINE#         10548
  C:CECEH         LINE#         10549
  C:CECFH         LINE#         10550
  C:CED1H         LINE#         10551
  C:CED2H         LINE#         10552
  C:CED3H         LINE#         10553
  C:CED5H         LINE#         10554
  C:CED6H         LINE#         10555
  C:CED8H         LINE#         10556
  C:CED9H         LINE#         10557
  C:CEDBH         LINE#         10558
  C:CEDCH         LINE#         10559
  C:CEDEH         LINE#         10560
  C:CEE0H         LINE#         10561
BL51 BANKED LINKER/LOCATER V5.12                                                      02/15/2014  14:32:30  PAGE 25


  C:CEE1H         LINE#         10562
  C:CEE3H         LINE#         10563
  C:CEE5H         LINE#         10564
  C:CEE7H         LINE#         10565
  C:CEE9H         LINE#         10566
  C:CEEBH         LINE#         10567
  C:CEEDH         LINE#         10568
  C:CEEFH         LINE#         10569
  C:CEF2H         LINE#         10572
  C:CEF4H         LINE#         10573
  C:CEF6H         LINE#         10574
  C:CEF8H         LINE#         10577
  C:CEFAH         LINE#         10578
  C:CEFCH         LINE#         10579
  C:CEFEH         LINE#         10580
  C:CF00H         LINE#         10581
  C:CF03H         LINE#         10582
  C:CF04H         LINE#         10583
  C:CF06H         LINE#         10585
  C:CF07H         LINE#         10586
  C:CF08H         LINE#         10587
  C:CF09H         LINE#         10588
  C:CF0AH         LINE#         10589
  C:CF0BH         LINE#         10590
  C:CF0DH         LINE#         10592
  C:CF0EH         LINE#         10596
  C:CF0FH         LINE#         10597
  C:CF10H         LINE#         10599
  C:CF11H         LINE#         10600
  C:CF12H         LINE#         10601
  C:CF13H         LINE#         10602
  C:CF15H         LINE#         10609
  C:CF17H         LINE#         10610
  C:CF18H         LINE#         10611
  C:CF19H         LINE#         10612
  C:CF1BH         LINE#         10613
  C:CF1CH         LINE#         10614
  C:CF1FH         LINE#         10615
  C:CF22H         LINE#         10616
  C:CF23H         LINE#         10617
  C:CF26H         LINE#         10618
  C:CF27H         LINE#         10619
  C:CF2AH         LINE#         10620
  C:CF2BH         LINE#         10621
  C:CF2DH         LINE#         10622
  C:CF2FH         LINE#         10623
  C:CF31H         LINE#         10624
  C:CF32H         LINE#         10625
  C:CF34H         LINE#         10626
  C:CF35H         LINE#         10627
  C:CF37H         LINE#         10628
  C:CF39H         LINE#         10629
  C:CF3AH         LINE#         10630
  C:CF3BH         LINE#         10632
  C:CF3CH         LINE#         10637
  C:CF3DH         LINE#         10638
  C:CF3EH         LINE#         10644
BL51 BANKED LINKER/LOCATER V5.12                                                      02/15/2014  14:32:30  PAGE 26


  C:CF3FH         LINE#         10645
  C:CF42H         LINE#         10648
  C:CF44H         LINE#         10649
  C:CF45H         LINE#         10650
  C:CF47H         LINE#         10651
  C:CF49H         LINE#         10656
  C:CF4BH         LINE#         10657
  C:CF4CH         LINE#         10658
  C:CF4EH         LINE#         10660
  C:CF51H         LINE#         10664
  C:CF52H         LINE#         10665
  C:CF54H         LINE#         10666
  C:CF55H         LINE#         10669
  C:CF56H         LINE#         10670
  C:CF59H         LINE#         10674
  C:CF5AH         LINE#         10675
  C:CF5CH         LINE#         10679
  C:D2AEH         LINE#         10691
  C:D2B0H         LINE#         10692
  C:D2B2H         LINE#         10693
  C:D2B4H         LINE#         10694
  C:D2B6H         LINE#         10695
  C:D2B8H         LINE#         10696
  C:D2BAH         LINE#         10702
  C:D2BCH         LINE#         10703
  C:D2BEH         LINE#         10704
  C:D2C0H         LINE#         10705
  C:D2C3H         LINE#         10706
  C:D2C4H         LINE#         10707
  C:D2C6H         LINE#         10712
  C:D2C9H         LINE#         10713
  C:D2CCH         LINE#         10714
  C:D2CEH         LINE#         10715
  C:D2D0H         LINE#         10716
  C:D2D2H         LINE#         10717
  C:D2D4H         LINE#         10718
  C:D2D6H         LINE#         10719
  C:D2D8H         LINE#         10720
  C:D2DAH         LINE#         10721
  C:D2DDH         LINE#         10725
  C:D2DFH         LINE#         10726
  C:D2E1H         LINE#         10727
  C:D2E3H         LINE#         10728
  C:D2E4H         LINE#         10729
  C:D2E6H         LINE#         10730
  C:D2E8H         LINE#         10733
  C:D2EAH         LINE#         10734
  C:D2ECH         LINE#         10735
  C:D2EEH         LINE#         10736
  C:D2EFH         LINE#         10737
  C:D2F1H         LINE#         10738
  C:D2F3H         LINE#         10741
  C:D2F5H         LINE#         10745
  C:C7B0H         LINE#         10763
  C:C7B2H         LINE#         10766
  C:C7B4H         LINE#         10767
  C:C7B6H         LINE#         10768
BL51 BANKED LINKER/LOCATER V5.12                                                      02/15/2014  14:32:30  PAGE 27


  C:C7B9H         LINE#         10771
  C:C7BBH         LINE#         10775
  C:C7BDH         LINE#         10779
  C:C7BFH         LINE#         10780
  C:C7C0H         LINE#         10781
  C:C7C3H         LINE#         10784
  C:C7C5H         LINE#         10785
  C:C7C6H         LINE#         10789
  C:C7C9H         LINE#         10790
  C:C7CBH         LINE#         10791
  C:C7CEH         LINE#         10794
  C:C7D0H         LINE#         10795
  C:C7D3H         LINE#         10796
  C:C7D5H         LINE#         10797
  C:C7D8H         LINE#         10800
  C:C7D9H         LINE#         10801
  C:C7DAH         LINE#         10802
  C:C7DDH         LINE#         10803
  C:C7DFH         LINE#         10804
  C:C7E2H         LINE#         10807
  C:C7E4H         LINE#         10808
  C:C7E7H         LINE#         10809
  C:C7E9H         LINE#         10810
  C:C7EBH         LINE#         10811
  C:C7EEH         LINE#         10814
  C:C7F0H         LINE#         10815
  C:C7F1H         LINE#         10816
  C:C7F4H         LINE#         10817
  C:C7F5H         LINE#         10818
  C:C7F7H         LINE#         10819
  C:C7FAH         LINE#         10822
  C:C7FCH         LINE#         10823
  C:C7FDH         LINE#         10824
  C:C800H         LINE#         10825
  C:C801H         LINE#         10830
  C:C804H         LINE#         10831
  C:C806H         LINE#         10836
  C:C809H         LINE#         10837
  C:C80BH         LINE#         10838
  C:C80DH         LINE#         10843
  C:C810H         LINE#         10844
  C:C812H         LINE#         10845
  C:C814H         LINE#         10846
  C:C817H         LINE#         10849
  C:C819H         LINE#         10850
  C:C81BH         LINE#         10853
  C:C81EH         LINE#         10854
  C:C820H         LINE#         10855
  C:C822H         LINE#         10856
  C:C825H         LINE#         10859
  C:C827H         LINE#         10860
  C:C829H         LINE#         10861
  C:C82CH         LINE#         10864
  C:C82EH         LINE#         10865
  C:C82FH         LINE#         10866
  C:C830H         LINE#         10867
  C:C833H         LINE#         10868
BL51 BANKED LINKER/LOCATER V5.12                                                      02/15/2014  14:32:30  PAGE 28


  C:C835H         LINE#         10869
  C:C836H         LINE#         10870
  C:C839H         LINE#         10873
  C:C83BH         LINE#         10874
  C:C83CH         LINE#         10875
  C:C83FH         LINE#         10876
  C:C840H         LINE#         10877
  C:C841H         LINE#         10878
  C:C844H         LINE#         10881
  C:C846H         LINE#         10882
  C:C847H         LINE#         10883
  C:C84AH         LINE#         10884
  C:C84CH         LINE#         10885
  C:C84EH         LINE#         10886
  C:C851H         LINE#         10889
  C:C853H         LINE#         10890
  C:C854H         LINE#         10891
  C:C857H         LINE#         10892
  C:C859H         LINE#         10893
  C:C85CH         LINE#         10896
  C:C85EH         LINE#         10897
  C:C85FH         LINE#         10898
  C:C862H         LINE#         10899
  C:C864H         LINE#         10900
  C:C866H         LINE#         10901
  C:C869H         LINE#         10904
  C:C86BH         LINE#         10905
  C:C86EH         LINE#         10909
  C:C870H         LINE#         10910
  C:C873H         LINE#         10911
  C:C875H         LINE#         10912
  C:C878H         LINE#         10915
  C:C87AH         LINE#         10916
  C:C87DH         LINE#         10919
  C:C87FH         LINE#         10920
  C:C882H         LINE#         10921
  C:C884H         LINE#         10922
  C:C885H         LINE#         10923
  C:C888H         LINE#         10926
  C:C88AH         LINE#         10927
  C:C88BH         LINE#         10928
  C:C88EH         LINE#         10931
  C:C890H         LINE#         10932
  C:C893H         LINE#         10933
  C:C895H         LINE#         10934
  C:C898H         LINE#         10937
  C:C89AH         LINE#         10938
  C:C89DH         LINE#         10941
  C:C89FH         LINE#         10942
  C:C8A2H         LINE#         10943
  C:C8A4H         LINE#         10944
  C:C8A5H         LINE#         10945
  C:C8A8H         LINE#         10948
  C:C8AAH         LINE#         10949
  C:C8ABH         LINE#         10950
  C:C8AEH         LINE#         10953
  C:C8B0H         LINE#         10954
BL51 BANKED LINKER/LOCATER V5.12                                                      02/15/2014  14:32:30  PAGE 29


  C:C8B3H         LINE#         10955
  C:C8B5H         LINE#         10956
  C:C8B6H         LINE#         10957
  C:C8B9H         LINE#         10961
  C:C8BBH         LINE#         10962
  C:C8BCH         LINE#         10963
  C:C8BFH         LINE#         10964
  C:C8C1H         LINE#         10965
  C:C8C3H         LINE#         10966
  C:C8C6H         LINE#         10969
  C:C8C8H         LINE#         10970
  C:C8C9H         LINE#         10971
  C:C8CCH         LINE#         10972
  C:C8CEH         LINE#         10973
  C:C8D0H         LINE#         10974
  C:C8D3H         LINE#         10977
  C:C8D5H         LINE#         10978
  C:C8D6H         LINE#         10979
  C:C8D9H         LINE#         10980
  C:C8DBH         LINE#         10981
  C:C8DDH         LINE#         10982
  C:C8E0H         LINE#         10985
  C:C8E2H         LINE#         10986
  C:C8E3H         LINE#         10987
  C:C8E6H         LINE#         10988
  C:C8E8H         LINE#         10989
  C:C8E9H         LINE#         10990
  C:C8ECH         LINE#         10993
  C:C8EEH         LINE#         10994
  C:C8EFH         LINE#         10995
  C:C8F2H         LINE#         10996
  C:C8F4H         LINE#         10997
  C:C8F6H         LINE#         10998
  C:C8F9H         LINE#         11001
  C:C8FBH         LINE#         11002
  C:C8FCH         LINE#         11003
  C:C8FFH         LINE#         11004
  C:C901H         LINE#         11005
  C:C903H         LINE#         11006
  C:C906H         LINE#         11009
  C:C908H         LINE#         11010
  C:C909H         LINE#         11011
  C:C90CH         LINE#         11012
  C:C90DH         LINE#         11013
  C:C90EH         LINE#         11014
  C:C911H         LINE#         11017
  C:C913H         LINE#         11018
  C:C914H         LINE#         11019
  C:C917H         LINE#         11020
  C:C919H         LINE#         11021
  C:C91BH         LINE#         11022
  C:C91EH         LINE#         11025
  C:C920H         LINE#         11026
  C:C921H         LINE#         11027
  C:C924H         LINE#         11028
  C:C926H         LINE#         11029
  C:C928H         LINE#         11030
BL51 BANKED LINKER/LOCATER V5.12                                                      02/15/2014  14:32:30  PAGE 30


  C:C92BH         LINE#         11034
  C:C92DH         LINE#         11035
  C:C930H         LINE#         11038
  C:C932H         LINE#         11039
  C:C935H         LINE#         11044
  C:C937H         LINE#         11045
  C:C93AH         LINE#         11046
  C:C93CH         LINE#         11047
  C:C93EH         LINE#         11048
  C:C941H         LINE#         11051
  C:C943H         LINE#         11052
  C:C945H         LINE#         11053
  C:C948H         LINE#         11056
  C:C94AH         LINE#         11057
  C:C94BH         LINE#         11058
  C:C94CH         LINE#         11059
  C:C94FH         LINE#         11060
  C:C951H         LINE#         11061
  C:C954H         LINE#         11064
  C:C956H         LINE#         11065
  C:C957H         LINE#         11066
  C:C95AH         LINE#         11069
  C:C95CH         LINE#         11070
  C:C95DH         LINE#         11071
  C:C95EH         LINE#         11072
  C:C961H         LINE#         11073
  C:C963H         LINE#         11074
  C:C966H         LINE#         11078
  C:C968H         LINE#         11081
  -------         ENDMOD        S6D0154

  -------         MODULE        SERIAL
  C:0000H         SYMBOL        _ICE_DUMMY_
  D:005FH         PUBLIC        get_i
  D:00A8H         PUBLIC        IE
  D:00B8H         PUBLIC        IP
  C:D0A0H         PUBLIC        UART_Interrupt_Receive
  B:0098H.0       PUBLIC        RI
  B:0098H.1       PUBLIC        TI
  D:00D8H         PUBLIC        CCON
  C:D718H         PUBLIC        soft_reset_to_ISP_Monitor
  D:0099H         PUBLIC        SBUF
  D:0098H         PUBLIC        SCON
  D:0088H         PUBLIC        TCON
  D:00C7H         PUBLIC        IAP_CONTR
  D:0060H         PUBLIC        DataToSend
  C:D6ECH         PUBLIC        _SerialSend
  D:0062H         PUBLIC        LenToSend
  D:00D0H         PUBLIC        PSW
  -------         PROC          SOFT_RESET_TO_ISP_MONITOR
  C:D718H         LINE#         17
  C:D718H         LINE#         18
  C:D718H         LINE#         19
  C:D71BH         LINE#         20
  -------         ENDPROC       SOFT_RESET_TO_ISP_MONITOR
  -------         PROC          UART_INTERRUPT_RECEIVE
  -------         DO            
BL51 BANKED LINKER/LOCATER V5.12                                                      02/15/2014  14:32:30  PAGE 31


  D:0007H         SYMBOL        k
  -------         ENDDO         
  C:D0A0H         LINE#         22
  C:D0BDH         LINE#         26
  C:D0C0H         LINE#         27
  C:D0C0H         LINE#         28
  C:D0C2H         LINE#         29
  C:D0C4H         LINE#         30
  C:D0CCH         LINE#         31
  C:D0CCH         LINE#         32
  C:D0CEH         LINE#         33
  C:D0D4H         LINE#         34
  C:D0D4H         LINE#         35
  C:D0DAH         LINE#         36
  C:D0DDH         LINE#         37
  C:D0DDH         LINE#         38
  C:D0DFH         LINE#         40
  C:D0DFH         LINE#         41
  C:D0E6H         LINE#         42
  C:D0E6H         LINE#         43
  C:D0E9H         LINE#         44
  C:D0E9H         LINE#         45
  C:D0ECH         LINE#         46
  C:D0ECH         LINE#         47
  C:D0EEH         LINE#         49
  C:D0EEH         LINE#         50
  C:D0F0H         LINE#         51
  C:D0F4H         LINE#         52
  C:D0F4H         LINE#         53
  C:D0F7H         LINE#         54
  C:D0F7H         LINE#         55
  C:D0FDH         LINE#         57
  C:D100H         LINE#         58
  C:D100H         LINE#         59
  C:D100H         LINE#         60
  -------         ENDPROC       UART_INTERRUPT_RECEIVE
  -------         PROC          _SERIALSEND
  D:0006H         SYMBOL        Data
  D:0005H         SYMBOL        Len
  C:D6ECH         LINE#         62
  C:D6ECH         LINE#         63
  C:D6ECH         LINE#         64
  C:D6EFH         LINE#         65
  C:D6EFH         LINE#         66
  C:D6F1H         LINE#         67
  C:D6F2H         LINE#         68
  C:D6F2H         LINE#         69
  C:D6F4H         LINE#         70
  C:D6F8H         LINE#         71
  -------         ENDPROC       _SERIALSEND
  -------         ENDMOD        SERIAL

  -------         MODULE        FAT3216
  C:0000H         SYMBOL        _ICE_DUMMY_
  D:0090H         PUBLIC        P1
  D:00C0H         PUBLIC        P4
  D:0035H         PUBLIC        Cluster_size
BL51 BANKED LINKER/LOCATER V5.12                                                      02/15/2014  14:32:30  PAGE 32


  D:0036H         PUBLIC        Next_cluster
  D:00A8H         PUBLIC        IE
  D:003AH         PUBLIC        Shift_bits
  D:003BH         PUBLIC        Dat_base
  D:00B8H         PUBLIC        IP
  C:D6D0H         PUBLIC        _HalftoASC
  C:CC6DH         PUBLIC        Readfile
  D:00D8H         PUBLIC        CCON
  D:003FH         PUBLIC        BPB_RootEntCnt
  D:0098H         PUBLIC        SCON
  D:0088H         PUBLIC        TCON
  C:C1C7H         PUBLIC        Get_disk_info
  D:0041H         PUBLIC        FatType
  B:0090H.0       PUBLIC        LCD_CS
  C:CF63H         PUBLIC        _HEXtoASCL
  D:0042H         PUBLIC        FAT_base
  X:0000H         PUBLIC        Buffer
  I:007BH         PUBLIC        BufferChar
  D:0046H         PUBLIC        gSector_count
  D:0047H         PUBLIC        File_length
  C:BEC1H         PUBLIC        _Scan_file
  D:00D0H         PUBLIC        PSW
  D:004BH         PUBLIC        Addr
  C:CF5EH         SYMBOL        L?0098
  -------         PROC          L?0097
  -------         ENDPROC       L?0097
  C:CF5EH         SYMBOL        L?0098
  -------         PROC          _HEXTOASCL
  D:000EH         SYMBOL        HEX
  D:0012H         SYMBOL        index
  D:0013H         SYMBOL        len
  -------         DO            
  D:0002H         SYMBOL        i
  D:0001H         SYMBOL        j
  D:0003H         SYMBOL        temp
  D:0014H         SYMBOL        tempi
  -------         ENDDO         
  C:CF63H         LINE#         33
  C:CF6BH         LINE#         34
  C:CF6BH         LINE#         37
  C:CF80H         LINE#         38
  C:CF80H         LINE#         39
  C:CF83H         LINE#         40
  C:CF86H         LINE#         41
  C:CF86H         LINE#         42
  C:CF8BH         LINE#         43
  C:CF92H         LINE#         44
  C:CF95H         LINE#         45
  C:CF95H         LINE#         46
  C:CF96H         LINE#         47
  C:CF98H         LINE#         48
  C:CF98H         LINE#         49
  C:CF9BH         LINE#         50
  C:CFAEH         LINE#         52
  C:CFB4H         LINE#         54
  C:CFB4H         LINE#         55
  C:CFB7H         LINE#         56
BL51 BANKED LINKER/LOCATER V5.12                                                      02/15/2014  14:32:30  PAGE 33


  C:CFB7H         LINE#         57
  C:CFBAH         LINE#         58
  C:CFC2H         LINE#         59
  C:CFC5H         LINE#         60
  C:CFCAH         LINE#         61
  C:CFCDH         LINE#         62
  C:CFDDH         LINE#         64
  C:CFDFH         LINE#         65
  C:CFE2H         LINE#         66
  C:CFE9H         LINE#         67
  C:CFEDH         LINE#         69
  C:CFF7H         LINE#         70
  C:CFF9H         LINE#         71
  C:CFFCH         LINE#         72
  C:CFFEH         LINE#         73
  C:D004H         LINE#         74
  C:D00AH         LINE#         75
  C:D011H         LINE#         76
  C:D013H         LINE#         77
  -------         ENDPROC       _HEXTOASCL
  -------         PROC          _HALFTOASC
  D:0007H         SYMBOL        half
  -------         DO            
  D:0006H         SYMBOL        i
  -------         ENDDO         
  C:D6D0H         LINE#         79
  C:D6D0H         LINE#         80
  C:D6D0H         LINE#         81
  C:D6D2H         LINE#         82
  C:D6D8H         LINE#         83
  C:D6DAH         LINE#         86
  C:D6DDH         LINE#         87
  -------         ENDPROC       _HALFTOASC
  -------         PROC          GET_DISK_INFO
  -------         DO            
  D:0006H         SYMBOL        Reserved
  D:000AH         SYMBOL        Signature
  D:000BH         SYMBOL        i
  D:000CH         SYMBOL        res
  -------         ENDDO         
  C:C1C7H         LINE#         90
  C:C1C7H         LINE#         91
  C:C1C7H         LINE#         114
  C:C1CAH         LINE#         115
  C:C1D2H         LINE#         116
  C:C1D5H         LINE#         117
  C:C1D8H         LINE#         119
  C:C1DDH         LINE#         120
  C:C1E0H         LINE#         121
  C:C1E5H         LINE#         123
  C:C1EAH         LINE#         124
  C:C1EAH         LINE#         125
  C:C1EFH         LINE#         126
  C:C1F1H         LINE#         128
  C:C1F1H         LINE#         129
  C:C1F4H         LINE#         130
  C:C1F4H         LINE#         131
BL51 BANKED LINKER/LOCATER V5.12                                                      02/15/2014  14:32:30  PAGE 34


  C:C1F4H         LINE#         132
  C:C1F9H         LINE#         133
  C:C206H         LINE#         134
  C:C206H         LINE#         135
  C:C20CH         LINE#         136
  C:C212H         LINE#         137
  C:C214H         LINE#         138
  C:C216H         LINE#         141
  C:C22BH         LINE#         144
  C:C238H         LINE#         145
  C:C238H         LINE#         146
  C:C238H         LINE#         148
  C:C238H         LINE#         149
  C:C23BH         LINE#         150
  C:C23BH         LINE#         151
  C:C240H         LINE#         152
  C:C243H         LINE#         153
  C:C243H         LINE#         154
  C:C243H         LINE#         155
  C:C245H         LINE#         156
  C:C245H         LINE#         158
  C:C24AH         LINE#         159
  C:C24FH         LINE#         160
  C:C252H         LINE#         161
  C:C258H         LINE#         162
  C:C263H         LINE#         163
  C:C263H         LINE#         164
  C:C268H         LINE#         165
  C:C26BH         LINE#         166
  C:C26EH         LINE#         167
  C:C26EH         LINE#         170
  C:C271H         LINE#         171
  C:C274H         LINE#         172
  C:C279H         LINE#         175
  C:C281H         LINE#         176
  C:C281H         LINE#         177
  C:C286H         LINE#         178
  C:C289H         LINE#         179
  C:C289H         LINE#         180
  C:C2A3H         LINE#         186
  C:C2A3H         LINE#         187
[...]
  C:D4EAH         LINE#         358
  C:D4EAH         LINE#         359
  C:D4EFH         LINE#         360
  C:D4EFH         LINE#         361
  C:D4EFH         LINE#         362
  C:D4EFH         LINE#         363
  C:D4F5H         LINE#         364
  -------         ENDPROC       SD_SEND_READ_CMD
  -------         PROC          SD_READ_BLOCK_COMPLETE
  C:D6DEH         LINE#         367
  C:D6DEH         LINE#         368
  C:D6DEH         LINE#         369
  C:D6E1H         LINE#         370
  C:D6E4H         LINE#         371
  C:D6E6H         LINE#         372
  C:D6E9H         LINE#         373
  C:D6EBH         LINE#         374
  -------         ENDPROC       SD_READ_BLOCK_COMPLETE
  -------         ENDMOD        SD_MMC
BL51 BANKED LINKER/LOCATER V5.12                                                      02/15/2014  14:32:30  PAGE 45



  -------         MODULE        SHOWIMG51
  C:D45DH         SEGMENT       ?PR?SHOW_ROMIMAGE?SHOWIMG51
  C:C969H         SEGMENT       ?PR?SHOW_TFIMAGE?SHOWIMG51
  D:000AH         SEGMENT       ?DT?SHOW_TFIMAGE?SHOWIMG51
  C:0026H         SEGMENT       ?CO?SHOWIMG51
  C:0026H         PUBLIC        IMAGE
  C:D45DH         PUBLIC        SHOW_ROMIMAGE
  C:C969H         PUBLIC        SHOW_TFIMAGE
  C:D475H         SYMBOL        ?C0001
  C:D48EH         SYMBOL        ?C0003
  C:D47AH         SYMBOL        ?C0004
  C:D48CH         SYMBOL        ?C0006
  C:D47CH         SYMBOL        ?C0007
  C:D490H         SYMBOL        ?C0010
  C:C985H         SYMBOL        ?C0011
  C:CB18H         SYMBOL        ?C0012
  C:CB07H         SYMBOL        ?C0013
  C:CA30H         SYMBOL        ?C0014
  C:CAE0H         SYMBOL        ?C0015
  C:CA4EH         SYMBOL        ?C0016
  C:CA94H         SYMBOL        ?C0017
  C:CAD5H         SYMBOL        ?C0018
  C:CB1AH         SYMBOL        ?C0020
  C:CB0FH         SYMBOL        ?C0024
  D:000AH         SYMBOL        ?SHOW_TFIMAGE?BYTE
  B:00D0H.6       SYMBOL        AC
  D:00E0H         SYMBOL        ACC
  D:00BCH         SYMBOL        ADC_CONTR
  D:00BDH         SYMBOL        ADC_RES
  D:00BEH         SYMBOL        ADC_RESL
  D:008EH         SYMBOL        AUXR
  D:00A2H         SYMBOL        AUXR1
  D:00F0H         SYMBOL        B
  D:009CH         SYMBOL        BRT
  D:00A1H         SYMBOL        BUS_SPEED
  D:00FAH         SYMBOL        CCAP0H
  D:00EAH         SYMBOL        CCAP0L
  D:00FBH         SYMBOL        CCAP1H
  D:00EBH         SYMBOL        CCAP1L
  D:00DAH         SYMBOL        CCAPM0
  D:00DBH         SYMBOL        CCAPM1
  B:00D8H.0       SYMBOL        CCF0
  B:00D8H.1       SYMBOL        CCF1
  D:00D8H         SYMBOL        CCON
  B:00D8H.7       SYMBOL        CF
  D:00F9H         SYMBOL        CH
  D:00E9H         SYMBOL        CL
  B:00C0H.2       SYMBOL        CLK
  D:0097H         SYMBOL        CLK_DIV
  D:00D9H         SYMBOL        CMOD
  B:00D8H.6       SYMBOL        CR
  B:00C0H.0       SYMBOL        CS
  B:00D0H.7       SYMBOL        CY
  D:0083H         SYMBOL        DPH
  D:0082H         SYMBOL        DPL
  B:00A8H.7       SYMBOL        EA
BL51 BANKED LINKER/LOCATER V5.12                                                      02/15/2014  14:32:30  PAGE 46


  B:00A8H.5       SYMBOL        EADC
  B:00A8H.6       SYMBOL        ELVD
  B:00A8H.4       SYMBOL        ES
  B:00A8H.1       SYMBOL        ET0
  B:00A8H.3       SYMBOL        ET1
  B:00A8H.0       SYMBOL        EX0
  B:00A8H.2       SYMBOL        EX1
  B:00D0H.5       SYMBOL        F0
  D:00C3H         SYMBOL        IAP_ADDRH
  D:00C4H         SYMBOL        IAP_ADDRL
  D:00C5H         SYMBOL        IAP_CMD
  D:00C7H         SYMBOL        IAP_CONTR
  D:00C2H         SYMBOL        IAP_DATA
  D:00C6H         SYMBOL        IAP_TRIG
  D:00A8H         SYMBOL        IE
  B:0088H.1       SYMBOL        IE0
  B:0088H.3       SYMBOL        IE1
  D:00AFH         SYMBOL        IE2
  D:00B8H         SYMBOL        IP
  D:00B5H         SYMBOL        IP2
  D:00B7H         SYMBOL        IPH
  D:00B6H         SYMBOL        IPH2
  B:0088H.0       SYMBOL        IT0
  B:0088H.2       SYMBOL        IT1
  D:000AH         SYMBOL        K?143
  B:0090H.0       SYMBOL        LCD_CS
  B:0090H.1       SYMBOL        LCD_DC
  B:0090H.3       SYMBOL        LCD_RD
  B:0090H.4       SYMBOL        LCD_RST
  B:0090H.2       SYMBOL        LCD_WR
  B:00C0H.3       SYMBOL        MISO
  B:00C0H.1       SYMBOL        MOSI
  B:00D0H.2       SYMBOL        OV
  B:00D0H.0       SYMBOL        P
  D:0080H         SYMBOL        P0
  D:0094H         SYMBOL        P0M0
  D:0093H         SYMBOL        P0M1
  D:0090H         SYMBOL        P1
  D:009DH         SYMBOL        P1ASF
  D:0092H         SYMBOL        P1M0
  D:0091H         SYMBOL        P1M1
  D:00A0H         SYMBOL        P2
  D:0096H         SYMBOL        P2M0
  D:0095H         SYMBOL        P2M1
  D:00B0H         SYMBOL        P3
  D:00B2H         SYMBOL        P3M0
  D:00B1H         SYMBOL        P3M1
  D:00C0H         SYMBOL        P4
  D:00B4H         SYMBOL        P4M0
  D:00B3H         SYMBOL        P4M1
  D:00BBH         SYMBOL        P4SW
  D:00C8H         SYMBOL        P5
  D:00CAH         SYMBOL        P5M0
  D:00C9H         SYMBOL        P5M1
  B:00B8H.5       SYMBOL        PADC
  D:00F2H         SYMBOL        PCA_PWM0
  D:00F3H         SYMBOL        PCA_PWM1
BL51 BANKED LINKER/LOCATER V5.12                                                      02/15/2014  14:32:30  PAGE 47


  D:0087H         SYMBOL        PCON
  B:00B8H.6       SYMBOL        PLVD
  B:00B8H.7       SYMBOL        PPCA
  B:00B8H.4       SYMBOL        PS
  D:00D0H         SYMBOL        PSW
  B:00B8H.1       SYMBOL        PT0
  B:00B8H.3       SYMBOL        PT1
  B:00B8H.0       SYMBOL        PX0
  B:00B8H.2       SYMBOL        PX1
  B:0098H.2       SYMBOL        RB8
  B:0098H.4       SYMBOL        REN
  C:C995H         SYMBOL        REPTF1
  B:0098H.0       SYMBOL        RI
  B:00D0H.3       SYMBOL        RS0
  B:00D0H.4       SYMBOL        RS1
  D:009BH         SYMBOL        S2BUF
  D:009AH         SYMBOL        S2CON
  D:00A9H         SYMBOL        SADDR
  D:00B9H         SYMBOL        SADEN
  D:0099H         SYMBOL        SBUF
  D:0098H         SYMBOL        SCON
  N:0000H         SYMBOL        SHOWIMG51
  B:0098H.7       SYMBOL        SM0
  B:0098H.6       SYMBOL        SM1
  B:0098H.5       SYMBOL        SM2
  D:0081H         SYMBOL        SP
  D:00CEH         SYMBOL        SPCTL
  D:00CFH         SYMBOL        SPDAT
  D:00CDH         SYMBOL        SPSTAT
  B:0098H.3       SYMBOL        TB8
  D:0088H         SYMBOL        TCON
  B:0088H.5       SYMBOL        TF0
  B:0088H.7       SYMBOL        TF1
  D:008CH         SYMBOL        TH0
  D:008DH         SYMBOL        TH1
  B:0098H.1       SYMBOL        TI
  D:008AH         SYMBOL        TL0
  D:008BH         SYMBOL        TL1
  D:0089H         SYMBOL        TMOD
  B:0088H.4       SYMBOL        TR0
  B:0088H.6       SYMBOL        TR1
  D:008FH         SYMBOL        WAKE_CLKO
  D:00C1H         SYMBOL        WDT_CONTR
  C:D45DH         LINE#         38608
  C:D45FH         LINE#         38611
  C:D462H         LINE#         38612
  C:D465H         LINE#         38613
  C:D467H         LINE#         38614
  C:D469H         LINE#         38615
  C:D46AH         LINE#         38616
  C:D46BH         LINE#         38617
  C:D46CH         LINE#         38618
  C:D46DH         LINE#         38619
  C:D46EH         LINE#         38620
  C:D471H         LINE#         38623
  C:D473H         LINE#         38627
  C:D475H         LINE#         38633
BL51 BANKED LINKER/LOCATER V5.12                                                      02/15/2014  14:32:30  PAGE 48


  C:D478H         LINE#         38639
  C:D47AH         LINE#         38646
  C:D47CH         LINE#         38652
  C:D47EH         LINE#         38655
  C:D47FH         LINE#         38657
  C:D480H         LINE#         38659
  C:D482H         LINE#         38661
  C:D483H         LINE#         38663
  C:D484H         LINE#         38665
  C:D485H         LINE#         38667
  C:D487H         LINE#         38669
  C:D488H         LINE#         38673
  C:D48AH         LINE#         38676
  C:D48CH         LINE#         38680
  C:D48EH         LINE#         38684
  C:D490H         LINE#         38688
  C:C969H         LINE#         38708
  C:C96BH         LINE#         38711
  C:C96EH         LINE#         38712
  C:C971H         LINE#         38713
  C:C973H         LINE#         38714
  C:C975H         LINE#         38715
  C:C976H         LINE#         38716
  C:C977H         LINE#         38717
  C:C978H         LINE#         38718
  C:C979H         LINE#         38719
  C:C97AH         LINE#         38720
  C:C97DH         LINE#         38723
  C:C97FH         LINE#         38727
  C:C982H         LINE#         38728
  C:C985H         LINE#         38735
  C:C988H         LINE#         38739
  C:C98BH         LINE#         38753
  C:C98DH         LINE#         38755
  C:C98FH         LINE#         38757
  C:C990H         LINE#         38759
  C:C992H         LINE#         38761
  C:C993H         LINE#         38763
  C:C995H         LINE#         38765
  C:C997H         LINE#         38781
  C:C999H         LINE#         38781
  C:C99BH         LINE#         38781
  C:C99DH         LINE#         38781
  C:C99EH         LINE#         38781
  C:C9A0H         LINE#         38781
  C:C9A2H         LINE#         38781
  C:C9A4H         LINE#         38781
  C:C9A5H         LINE#         38781
  C:C9A7H         LINE#         38781
  C:C9A9H         LINE#         38781
  C:C9ABH         LINE#         38781
  C:C9ACH         LINE#         38781
  C:C9AEH         LINE#         38781
  C:C9B0H         LINE#         38781
  C:C9B2H         LINE#         38781
  C:C9B3H         LINE#         38781
  C:C9B5H         LINE#         38781
BL51 BANKED LINKER/LOCATER V5.12                                                      02/15/2014  14:32:30  PAGE 49


  C:C9B7H         LINE#         38781
  C:C9B9H         LINE#         38781
  C:C9BAH         LINE#         38781
  C:C9BCH         LINE#         38781
  C:C9BEH         LINE#         38781
  C:C9C0H         LINE#         38781
  C:C9C1H         LINE#         38781
  C:C9C3H         LINE#         38781
  C:C9C5H         LINE#         38781
  C:C9C7H         LINE#         38781
  C:C9C8H         LINE#         38781
  C:C9CAH         LINE#         38781
  C:C9CCH         LINE#         38781
  C:C9CEH         LINE#         38781
  C:C9CFH         LINE#         38783
  C:C9D1H         LINE#         38797
  C:C9D3H         LINE#         38797
  C:C9D5H         LINE#         38797
  C:C9D7H         LINE#         38797
  C:C9D8H         LINE#         38797
  C:C9DAH         LINE#         38797
  C:C9DCH         LINE#         38797
  C:C9DEH         LINE#         38797
  C:C9DFH         LINE#         38797
  C:C9E1H         LINE#         38797
  C:C9E3H         LINE#         38797
  C:C9E5H         LINE#         38797
  C:C9E6H         LINE#         38797
  C:C9E8H         LINE#         38797
  C:C9EAH         LINE#         38797
  C:C9ECH         LINE#         38797
  C:C9EDH         LINE#         38797
  C:C9EFH         LINE#         38797
  C:C9F1H         LINE#         38797
  C:C9F3H         LINE#         38797
  C:C9F4H         LINE#         38797
  C:C9F6H         LINE#         38797
  C:C9F8H         LINE#         38797
  C:C9FAH         LINE#         38797
  C:C9FBH         LINE#         38797
  C:C9FDH         LINE#         38797
  C:C9FFH         LINE#         38797
  C:CA01H         LINE#         38797
  C:CA02H         LINE#         38797
  C:CA04H         LINE#         38797
  C:CA06H         LINE#         38797
  C:CA08H         LINE#         38797
  C:CA09H         LINE#         38863
  C:CA0BH         LINE#         38865
  C:CA0DH         LINE#         38867
  C:CA0FH         LINE#         38875
  C:CA12H         LINE#         38880
  C:CA14H         LINE#         38881
  C:CA16H         LINE#         38882
  C:CA18H         LINE#         38887
  C:CA19H         LINE#         38888
  C:CA1BH         LINE#         38889
BL51 BANKED LINKER/LOCATER V5.12                                                      02/15/2014  14:32:30  PAGE 50


  C:CA1DH         LINE#         38890
  C:CA1FH         LINE#         38891
  C:CA21H         LINE#         38892
  C:CA23H         LINE#         38893
  C:CA24H         LINE#         38894
  C:CA26H         LINE#         38895
  C:CA28H         LINE#         38896
  C:CA29H         LINE#         38897
  C:CA2BH         LINE#         38898
  C:CA2DH         LINE#         38901
  C:CA30H         LINE#         38908
  C:CA31H         LINE#         38909
  C:CA32H         LINE#         38910
  C:CA35H         LINE#         38913
  C:CA37H         LINE#         38914
  C:CA39H         LINE#         38917
  C:CA3BH         LINE#         38918
  C:CA3DH         LINE#         38919
  C:CA3FH         LINE#         38920
  C:CA41H         LINE#         38921
  C:CA43H         LINE#         38922
  C:CA46H         LINE#         38923
  C:CA48H         LINE#         38924
  C:CA4AH         LINE#         38925
  C:CA4CH         LINE#         38926
  C:CA4EH         LINE#         38930
  C:CA50H         LINE#         38931
  C:CA52H         LINE#         38932
  C:CA54H         LINE#         38933
  C:CA56H         LINE#         38934
  C:CA58H         LINE#         38935
  C:CA5BH         LINE#         38936
  C:CA5CH         LINE#         38937
  C:CA5EH         LINE#         38938
  C:CA60H         LINE#         38939
  C:CA61H         LINE#         38940
  C:CA63H         LINE#         38941
  C:CA65H         LINE#         38942
  C:CA66H         LINE#         38943
  C:CA68H         LINE#         38944
  C:CA6AH         LINE#         38945
  C:CA6BH         LINE#         38946
  C:CA6DH         LINE#         38947
  C:CA6FH         LINE#         38950
  C:CA72H         LINE#         38953
  C:CA75H         LINE#         38956
  C:CA78H         LINE#         38959
  C:CA7BH         LINE#         38960
  C:CA7DH         LINE#         38963
  C:CA80H         LINE#         38964
  C:CA82H         LINE#         38967
  C:CA85H         LINE#         38968
  C:CA87H         LINE#         38971
  C:CA8AH         LINE#         38972
  C:CA8CH         LINE#         38975
  C:CA8EH         LINE#         38976
  C:CA90H         LINE#         38981
BL51 BANKED LINKER/LOCATER V5.12                                                      02/15/2014  14:32:30  PAGE 51


  C:CA92H         LINE#         38984
  C:CA94H         LINE#         38990
  C:CA97H         LINE#         38993
  C:CA99H         LINE#         38994
  C:CA9BH         LINE#         38995
  C:CA9DH         LINE#         38996
  C:CA9FH         LINE#         38997
  C:CAA1H         LINE#         38998
  C:CAA3H         LINE#         38999
  C:CAA6H         LINE#         39000
  C:CAA7H         LINE#         39001
  C:CAA9H         LINE#         39002
  C:CAABH         LINE#         39003
  C:CAACH         LINE#         39004
  C:CAAEH         LINE#         39005
  C:CAB0H         LINE#         39006
  C:CAB1H         LINE#         39007
  C:CAB3H         LINE#         39008
  C:CAB5H         LINE#         39009
  C:CAB6H         LINE#         39010
  C:CAB8H         LINE#         39011
  C:CABAH         LINE#         39015
  C:CABCH         LINE#         39016
  C:CABFH         LINE#         39020
  C:CAC1H         LINE#         39021
  C:CAC3H         LINE#         39026
  C:CAC5H         LINE#         39027
  C:CAC7H         LINE#         39028
  C:CAC9H         LINE#         39029
  C:CACAH         LINE#         39030
  C:CACDH         LINE#         39031
  C:CACFH         LINE#         39032
  C:CAD2H         LINE#         39040
  C:CAD4H         LINE#         39041
  C:CAD5H         LINE#         39052
  C:CAD7H         LINE#         39053
  C:CAD9H         LINE#         39054
  C:CADAH         LINE#         39055
  C:CADDH         LINE#         39061
  C:CADFH         LINE#         39062
  C:CAE0H         LINE#         39072
  C:CAE2H         LINE#         39073
  C:CAE4H         LINE#         39074
  C:CAE6H         LINE#         39075
  C:CAE8H         LINE#         39076
  C:CAE9H         LINE#         39077
  C:CAEBH         LINE#         39078
  C:CAEDH         LINE#         39079
  C:CAEEH         LINE#         39080
  C:CAF0H         LINE#         39081
  C:CAF2H         LINE#         39082
  C:CAF3H         LINE#         39083
  C:CAF5H         LINE#         39084
  C:CAF7H         LINE#         39085
  C:CAF8H         LINE#         39086
  C:CAFAH         LINE#         39087
  C:CAFCH         LINE#         39090
BL51 BANKED LINKER/LOCATER V5.12                                                      02/15/2014  14:32:30  PAGE 52


  C:CAFEH         LINE#         39091
  C:CB00H         LINE#         39092
  C:CB02H         LINE#         39093
  C:CB04H         LINE#         39100
  C:CB06H         LINE#         39101
  C:CB07H         LINE#         39107
  C:CB09H         LINE#         39108
  C:CB0BH         LINE#         39109
  C:CB0DH         LINE#         39110
  C:CB0FH         LINE#         39112
  C:CB11H         LINE#         39113
  C:CB13H         LINE#         39114
  C:CB15H         LINE#         39115
  C:CB18H         LINE#         39119
  C:CB1AH         LINE#         39123
  -------         ENDMOD        SHOWIMG51

  -------         MODULE        ?C?COPY
  C:C4E4H         PUBLIC        ?C?COPY
  -------         ENDMOD        ?C?COPY

  -------         MODULE        ?C?CLDPTR
  C:C50AH         PUBLIC        ?C?CLDPTR
  -------         ENDMOD        ?C?CLDPTR

  -------         MODULE        ?C?IMUL
  C:C523H         PUBLIC        ?C?IMUL
  -------         ENDMOD        ?C?IMUL

  -------         MODULE        ?C?UIDIV
  C:C535H         PUBLIC        ?C?UIDIV
  -------         ENDMOD        ?C?UIDIV

  -------         MODULE        ?C?SIDIV
  C:C58AH         PUBLIC        ?C?SIDIV
  -------         ENDMOD        ?C?SIDIV

  -------         MODULE        ?C?ULSHR
  C:C5C0H         PUBLIC        ?C?ULSHR
  -------         ENDMOD        ?C?ULSHR

  -------         MODULE        ?C?LSHL
  C:C5D3H         PUBLIC        ?C?LSHL
  -------         ENDMOD        ?C?LSHL

  -------         MODULE        ?C?OFFXADD
  C:C5E6H         PUBLIC        ?C?OFFXADD
  -------         ENDMOD        ?C?OFFXADD

*** WARNING L16: UNCALLED SEGMENT, IGNORED FOR OVERLAY PROCESS
    SEGMENT: ?PR?_TESTDELAY?MAIN

*** WARNING L16: UNCALLED SEGMENT, IGNORED FOR OVERLAY PROCESS
    SEGMENT: ?PR?DISPLAY_RED?S6D0154

*** WARNING L16: UNCALLED SEGMENT, IGNORED FOR OVERLAY PROCESS
    SEGMENT: ?PR?DISPLAY_GREEN?S6D0154
BL51 BANKED LINKER/LOCATER V5.12                                                      02/15/2014  14:32:30  PAGE 53



*** WARNING L16: UNCALLED SEGMENT, IGNORED FOR OVERLAY PROCESS
    SEGMENT: ?PR?DISPLAY_BLUE?S6D0154

*** WARNING L16: UNCALLED SEGMENT, IGNORED FOR OVERLAY PROCESS
    SEGMENT: ?PR?DISPLAY_WHITE?S6D0154

*** WARNING L16: UNCALLED SEGMENT, IGNORED FOR OVERLAY PROCESS
    SEGMENT: ?PR?DISPLAY_BLACK?S6D0154

*** WARNING L16: UNCALLED SEGMENT, IGNORED FOR OVERLAY PROCESS
    SEGMENT: ?PR?_PANT?S6D0154

*** WARNING L16: UNCALLED SEGMENT, IGNORED FOR OVERLAY PROCESS
    SEGMENT: ?PR?SHOW_ROMIMAGE?SHOWIMG51

Program Size: data=140.0 xdata=512 code=55068
LINK/LOCATE RUN COMPLETE.  8 WARNING(S),  0 ERROR(S)
