C51 COMPILER V7.50   MAIN                                                                  10/26/2014 15:34:12 PAGE 1   


C51 COMPILER V7.50, COMPILATION OF MODULE MAIN
OBJECT MODULE PLACED IN .\Obj\main.obj
COMPILER INVOKED BY: C:\Keil\C51\BIN\C51.EXE Src\main.c COMPACT BROWSE INCDIR(.\Src) DEBUG OBJECTEXTEND PRINT(.\Lst\main
                    -.lst) OBJECT(.\Obj\main.obj)

line level    source

   1          /************************************************************/
   2          /*项目：DisplayTerminalTFT
   3          /*模块：主函数
   4          /*CPU:  STC11L60XE
   5          /*晶振: 24Mhz
   6          /*液晶: s6d0154-2.6 TFT
   7          /*日期：2014年2月17日
   8          /*修改：卜晓旸
   9          /************************************************************/
  10          
  11          #include "reg52stc.h"
  12          #include "s6d0154.h"
  13          #include "serial.h"
  14          
  15          /******************** 定时器定义 *******************/
  16          #define T0_H 0xF8 //0xFC  1ms from 12MHz 998 to 24MHz 1998
  17          #define T0_L 0x32 //0x1A
  18          #define T1_H 0xfe
  19          #define T1_L 0x31
  20          
  21          sbit BackLight = P4^1;
  22          sbit TestOut = P4^0;
  23          
  24          extern uint readSerialTimeOut;
  25          extern uchar displayRunning; 
  26          extern uchar isLoadingDisplay;  
  27          /******************** 定时器0中断函数 *******************/
  28          void time0() interrupt 1 //using 1
  29          {
  30   1          TR0=0;
  31   1          TH0=T0_H;   
  32   1          TL0=T0_L;   
  33   1          TR0=1;
  34   1              TestOut = ~TestOut;
  35   1      }
  36          
  37          /******************** 系统初始化函数 *******************/
  38          void InitSys(void)
  39          {
  40   1          EA=0;
  41   1          TCON=0x05;  //1->0 == EX0 INT !!!
  42   1          TMOD=0x21;  //time0:16bit;time1:serial
  43   1          TH1=0xe6;    //12MHz,0xf3, 12T,SMOD=0,2400bps; 24MHz 0xe6
  44   1          TL1=0xe6;
  45   1              PCON=0x00; 
  46   1          SCON=0x70; //MODE:1;   串口10位异步收发，定时器控制
  47   1          ES=1;      //串口中断开
  48   1          ET1=0;
  49   1          TR1=1;
  50   1          ET0=1;
  51   1          EA=1;
  52   1      }
  53          
  54          /******************** 主函数 *******************/
C51 COMPILER V7.50   MAIN                                                                  10/26/2014 15:34:12 PAGE 2   

  55          void main(void)
  56          {
  57   1              InitSys();
  58   1          LCD_Init();
  59   1              Display_Loding();
  60   1              BackLight = 1;
  61   1          while(1)
  62   1          {
  63   2                      if(!isLoadingDisplay)
  64   2                      {
  65   3                              if(!displayRunning)
  66   3                              {
  67   4                                      Display_Running();
  68   4                                      displayRunning = 1;     
  69   4                              }
  70   3                              Display_Running_Refresh();
  71   3                              delayms(1000);
  72   3                      }
  73   2                      readSerialTimeOut++;
  74   2                      if(readSerialTimeOut > 50)
  75   2                      {
  76   3                              DisplayData[15] = 'E';
  77   3                              DisplayData[17] = 'E';
  78   3                      } 
  79   2          }
  80   1      }
  81          
  82          


MODULE INFORMATION:   STATIC OVERLAYABLE
   CODE SIZE        =    115    ----
   CONSTANT SIZE    =   ----    ----
   XDATA SIZE       =   ----    ----
   PDATA SIZE       =   ----    ----
   DATA SIZE        =   ----    ----
   IDATA SIZE       =   ----    ----
   BIT SIZE         =   ----    ----
END OF MODULE INFORMATION.


C51 COMPILATION COMPLETE.  0 WARNING(S),  0 ERROR(S)
