C51 COMPILER V7.50   S6D0154                                                               02/19/2014 16:34:20 PAGE 1   


C51 COMPILER V7.50, COMPILATION OF MODULE S6D0154
OBJECT MODULE PLACED IN Src\s6d0154.OBJ
COMPILER INVOKED BY: C:\Keil\C51\BIN\C51.EXE Src\s6d0154.c COMPACT BROWSE INCDIR(.\Src) DEBUG OBJECTEXTEND PRINT(.\Lst\s
                    -6d0154.lst) SRC(.\Obj\s6d0154.SRC)

line level    source

   1          /************************************************************/
   2          /*项目：DisplayTerminalTFT
   3          /*模块：s6d0154驱动
   4          /*日期：2014年2月17日
   5          /*修改：卜晓旸
   6          /************************************************************/
   7          
   8          #include "reg52stc.h"
   9          #include "s6d0154.h"  
  10          #include "picture.h"
  11          #include "chinese.h"
  12          #include "ascii.h"
  13          #include "serial.h"
  14          
  15          /******************** 颜色定义 *******************/
  16          //   0      1      2      3      4      5      6      7    8
  17          //  红     绿     蓝     黄     黑     青     紫     白    灰
  18          uint colors[]={
  19                  0xf800,0x07e0,0x001f,0xffe0,0x0000,0x07ff,0xf81f,0xffff,0xdf5d
  20          };
  21          
  22          /******************** 写数据函数 *******************/
  23          void Write_DATA(uint i,uint j)
  24          {
  25   1              //8080 interface
  26   1              LCD_CS = 0;
  27   1              LCD_DC = 1;
  28   1              LCD_RD = 1;
  29   1              P0  = j;
  30   1              P2  = i;
  31   1              LCD_WR = 0;
  32   1              LCD_WR = 1;
  33   1              LCD_CS = 1;
  34   1      }
  35          
  36          /******************** 写命令函数 *******************/
  37          void Write_COMD(uint i,uint j)
  38          {
  39   1              //8080 interface
  40   1              LCD_CS = 0;  
  41   1              LCD_RD = 1;
  42   1              LCD_DC = 0;
  43   1              P0  = j;         
  44   1              P2  = i;
  45   1              LCD_WR = 0;
  46   1              LCD_WR = 1;
  47   1              LCD_CS = 1;
  48   1      }
  49          
  50          /******************** 刷屏程序 红 *******************/
  51          void Display_Red(void)
  52          {  
  53   1              uint i,j,k=0;
  54   1              LCD_CS =0;  //打开片选使能
C51 COMPILER V7.50   S6D0154                                                               02/19/2014 16:34:20 PAGE 2   

  55   1              Address_set(0,0,239,319);
  56   1              Write_COMD(0x00,0x22); 
  57   1              for(i=0;i<320;i++)
  58   1              {
  59   2                      for(j=0;j<240;j++)
  60   2                      {
  61   3                              Write_DATA(0xf8,0x00);//data_out18(0xfc,0x00,0x00);
  62   3                      }
  63   2              }
  64   1              LCD_CS = 1;  //关闭片选使能
  65   1      }
  66          
  67          /******************** 刷屏程序 绿 *******************/
  68          void Display_Green(void)
  69          {  
  70   1              uint i,j;
  71   1              LCD_CS =0;  //打开片选使能
  72   1              Address_set(0,0,239,319);
  73   1              Write_COMD(0x00,0x22); 
  74   1              for(i=0;i<320;i++)
  75   1              {
  76   2                      for(j=0;j<240;j++)
  77   2                      {
  78   3                              Write_DATA(0x07,0xe0);
  79   3                      }
  80   2              }
  81   1              LCD_CS = 1;  //关闭片选使能
  82   1      }
  83          
  84          /******************** 刷屏程序 蓝 *******************/
  85          void Display_Blue(void)
  86          {  
  87   1              uint i,j;
  88   1              LCD_CS =0;  //打开片选使能
  89   1              Write_COMD(0x00,0x20);
  90   1              Write_DATA(0x00,0x00);
  91   1              Write_COMD(0x00,0x21);
  92   1              Write_DATA(0x00,0x00);
  93   1              Write_COMD(0x00,0x22);
  94   1              for(i=0;i<320;i++)
  95   1              {
  96   2                      for(j=0;j<240;j++)
  97   2                      {
  98   3                              Write_DATA(0x00,0x1f);
  99   3                      }
 100   2              }
 101   1              LCD_CS = 1;  //关闭片选使能
 102   1      }
 103          
 104          /******************** 刷屏程序 白 *******************/
 105          void Display_White(void)
 106          {
 107   1          uint i,j;
 108   1              LCD_CS =0;  //打开片选使能
 109   1              Address_set(0,0,239,319);
 110   1          for(i=0;i<320;i++)
 111   1          {
 112   2              for(j=0;j<240;j++)
 113   2                  {
 114   3                  Write_DATA(0xff,0xff);
 115   3                  //Write_Data_18(0xff,0xff,0xc0);
 116   3              }
C51 COMPILER V7.50   S6D0154                                                               02/19/2014 16:34:20 PAGE 3   

 117   2          }
 118   1              LCD_CS = 1;  //关闭片选使能
 119   1      }
 120          
 121          /******************** 刷屏程序 黑 *******************/
 122          void Display_Black(void)
 123          {  
 124   1          uint i,j,k;
 125   1              LCD_CS =0;  //打开片选使能
 126   1              Address_set(0,0,239,319);
 127   1          for(i=0;i<240;i++)
 128   1          {
 129   2              Write_DATA(0xff,0xff);
 130   2          }
 131   1          for(i=0;i<318;i++)  //加外框
 132   1          {
 133   2              for(k=0;k<1;k++)
 134   2                  {
 135   3                  Write_DATA(0xff,0xff);
 136   3                  }
 137   2                  for(j=0;j<238;j++)
 138   2                  {
 139   3                          Write_DATA(0x00,0x00);
 140   3                  }
 141   2                  for(k=0;k<1;k++)
 142   2                  {
 143   3                      Write_DATA(0xff,0xff);
 144   3                  }
 145   2          }
 146   1          for(i=0;i<240;i++)
 147   1          {
 148   2              Write_DATA(0xff,0xff);
 149   2          }
 150   1              LCD_CS = 1;  //关闭片选使能
 151   1      }
 152          
 153          /******************** 地址设置函数 *******************/
 154          void Address_set(uint x1,uint y1,uint x2,uint y2)
 155          {
 156   1          LCD_Write_COM(0x00,0x20);LCD_Write_DATA(x1>>8,x1);  //设置X坐标位置
 157   1          LCD_Write_COM(0x00,0x21);LCD_Write_DATA(y1>>8,y1);  //设置Y坐标位置  
 158   1          LCD_Write_COM(0x00,0x37);LCD_Write_DATA(x1>>8,x1);  //开始X
 159   1              LCD_Write_COM(0x00,0x39);LCD_Write_DATA(y1>>8,y1);  //开始Y
 160   1          LCD_Write_COM(0x00,0x36);LCD_Write_DATA(x2>>8,x2);  //结束X
 161   1              LCD_Write_COM(0x00,0x38);LCD_Write_DATA(y2>>8,y2);  //结束Y
 162   1              LCD_Write_COM(0x00,0x22);                                                                                
 163   1      }
 164          
 165          /******************** 写汉字函数 *******************/
 166          void ChineseChar(uint x,uint y,int size,uint For_color,uint Bk_color ,char c)
 167          {
 168   1          uint e,i,j;
 169   1          uint  ed;
 170   1          uint  ncols;
 171   1          uint  nrows;
 172   1          uint  nbytes;
 173   1          uchar *pfont;
 174   1          uchar *pchar;
 175   1          uchar *fonttable[]={(uchar *)hz16,(uchar *)hz24 , (uchar *)hz32};
 176   1          pfont=(uchar *)fonttable[size];
 177   1              LCD_CS =0;  //打开片选使能
 178   1          if(size==0)
C51 COMPILER V7.50   S6D0154                                                               02/19/2014 16:34:20 PAGE 4   

 179   1          {
 180   2              ncols =16-1;
 181   2              nrows =16-1;
 182   2              nbytes =32;      //(16*16)/8
 183   2          }
 184   1          else
 185   1          {    
 186   2              if(size==1)
 187   2              {
 188   3                  ncols =24-1;
 189   3                  nrows =24-1;
 190   3                  nbytes =72;  //(24*24)/8
 191   3              }
 192   2              else
 193   2              {
 194   3                  if(size==2)
 195   3                  {
 196   4                      ncols =32-1;
 197   4                      nrows =32-1;
 198   4                      nbytes =132;   //(32*32)/8
 199   4                  }
 200   3              }
 201   2          }
 202   1          pchar=pfont + (nbytes*(c-1));
 203   1          Address_set(x,  y, x+nrows,y+ncols);
 204   1          for(i=0;i<nbytes;i++)
 205   1          {
 206   2              ed=*pchar++;
 207   2              if(size==0)
 208   2              {
 209   3                  if(i%2==0)
 210   3                      e=8;
 211   3                  else
 212   3                      e=4;
 213   3              }
 214   2              else
 215   2                  e=8;
 216   2              for(j=0;j<e;j++)
 217   2              {
 218   3                  if((ed>>j)&0x01)
 219   3                  { 
 220   4                         LCD_Write_DATA(For_color>>8 , For_color  );  //textcolor
 221   4                      }
 222   3                  else
 223   3                  {
 224   4                      LCD_Write_DATA( Bk_color>>8 ,  Bk_color);  //backcolor
 225   4                      }
 226   3              }
 227   2          }
 228   1              LCD_CS =1;  //关闭片选使能
 229   1      }
 230          
 231          /******************** 写汉字字符串函数 *******************/
 232          void ChineseString(uint x,uint y,int size,uint For_color,uint Bk_color ,char *p)
 233          {         
 234   1          while(*p!='\0')
 235   1          {       
 236   2                      ChineseChar(x,y,size,For_color,Bk_color,*p - 47);
 237   2              y+=24;
 238   2              p++;
 239   2          }
 240   1      }
C51 COMPILER V7.50   S6D0154                                                               02/19/2014 16:34:20 PAGE 5   

 241          
 242          /******************** 字符显示函数 *******************/
 243          void LCD_ShowChar(uint x,uint y,uint size, For_color,uint Bk_color, char ch)
 244          {       
 245   1          uchar temp , Bytes;
 246   1          uchar pos,t;
 247   1          uint  CHAR_W,CHAR_H;
 248   1              LCD_CS =0;  //打开片选使能
 249   1              if(size == 0)
 250   1              {
 251   2                  CHAR_W = 24;         //16*24
 252   2                  CHAR_H = 16;
 253   2              }
 254   1              else if(size == 1)
 255   1              {
 256   2      
 257   2              }
 258   1          if(x>(LCD_SIZE_X-CHAR_W)||y>(LCD_SIZE_Y-CHAR_H))
 259   1              return;
 260   1          Address_set(x, y, x+CHAR_W-1, y+CHAR_H-1);
 261   1          ch = ch-32;                       //按照ASCII编码顺序的到相应字母的编码
 262   1          Bytes = (CHAR_W*CHAR_H)/8;
 263   1          for(pos=0;pos<Bytes;pos++)  //CHAR_H        (CHAR_W*CHAR_H)/8
 264   1          {
 265   2                      if(size == 0)
 266   2                      {
 267   3                              temp= Font16x24[ch][pos];
 268   3                      }
 269   2                      else if(size == 1)
 270   2                      {       
 271   3                      }
 272   2              for(t=0;t<8;t++) //CHAR_W
 273   2              {                 
 274   3                     if(temp&0x80)
 275   3                         LCD_Write_DATA(For_color>>8 , For_color  );  //textcolor
 276   3                     else 
 277   3                         LCD_Write_DATA(Bk_color>>8 , Bk_color );  //backcolor
 278   3                 temp<<=1; 
 279   3              }
 280   2          }
 281   1              LCD_CS =1;  //关闭片选使能
 282   1      }  
 283          
 284          /******************** 显示字符串子函数 *******************/
 285          // x,y:起点坐标    *p:字符串起始地址
 286          void LCD_ShowString(uint x,uint y, uint size, uint For_color,uint Bk_color,char *p)
 287          {         
 288   1          while(*p!='\0')
 289   1          {       
 290   2              LCD_ShowChar(x,y,size, For_color,Bk_color,*p);
 291   2              y+=16;
 292   2              p++;
 293   2          }
 294   1      }
 295          
 296          /******************** 显示启动界面函数 *******************/
 297          void Display_Loding()
 298          {
 299   1              Display_White();
 300   1              Display_Loading_Image();
 301   1              ChineseChar(50,79,2,colors[4],colors[7],1);             //正
 302   1          ChineseChar(50,122,2,colors[4],colors[7],2);        //在
C51 COMPILER V7.50   S6D0154                                                               02/19/2014 16:34:20 PAGE 6   

 303   1          ChineseChar(50,165,2,colors[4],colors[7],3);        //启
 304   1          ChineseChar(50,208,2,colors[4],colors[7],4);        //动
 305   1      }
 306          
 307          /******************** 树莓派大logo加载函数 *******************/
 308          void Display_Loading_Image()
 309          {
 310   1          uchar i,j;
 311   1              LCD_CS =0;  //打开片选使能
 312   1              Address_set(100,115,219,214);
 313   1          LCD_DC=1;
 314   1      
 315   1              #pragma asm
 316   1                      mov DPTR, #RaspberryPiLogoBig
 317   1              #pragma endasm
 318   1      
 319   1          for(j=0;j<99;j++)
 320   1          {
 321   2      
 322   2              for(i=119;i!=0;i--)
 323   2              {
 324   3                  LCD_WR = 0;
 325   3                              #pragma asm
 326   3                                      clr A
 327   3                                      movc A, @A+DPTR
 328   3                                      mov P2, A
 329   3                                      inc DPTR
 330   3                                      clr A
 331   3                                      movc A, @A+DPTR
 332   3                                      mov P0, A
 333   3                                      inc DPTR
 334   3                              #pragma endasm
 335   3                  LCD_WR = 1;
 336   3              }
 337   2          }
 338   1              LCD_CS = 1;  //关闭片选使能
 339   1      }
 340          
 341          /******************** 显示测试函数 *******************/
 342          void Display_Running()
 343          {
 344   1              Display_White();
 345   1              Display_Running_Image();
 346   1      
 347   1              //LCD_ShowString(215,90,0,colors[4],colors[7], "2014"); //2014
 348   1              ChineseString(215,154,1,colors[4],colors[7],"8"); //年
 349   1              //LCD_ShowString(215,188,0,colors[4],colors[7], "02");  //02
 350   1              ChineseString(215,220,1,colors[4],colors[7],"9"); //月
 351   1              //LCD_ShowString(215,254,0,colors[4],colors[7], "19");  //19
 352   1              ChineseString(215,286,1,colors[4],colors[7],"2"); //日
 353   1      
 354   1              ChineseString(175,70,1,colors[4],colors[7],"KL"); //状态
 355   1              LCD_ShowString(175,118,0,colors[4],colors[7], ":");     //:
 356   1              //ChineseString(175,134,1,colors[4],colors[1],"MN"); //正常
 357   1              //ChineseString(175,134,1,colors[4],colors[0],">?"); //错误
 358   1              ChineseString(175,200,1,colors[4],colors[7],"ST"); //服务
 359   1              LCD_ShowString(175,248,0,colors[4],colors[7], ":");     //:
 360   1              //ChineseString(175,264,1,colors[4],colors[1],"MN"); //正常
 361   1      
 362   1              LCD_ShowString(55,5,0,colors[4],colors[7], "CPU:");     //CPU:
 363   1              //LCD_ShowString(135,69,0,colors[4],colors[7], "56%");  //56%
 364   1              LCD_ShowString(55,101,0,colors[4],colors[3], "%  ");    //%
C51 COMPILER V7.50   S6D0154                                                               02/19/2014 16:34:20 PAGE 7   

 365   1              ChineseString(55,160,1,colors[4],colors[7],"67"); //内存
 366   1              LCD_ShowString(55,208,0,colors[4],colors[7], ":");      //:
 367   1              //LCD_ShowString(135,224,0,colors[4],colors[7], "64%"); //64%
 368   1              LCD_ShowString(55,256,0,colors[4],colors[3], "%  ");    //%
 369   1      
 370   1              ChineseString(95,5,1,colors[4],colors[7],"OP"); //上传
 371   1              LCD_ShowString(95,53,0,colors[4],colors[7], ":");       //:
 372   1              //LCD_ShowString(95,69,0,colors[4],colors[7], "024kb"); //024KB/s
 373   1              LCD_ShowString(95,117,0,colors[4],colors[3], "kb");     //KB
 374   1              ChineseString(95,160,1,colors[4],colors[7],"QR"); //下载
 375   1              LCD_ShowString(95,208,0,colors[4],colors[7], ":");      //:
 376   1              //LCD_ShowString(95,224,0,colors[4],colors[7], "036kb");        //036KB/s
 377   1              LCD_ShowString(95,272,0,colors[4],colors[3], "kb");     //KB
 378   1      
 379   1              ChineseString(135,5,1,colors[4],colors[7],"45"); //温度
 380   1              LCD_ShowString(135,53,0,colors[4],colors[7], ":");      //:
 381   1              //LCD_ShowString(55,69,0,colors[4],colors[7], "13C");   //13C
 382   1              LCD_ShowString(135,101,0,colors[4],colors[3], "C  ");   //C
 383   1              ChineseString(135,160,1,colors[4],colors[7],"01"); //时间
 384   1              LCD_ShowString(135,208,0,colors[4],colors[7], ":");     //:
 385   1              //LCD_ShowString(55,224,0,colors[4],colors[7], "13:36");        //13:36
 386   1      
 387   1              ChineseString(15,5,1,colors[4],colors[7],"@A"); //地址
 388   1              LCD_ShowString(15,53,0,colors[4],colors[7], ":");       //:
 389   1              //LCD_ShowString(15,69,0,colors[4],colors[7], "192.168.255.255");       //192.168.1.1
 390   1      }
 391          
 392          /******************** 显示测试函数 *******************/
 393          void Display_Running_Refresh()
 394          {
 395   1              //年
 396   1              LCD_ShowChar(215,90,0,colors[4],colors[3], DisplayData[0]);     //2014
 397   1              LCD_ShowChar(215,106,0,colors[4],colors[3], DisplayData[1]);    //2014
 398   1              LCD_ShowChar(215,122,0,colors[4],colors[3], DisplayData[2]);    //2014
 399   1              LCD_ShowChar(215,138,0,colors[4],colors[3], DisplayData[3]);    //2014
 400   1              //月
 401   1              LCD_ShowChar(215,188,0,colors[4],colors[3], DisplayData[4]);    //02
 402   1              LCD_ShowChar(215,204,0,colors[4],colors[3], DisplayData[5]);    //02
 403   1              //日
 404   1              LCD_ShowChar(215,254,0,colors[4],colors[3], DisplayData[6]);    //19
 405   1              LCD_ShowChar(215,270,0,colors[4],colors[3], DisplayData[7]);    //19
 406   1              //状态
 407   1              if(DisplayData[15] == 'N')
 408   1              {
 409   2                      ChineseString(175,134,1,colors[4],colors[1],"MN"); //正常
 410   2              }
 411   1              else
 412   1              {
 413   2                      ChineseString(175,134,1,colors[4],colors[0],">?"); //错误
 414   2              }
 415   1              //服务
 416   1              if(DisplayData[17] == 'N')
 417   1              {
 418   2                      ChineseString(175,264,1,colors[4],colors[1],"MN"); //正常
 419   2              }
 420   1              else
 421   1              {
 422   2                      ChineseString(175,264,1,colors[4],colors[0],">?"); //错误
 423   2              }
 424   1              //CPU
 425   1              LCD_ShowChar(55,69,0,colors[4],colors[3], DisplayData[19]);     //56
 426   1              LCD_ShowChar(55,85,0,colors[4],colors[3], DisplayData[20]);     //56
C51 COMPILER V7.50   S6D0154                                                               02/19/2014 16:34:20 PAGE 8   

 427   1              //内存
 428   1              LCD_ShowChar(55,224,0,colors[4],colors[3], DisplayData[22]);//64
 429   1              LCD_ShowChar(55,240,0,colors[4],colors[3], DisplayData[23]);//64
 430   1              //上传
 431   1              LCD_ShowChar(95,69,0,colors[4],colors[3], DisplayData[25]);     //024
 432   1              LCD_ShowChar(95,85,0,colors[4],colors[3], DisplayData[26]);     //024
 433   1              LCD_ShowChar(95,101,0,colors[4],colors[3], DisplayData[27]);    //024
 434   1              //下载
 435   1              LCD_ShowChar(95,224,0,colors[4],colors[3], DisplayData[29]);//036
 436   1              LCD_ShowChar(95,240,0,colors[4],colors[3], DisplayData[30]);//036
 437   1              LCD_ShowChar(95,256,0,colors[4],colors[3], DisplayData[31]);//036
 438   1              //温度
 439   1              LCD_ShowChar(135,69,0,colors[4],colors[3], DisplayData[33]);    //13
 440   1              LCD_ShowChar(135,85,0,colors[4],colors[3], DisplayData[34]);    //13
 441   1              //时间
 442   1              LCD_ShowChar(135,224,0,colors[4],colors[3], DisplayData[9]);    //13:36
 443   1              LCD_ShowChar(135,240,0,colors[4],colors[3], DisplayData[10]);   //13:36
 444   1              LCD_ShowChar(135,256,0,colors[4],colors[3], DisplayData[11]);   //13:36
 445   1              LCD_ShowChar(135,270,0,colors[4],colors[3], DisplayData[12]);   //13:36
 446   1              LCD_ShowChar(135,286,0,colors[4],colors[3], DisplayData[13]);   //13:36
 447   1              //IP地址
 448   1              LCD_ShowChar(15,69,0,colors[4],colors[3], DisplayData[36]);     //192.168.1.1
 449   1              LCD_ShowChar(15,85,0,colors[4],colors[3], DisplayData[37]);     //192.168.1.1
 450   1              LCD_ShowChar(15,101,0,colors[4],colors[3],DisplayData[38]);     //192.168.1.1
 451   1              LCD_ShowChar(15,117,0,colors[4],colors[3], DisplayData[39]);    //192.168.1.1
 452   1              LCD_ShowChar(15,133,0,colors[4],colors[3], DisplayData[40]);    //192.168.1.1
 453   1              LCD_ShowChar(15,149,0,colors[4],colors[3], DisplayData[41]);    //192.168.1.1
 454   1              LCD_ShowChar(15,165,0,colors[4],colors[3], DisplayData[42]);    //192.168.1.1
 455   1              LCD_ShowChar(15,181,0,colors[4],colors[3], DisplayData[43]);    //192.168.1.1
 456   1              LCD_ShowChar(15,197,0,colors[4],colors[3], DisplayData[44]);    //192.168.1.1
 457   1              LCD_ShowChar(15,213,0,colors[4],colors[3], DisplayData[45]);    //192.168.1.1
 458   1              LCD_ShowChar(15,229,0,colors[4],colors[3], DisplayData[46]);    //192.168.1.1
 459   1              LCD_ShowChar(15,245,0,colors[4],colors[3], DisplayData[47]);    //192.168.1.1
 460   1              LCD_ShowChar(15,261,0,colors[4],colors[3], DisplayData[48]);    //192.168.1.1
 461   1              LCD_ShowChar(15,277,0,colors[4],colors[3], DisplayData[49]);    //192.168.1.1
 462   1              LCD_ShowChar(15,293,0,colors[4],colors[3], DisplayData[50]);    //192.168.1.1
 463   1      }
 464          
 465          
 466          /******************** 显示测试函数1 *******************/
 467          void Display_Running1()
 468          {
 469   1              Display_White();
 470   1              Display_Running_Image();
 471   1              LCD_ShowString(215,70,0,colors[4],colors[7],    "What is a Raspb");     
 472   1              LCD_ShowString(185,70,0,colors[4],colors[7],    "erry Pi?"); 
 473   1              LCD_ShowString(155,70,0,colors[4],colors[7],    "The Raspberry P"); 
 474   1              LCD_ShowString(125,5,0,colors[4],colors[7],             "i is a credit-card ");
 475   1              LCD_ShowString(95,5,0,colors[4],colors[7],              "sized computer that");
 476   1              LCD_ShowString(65,5,0,colors[4],colors[7],              " plugs into your TV"); 
 477   1              LCD_ShowString(35,5,0,colors[4],colors[7],              " and a keyboard. It");
 478   1              LCD_ShowString(5,5,0,colors[4],colors[7],               " is a capable littl");
 479   1      }
 480          
 481          /******************** 显示测试函数2 *******************/
 482          void Display_Running2()
 483          {
 484   1              Display_White();
 485   1              Display_Running_Image();
 486   1              LCD_ShowString(215,70,0,colors[4],colors[7],"e computer whic"); 
 487   1              LCD_ShowString(185,70,0,colors[4],colors[7],"h can be used i"); 
 488   1              LCD_ShowString(155,70,0,colors[4],colors[7],"n electronics p"); 
C51 COMPILER V7.50   S6D0154                                                               02/19/2014 16:34:20 PAGE 9   

 489   1              LCD_ShowString(125,5,0,colors[4],colors[7],     "rojects, and for ma");
 490   1              LCD_ShowString(95,5,0,colors[4],colors[7],      "ny of the things th");
 491   1              LCD_ShowString(65,5,0,colors[4],colors[7],      "at your desktop PC "); 
 492   1              LCD_ShowString(35,5,0,colors[4],colors[7],      "does, like spreadsh");
 493   1              LCD_ShowString(5,5,0,colors[4],colors[7],       "eets, word-processi");
 494   1      }
 495          
 496          /******************** 显示测试函数3 *******************/
 497          void Display_Running3()
 498          {
 499   1              Display_White();
 500   1              Display_Running_Image();
 501   1              LCD_ShowString(215,70,0,colors[4],colors[7],"ng and games. I"); 
 502   1              LCD_ShowString(185,70,0,colors[4],colors[7],"t also plays hig"); 
 503   1              LCD_ShowString(155,70,0,colors[4],colors[7],"h-definition vid"); 
 504   1              LCD_ShowString(125,5,0,colors[4],colors[7],"eo. We want to see i");
 505   1              LCD_ShowString(95,5,0,colors[4],colors[7],"t being used by kids");
 506   1              LCD_ShowString(65,5,0,colors[4],colors[7]," all over the world "); 
 507   1              LCD_ShowString(35,5,0,colors[4],colors[7],"to learn programming");
 508   1              LCD_ShowString(5,5,0,colors[4],colors[7],".");
 509   1      }
 510          
 511          /******************** 树莓派小logo加载函数 *******************/
 512          void Display_Running_Image()
 513          {
 514   1          uchar i,j;
 515   1              LCD_CS =0;  //打开片选使能
 516   1              Address_set(174,5,233,54);
 517   1          LCD_DC=1;
 518   1      
 519   1              #pragma asm
 520   1                              mov DPTR, #RaspberryPiLogoSmall
 521   1              #pragma endasm
 522   1      
 523   1          for(j=0;j<50;j++)
 524   1          {
 525   2      
 526   2              for(i=60;i!=0;i--)
 527   2              {
 528   3                  LCD_WR = 0;
 529   3                              #pragma asm
 530   3                                      clr A
 531   3                                      movc A, @A+DPTR
 532   3                                      mov P2, A
 533   3                                      inc DPTR
 534   3                                      clr A
 535   3                                      movc A, @A+DPTR
 536   3                                      mov P0, A
 537   3                                      inc DPTR
 538   3                              #pragma endasm
 539   3                  LCD_WR = 1;
 540   3              }
 541   2          }
 542   1              LCD_CS =1;  //关闭片选使能
 543   1      }
 544          
 545          /******************** 并行数据写入函数 *******************/
 546          void LCD_Writ_Bus(char VH,char VL)
 547          {
 548   1              LCD_DataPortH=VH;       //高位P口
 549   1              LCD_DataPortL=VL;       //低位P口
 550   1              LCD_WR=0;
C51 COMPILER V7.50   S6D0154                                                               02/19/2014 16:34:20 PAGE 10  

 551   1              LCD_WR=1;
 552   1      }
 553          
 554          /******************** 发送命令函数 *******************/
 555          void LCD_Write_COM(char VH,char VL)
 556          {       
 557   1              LCD_DC=0;
 558   1              LCD_Writ_Bus(VH,VL);
 559   1      }
 560          
 561          /******************** 发送数据函数 *******************/
 562          void LCD_Write_DATA(char VH,char VL)    //发送数据
 563          {
 564   1              LCD_DC=1;
 565   1              LCD_Writ_Bus(VH,VL);
 566   1      }
 567          
 568          /******************** 液晶初始化函数 *******************/
 569          void LCD_Init(void)
 570          {
 571   1              LCD_RST=0;
 572   1              delayms(5);
 573   1              LCD_RST=1;
 574   1              LCD_CS =0;  //打开片选使能
 575   1              LCD_Write_COM(0x00,0x10); LCD_Write_DATA(0x00,0x00);  // Power Control 1  current consumption  STB
 576   1              delayms(10);
 577   1              LCD_Write_COM(0x00,0x11); LCD_Write_DATA(0x00,0x1c);  // Power Control 2
 578   1              LCD_Write_COM(0x00,0x12); LCD_Write_DATA(0x12,0x12);  // Power Control 3  BT2-0, DC11-10, DC21-20, DC31-3
             -0
 579   1              LCD_Write_COM(0x00,0x13); LCD_Write_DATA(0x00,0x41);  // Power Control 4  DCR_EX=0, DCR2-0, GVD6-0
 580   1              LCD_Write_COM(0x00,0x14); LCD_Write_DATA(0x40,0x50);  // Power Control 5  VCOMG=0, VCM6-0, VCMR=0, VML6-0
 581   1              LCD_Write_COM(0x00,0x10); LCD_Write_DATA(0x08,0x00);  // Power Control 1 
 582   1              LCD_Write_COM(0x00,0x11); LCD_Write_DATA(0x01,0x1c);  // Power Control 2
 583   1              delayms(300);//300ms
 584   1              LCD_Write_COM(0x00,0x11); LCD_Write_DATA(0x03,0x1c);  // Power Control 2
 585   1              delayms(300);//300ms
 586   1              LCD_Write_COM(0x00,0x11); LCD_Write_DATA(0x07,0x1c);  // Power Control 2
 587   1              delayms(300);//300ms
 588   1              LCD_Write_COM(0x00,0x11); LCD_Write_DATA(0x0f,0x1c);  // Power Control 2
 589   1              delayms(600);//600ms
 590   1              LCD_Write_COM(0x00,0x11); LCD_Write_DATA(0x0f,0x39);  // Power Control 2
 591   1              delayms(500);//500ms
 592   1              LCD_Write_COM(0x00,0x01); LCD_Write_DATA(0x01,0x28);  // Driver Output Control
 593   1              LCD_Write_COM(0x00,0x02); LCD_Write_DATA(0x01,0x00);  // LCD-Driving-Waveform Control
 594   1              LCD_Write_COM(0x00,0x03); LCD_Write_DATA(0x10,0x30);  // Entry Mode
 595   1              LCD_Write_COM(0x00,0x08); LCD_Write_DATA(0x08,0x08);  // Frame Cycle Control 
 596   1              LCD_Write_COM(0x00,0x0b); LCD_Write_DATA(0x11,0x05);  // Frame Cycle Control
 597   1              LCD_Write_COM(0x00,0x0c); LCD_Write_DATA(0x00,0x00);  // External Display Interface Control 
 598   1          LCD_Write_COM(0x00,0x15); LCD_Write_DATA(0x00,0x20);  //VCI Recycling (R15H)                //              VCIR=010         0X0020
 599   1              LCD_Write_COM(0x00,0x30); LCD_Write_DATA(0x00,0x00);  //                SCN 0   Start from G1
 600   1              LCD_Write_COM(0x00,0x34); LCD_Write_DATA(0x01,0x3f);  //                SE1 = 100111111( 319)
 601   1              LCD_Write_COM(0x00,0x35); LCD_Write_DATA(0x00,0x00);  //                SS1 = 000000000
 602   1              LCD_Write_COM(0x00,0x36); LCD_Write_DATA(0x00,0xef);  //                HEA = 011101111(239)
 603   1              LCD_Write_COM(0x00,0x37); LCD_Write_DATA(0x00,0x00);  //                HSA = 000000000 
 604   1              LCD_Write_COM(0x00,0x38); LCD_Write_DATA(0x01,0x3f);  //                VEA = 100111111( 319)
 605   1          LCD_Write_COM(0x00,0x39); LCD_Write_DATA(0x00,0x00);  //            VSA = 000000000 
 606   1          LCD_Write_COM(0x00,0x50); LCD_Write_DATA(0x01,0x01);  // Gamma Control
 607   1              LCD_Write_COM(0x00,0x51); LCD_Write_DATA(0x09,0x03);
 608   1              LCD_Write_COM(0x00,0x52); LCD_Write_DATA(0x0b,0x08);
 609   1              LCD_Write_COM(0x00,0x53); LCD_Write_DATA(0x08,0x05);
 610   1              LCD_Write_COM(0x00,0x54); LCD_Write_DATA(0x01,0x01);
 611   1              LCD_Write_COM(0x00,0x55); LCD_Write_DATA(0x0d,0x06);
C51 COMPILER V7.50   S6D0154                                                               02/19/2014 16:34:20 PAGE 11  

 612   1              LCD_Write_COM(0x00,0x56); LCD_Write_DATA(0x0e,0x0a);
 613   1              LCD_Write_COM(0x00,0x57); LCD_Write_DATA(0x01,0x00);
 614   1              LCD_Write_COM(0x00,0x58); LCD_Write_DATA(0x1f,0x0b);
 615   1              LCD_Write_COM(0x00,0x59); LCD_Write_DATA(0x02,0x01);
 616   1              LCD_Write_COM(0x00,0x20); LCD_Write_DATA(0x00,0x00);  //Set RAM Address
 617   1              LCD_Write_COM(0x00,0x21); LCD_Write_DATA(0x00,0x00);  //Set RAM Address
 618   1              LCD_Write_COM(0x00,0x0f); LCD_Write_DATA(0x1f,0x01);  // Start Oscillation
 619   1              delayms(300);//300ms
 620   1              LCD_Write_COM(0x00,0x07); LCD_Write_DATA(0x00,0x16);  // Display Control
 621   1              delayms(200);//200ms
 622   1              LCD_Write_COM(0x00,0x07); LCD_Write_DATA(0x00,0x17);
 623   1              LCD_CS =1;
 624   1      }
 625          


MODULE INFORMATION:   STATIC OVERLAYABLE
   CODE SIZE        =   6843    ----
   CONSTANT SIZE    =  38144    ----
   XDATA SIZE       =   ----    ----
   PDATA SIZE       =     18     104
   DATA SIZE        =   ----    ----
   IDATA SIZE       =   ----    ----
   BIT SIZE         =   ----    ----
END OF MODULE INFORMATION.


C51 COMPILATION COMPLETE.  0 WARNING(S),  0 ERROR(S)
